
 Primary working directories    : /tmp/kbob
 Secondary working directories  : /tmp/kbob
 Wavefunction directory         : /home/kbob/wfu/
 Main file repository           : /tmp/kbob/

 SHA1      : 3480121182f1e6a142ecc57e7c34c53850cce301
 ARCHNAME  : Linux/x86_64
 FC        : /opt/intel/composer_xe_2013_sp1.1.106/bin/intel64/ifort
 FCVERSION : 14.0.1
 BLASLIB   : -Wl,-_start-group /opt/intel/mkl/lib/intel64/libmkl_intel_ilp64.a /opt/intel/mkl/lib/intel64/libmkl_sequential.a /opt/intel/mkl/lib/intel64/libmkl_core.a -Wl,-_end-group
 id        : vladimirkonjkov

 Nodes        nprocs
 kbob-G41MT-S2    1

 Using customized tuning parameters: mindgm=14; mindgv=24; mindgc=8; mindgr=1; noblas=0; minvec=7
 default implementation of scratch files=df  

 ***,Molpro input file for N4
 memory,20,m
 basis=def2-QZVP
 geomtyp=xyz
 geometry={
 4                                                                               ! number of atoms
  N,       0.5200,      0.5300,      0.5100
  N,      -0.5200,     -0.5200,      0.5200
  N,      -0.5200,      0.5200,     -0.5200
  N,       0.5200,     -0.5200,     -0.5200
 }
 hf
 put,molden,N4.molden;

 Variables initialized (774), CPU time= 0.01 sec
 Commands  initialized (547), CPU time= 0.01 sec, 516 directives.
 Default parameters read. Elapsed time= 0.07 sec

 Checking input...
 Passed
1


                                         ***  PROGRAM SYSTEM MOLPRO  ***
                         Copyright, University College Cardiff Consultants Limited, 2008

                                    Version 2012.1 linked Nov 28 2013 13:06:21


 **********************************************************************************************************************************
 LABEL *   Molpro input file for N4                                                      
 Linux-3.13.0-32-generic/kbob-G41MT-S2(x86_64) 64 bit serial version                     DATE: 03-Jun-15          TIME: 18:33:29  
 **********************************************************************************************************************************

 SHA1:             3480121182f1e6a142ecc57e7c34c53850cce301
 **********************************************************************************************************************************

 Variable memory set to   20000000 words,  buffer space   230000 words

 SETTING BASIS          =    DEF2-QZVP
 SETTING GEOMTYP        =    XYZ


 Recomputing integrals since basis changed


 Using spherical harmonics

 Library entry N      S def2-QZVP            selected for orbital group  1
 Library entry N      P def2-QZVP            selected for orbital group  1
 Library entry N      D def2-QZVP            selected for orbital group  1
 Library entry N      F def2-QZVP            selected for orbital group  1
 Library entry N      G def2-QZVP            selected for orbital group  1

1PROGRAM * SEWARD (Integral evaluation for generally contracted gaussian basis sets)     Author: Roland Lindh, 1990

 Geometry written to block  1 of record 700


 Point group  C1  



 ATOMIC COORDINATES

 NR  ATOM    CHARGE       X              Y              Z

   1  N       7.00    0.982657588    1.001554850    0.963760327
   2  N       7.00   -0.982657588   -0.982657588    0.982657588
   3  N       7.00   -0.982657588    0.982657588   -0.982657588
   4  N       7.00    0.982657588   -0.982657588   -0.982657588

 Bond lengths in Bohr (Angstrom)

 1-2  2.792833659  1-3  2.766109823  1-4  2.779503859  2-3  2.779375377  2-4  2.779375377
     ( 1.477903921)     ( 1.463762276)     ( 1.470850094)     ( 1.470782105)     ( 1.470782105)

 3-4  2.779375377
     ( 1.470782105)

 Bond angles

  1-2-3   59.52518216   1-2-4   59.84274029   1-3-2   60.47940524   1-3-4   60.16082772

  1-4-2   60.31907745   1-4-3   59.68296140   2-1-3   59.99541260   2-1-4   59.83818225

  2-3-4   60.00000000   2-4-3   60.00000000   3-1-4   60.15621087   3-2-4   60.00000000

 NUCLEAR CHARGE:                   28
 NUMBER OF PRIMITIVE AOS:         368
 NUMBER OF SYMMETRY AOS:          308
 NUMBER OF CONTRACTIONS:          228   ( 228A   )
 NUMBER OF CORE ORBITALS:           4   (   4A   )
 NUMBER OF VALENCE ORBITALS:       16   (  16A   )


 NUCLEAR REPULSION ENERGY  105.77794010


 Eigenvalues of metric

         1 0.305E-03 0.307E-03 0.310E-03 0.112E-02 0.115E-02 0.117E-02 0.257E-02 0.259E-02


 Contracted 2-electron integrals neglected if value below      1.0D-11
 AO integral compression algorithm  1   Integral accuracy      1.0D-11

     1411.908 MB (compressed) written to integral file ( 44.5%)


 NUMBER OF SORTED TWO-ELECTRON INTEGRALS:  340774671.     BUFFER LENGTH:  32768
 NUMBER OF SEGMENTS:  22  SEGMENT LENGTH:   15999762      RECORD LENGTH: 524288

 Memory used in sort:      16.56 MW

 SORT1 READ   396238651. AND WROTE   294962536. INTEGRALS IN    856 RECORDS. CPU TIME:     8.87 SEC, REAL TIME:    80.66 SEC
 SORT2 READ   294962536. AND WROTE   340774671. INTEGRALS IN   5386 RECORDS. CPU TIME:     9.20 SEC, REAL TIME:    59.88 SEC

 FILE SIZES:   FILE 1:  1421.4 MBYTE,  FILE 4:  3590.4 MBYTE,   TOTAL:   5011.8 MBYTE

 OPERATOR DM      FOR CENTER  0  COORDINATES:    0.000000    0.000000    0.000000


 **********************************************************************************************************************************
 DATASETS  * FILE   NREC   LENGTH (MB)   RECORD NAMES
              1      19     1257.85       500      610      700      900      950      970     1000      129      960     1100   
                                          VAR    BASINP    GEOM    SYMINP    ZMAT    AOBASIS   BASIS     P2S    ABASIS      S 
                                         1400     1410     1200     1210     1080     1600     1650     1300     1700   
                                           T        V       H0       H01     AOSYM     SMH    MOLCAS    ERIS     OPER   

 PROGRAMS   *        TOTAL       INT
 CPU TIMES  *        80.55     80.43
 REAL TIME  *       220.16 SEC
 DISK USED  *         5.01 GB      
 **********************************************************************************************************************************

1PROGRAM * RHF-SCF (CLOSED SHELL)       Authors: W. Meyer, H.-J. Werner


 NUMBER OF ELECTRONS:      14+   14-    SPACE SYMMETRY=1    SPIN SYMMETRY: Singlet 
 CONVERGENCE THRESHOLDS:    1.00E-05 (Density)    1.00E-07 (Energy)
 MAX. NUMBER OF ITERATIONS:       60
 INTERPOLATION TYPE:            DIIS
 INTERPOLATION STEPS:              2 (START)      1 (STEP)
 LEVEL SHIFTS:                  0.00 (CLOSED)  0.00 (OPEN) 



 Orbital guess generated from atomic densities. Full valence occupancy:   14

 Molecular orbital dump at record        2100.2

 ITERATION    DDIFF          GRAD             ENERGY        2-EL.EN.            DIPOLE MOMENTS         DIIS   ORB.
    1      0.000D+00      0.000D+00      -217.51397722    354.956457   -0.00003    0.00257   -0.00253    0    start
    2      0.000D+00      0.647D-02      -217.59237741    364.648837   -0.00005    0.00183   -0.00190    1    diag
    3      0.205D-02      0.278D-02      -217.60797145    361.884678   -0.00004    0.00337   -0.00338    2    diag
    4      0.632D-03      0.235D-03      -217.60837831    361.878154   -0.00005    0.00206   -0.00213    3    diag
    5      0.168D-03      0.740D-04      -217.60843354    361.892534   -0.00001    0.00463   -0.00459    4    diag
    6      0.746D-04      0.200D-04      -217.60843554    361.886282   -0.00008    0.00141   -0.00154    5    diag
    7      0.130D-04      0.122D-04      -217.60843595    361.884242   -0.00003    0.00302   -0.00304    6    diag
    8      0.360D-05      0.736D-06      -217.60843595    361.884415   -0.00005    0.00295   -0.00301    7    diag
    9      0.431D-06      0.141D-06      -217.60843595    361.884380   -0.00003    0.00298   -0.00300    0    orth

 Final occupancy:  14

 !RHF STATE 1.1 Energy               -217.608435950156
 Nuclear energy                       105.77794010
 One-electron energy                 -504.32856625
 Two-electron energy                  180.94219020
 Virial quotient                       -1.00342694
 !RHF STATE 1.1 Dipole moment          -0.00003163     0.00297748    -0.00299749
 Dipole moment /Debye                  -0.00008038     0.00756751    -0.00761837

 Orbital energies:

         1.1          2.1          3.1          4.1          5.1          6.1          7.1          8.1          9.1         10.1
    -15.748880   -15.747971   -15.747959   -15.747927    -1.651830    -1.044032    -1.040664    -1.037346    -0.685821    -0.570183

        11.1         12.1         13.1         14.1         15.1         16.1
     -0.569044    -0.567843    -0.533928    -0.528664     0.155536     0.156544

 HOMO     14.1    -0.528664 =     -14.3857eV
 LUMO     15.1     0.155536 =       4.2324eV
 LUMO-HOMO         0.684200 =      18.6180eV


 **********************************************************************************************************************************
 DATASETS  * FILE   NREC   LENGTH (MB)   RECORD NAMES
              1      19     1257.85       500      610      700      900      950      970     1000      129      960     1100   
                                          VAR    BASINP    GEOM    SYMINP    ZMAT    AOBASIS   BASIS     P2S    ABASIS      S 
                                         1400     1410     1200     1210     1080     1600     1650     1300     1700   
                                           T        V       H0       H01     AOSYM     SMH    MOLCAS    ERIS     OPER   

              2       4        1.42       700     1000      520     2100   
                                         GEOM     BASIS   MCVARS     RHF  

 PROGRAMS   *        TOTAL        HF       INT
 CPU TIMES  *       160.90     80.35     80.43
 REAL TIME  *       421.22 SEC
 DISK USED  *         5.01 GB      
 **********************************************************************************************************************************

 Dump information in style MOLDEN to n4.molden                                                                       

 Molecular orbitals read from record     2100.2  Type=RHF/CANONICAL (state 1.1)
 Occupation numbers read from record     2100.2  Type=RHF/RHF (state 1.1)
 Orbital energies read from record       2100.2  Type=RHF/CANONICAL (state 1.1)
 Redundancy group numbers read from rec  2100.2  Type=RHF/RHF (state 1.1)
 
 DUMP ORBITAL  1.1 AS ORBITAL    1  occ=    2.0000  eig=  -15.7489  GROUP=   2
 DUMP ORBITAL  2.1 AS ORBITAL    2  occ=    2.0000  eig=  -15.7480  GROUP=   2
 DUMP ORBITAL  3.1 AS ORBITAL    3  occ=    2.0000  eig=  -15.7480  GROUP=   2
 DUMP ORBITAL  4.1 AS ORBITAL    4  occ=    2.0000  eig=  -15.7479  GROUP=   2
 DUMP ORBITAL  5.1 AS ORBITAL    5  occ=    2.0000  eig=   -1.6518  GROUP=   2
 DUMP ORBITAL  6.1 AS ORBITAL    6  occ=    2.0000  eig=   -1.0440  GROUP=   2
 DUMP ORBITAL  7.1 AS ORBITAL    7  occ=    2.0000  eig=   -1.0407  GROUP=   2
 DUMP ORBITAL  8.1 AS ORBITAL    8  occ=    2.0000  eig=   -1.0373  GROUP=   2
 DUMP ORBITAL  9.1 AS ORBITAL    9  occ=    2.0000  eig=   -0.6858  GROUP=   2
 DUMP ORBITAL 10.1 AS ORBITAL   10  occ=    2.0000  eig=   -0.5702  GROUP=   2
 DUMP ORBITAL 11.1 AS ORBITAL   11  occ=    2.0000  eig=   -0.5690  GROUP=   2
 DUMP ORBITAL 12.1 AS ORBITAL   12  occ=    2.0000  eig=   -0.5678  GROUP=   2
 DUMP ORBITAL 13.1 AS ORBITAL   13  occ=    2.0000  eig=   -0.5339  GROUP=   2
 DUMP ORBITAL 14.1 AS ORBITAL   14  occ=    2.0000  eig=   -0.5287  GROUP=   2

 Total charge:      28.000000

 **********************************************************************************************************************************

        HF-SCF  
   -217.60843595
 **********************************************************************************************************************************
 Variable memory released
