

     ************************************************************************
     *************** Dalton - An Electronic Structure Program ***************
     ************************************************************************

    This is output from DALTON (Release Dalton2013 patch 0)
   ----------------------------------------------------------------------------
    NOTE:
     
    Dalton is an experimental code for the evaluation of molecular
    properties using (MC)SCF, DFT, CI, and CC wave functions.
    The authors accept no responsibility for the performance of
    the code or for the correctness of the results.
     
    The code (in whole or part) is provided under a licence and
    is not to be reproduced for further distribution without
    the written permission of the authors or their representatives.
     
    See the home page "http://daltonprogram.org" for further information.
     
    If results obtained with this code are published,
    the appropriate citations would be both of:
     
       K. Aidas, C. Angeli, K. L. Bak, V. Bakken, R. Bast,
       L. Boman, O. Christiansen, R. Cimiraglia, S. Coriani,
       P. Dahle, E. K. Dalskov, U. Ekstroem, T. Enevoldsen,
       J. J. Eriksen, P. Ettenhuber, B. Fernandez, L. Ferrighi,
       H. Fliegl, L. Frediani, K. Hald, A. Halkier, C. Haettig,
       H. Heiberg, T. Helgaker, A. C. Hennum, H. Hettema,
       E. Hjertenaes, S. Hoest, I.-M. Hoeyvik, M. F. Iozzi,
       B. Jansik, H. J. Aa. Jensen, D. Jonsson, P. Joergensen,
       J. Kauczor, S. Kirpekar, T. Kjaergaard, W. Klopper,
       S. Knecht, R. Kobayashi, H. Koch, J. Kongsted, A. Krapp,
       K. Kristensen, A. Ligabue, O. B. Lutnaes, J. I. Melo,
       K. V. Mikkelsen, R. H. Myhre, C. Neiss, C. B. Nielsen,
       P. Norman, J. Olsen, J. M. H. Olsen, A. Osted,
       M. J. Packer, F. Pawlowski, T. B. Pedersen, P. F. Provasi,
       S. Reine, Z. Rinkevicius, T. A. Ruden, K. Ruud, V. Rybkin,
       P. Salek, C. C. M. Samson, A. Sanchez de Meras, T. Saue,
       S. P. A. Sauer, B. Schimmelpfennig, K. Sneskov,
       A. H. Steindal, K. O. Sylvester-Hvid, P. R. Taylor,
       A. M. Teale, E. I. Tellgren, D. P. Tew, A. J. Thorvaldsen,
       L. Thoegersen, O. Vahtras, M. A. Watson, D. J. D. Wilson,
       M. Ziolkowski and H. Aagren,
       "The Dalton quantum chemistry program system",
       WIREs Comput. Mol. Sci. 2013. (doi: 10.1002/wcms.1172)
    
    and
    
       Dalton, a Molecular Electronic Structure Program,
       Release DALTON2013.0 (2013), see http://daltonprogram.org
   ----------------------------------------------------------------------------

    Authors in alphabetical order (major contribution(s) in parenthesis):

  Kestutis Aidas,           Vilnius University,           Lithuania   (QM/MM)
  Celestino Angeli,         University of Ferrara,        Italy       (NEVPT2)
  Keld L. Bak,              UNI-C,                        Denmark     (AOSOPPA, non-adiabatic coupling, magnetic properties)
  Vebjoern Bakken,          University of Oslo,           Norway      (DALTON; geometry optimizer, symmetry detection)
  Radovan Bast,             KTH Stockholm,                Sweden      (DALTON installation and execution frameworks)
  Linus Boman,              NTNU,                         Norway      (Cholesky decomposition and subsystems)
  Ove Christiansen,         Aarhus University,            Denmark     (CC module)
  Renzo Cimiraglia,         University of Ferrara,        Italy       (NEVPT2)
  Sonia Coriani,            University of Trieste,        Italy       (CC module, MCD in RESPONS)
  Paal Dahle,               University of Oslo,           Norway      (Parallelization)
  Erik K. Dalskov,          UNI-C,                        Denmark     (SOPPA)
  Thomas Enevoldsen,        Univ. of Southern Denmark,    Denmark     (SOPPA)
  Janus J. Eriksen,         Aarhus University,            Denmark     (PE-MP2/SOPPA, TDA)
  Berta Fernandez,          U. of Santiago de Compostela, Spain       (doublet spin, ESR in RESPONS)
  Lara Ferrighi,            Aarhus University,            Denmark     (PCM Cubic response)
  Heike Fliegl,             University of Oslo,           Norway      (CCSD(R12))
  Luca Frediani,            UiT The Arctic U. of Norway,  Norway      (PCM)
  Bin Gao,                  UiT The Arctic U. of Norway,  Norway      (Gen1Int library)
  Christof Haettig,         Ruhr-University Bochum,       Germany     (CC module)
  Kasper Hald,              Aarhus University,            Denmark     (CC module)
  Asger Halkier,            Aarhus University,            Denmark     (CC module)
  Hanne Heiberg,            University of Oslo,           Norway      (geometry analysis, selected one-electron integrals)
  Trygve Helgaker,          University of Oslo,           Norway      (DALTON; ABACUS, ERI, DFT modules, London, and much more)
  Alf Christian Hennum,     University of Oslo,           Norway      (Parity violation)
  Hinne Hettema,            University of Auckland,       New Zealand (quadratic response in RESPONS; SIRIUS supersymmetry)
  Eirik Hjertenaes,         NTNU,                         Norway      (Cholesky decomposition)
  Maria Francesca Iozzi,    University of Oslo,           Norway      (RPA)
  Brano Jansik              Technical Univ. of Ostrava    Czech Rep.  (DFT cubic response)
  Hans Joergen Aa. Jensen,  Univ. of Southern Denmark,    Denmark     (DALTON; SIRIUS, RESPONS, ABACUS modules, London, and much more)
  Dan Jonsson,              UiT The Arctic U. of Norway,  Norway      (cubic response in RESPONS module)
  Poul Joergensen,          Aarhus University,            Denmark     (RESPONS, ABACUS, and CC modules)
  Joanna Kauczor,           Linkoeping University,        Sweden      (Complex polarization propagator (CPP) module)
  Sheela Kirpekar,          Univ. of Southern Denmark,    Denmark     (Mass-velocity & Darwin integrals)
  Wim Klopper,              KIT Karlsruhe,                Germany     (R12 code in CC, SIRIUS, and ABACUS modules)
  Stefan Knecht,            ETH Zurich,                   Switzerland (Parallel CI and MCSCF)
  Rika Kobayashi,           Australian National Univ.,    Australia   (DIIS in CC, London in MCSCF)
  Henrik Koch,              NTNU,                         Norway      (CC module, Cholesky decomposition)
  Jacob Kongsted,           Univ. of Southern Denmark,    Denmark     (Polarizable embedding, QM/MM)
  Andrea Ligabue,           University of Modena,         Italy       (CTOCD, AOSOPPA)
  Ola B. Lutnaes,           University of Oslo,           Norway      (DFT Hessian)
  Juan I. Melo,             University of Buenos Aires,   Argentina   (LRESC, Relativistic Effects on NMR Shieldings)
  Kurt V. Mikkelsen,        University of Copenhagen,     Denmark     (MC-SCRF and QM/MM)
  Rolf H. Myhre,            NTNU,                         Norway      (Cholesky, subsystems and ECC2)
  Christian Neiss,          Univ. Erlangen-Nuernberg,     Germany     (CCSD(R12))
  Christian B. Nielsen,     University of Copenhagen,     Denmark     (QM/MM)
  Patrick Norman,           Linkoeping University,        Sweden      (Cubic response and complex response in RESPONS)
  Jeppe Olsen,              Aarhus University,            Denmark     (SIRIUS CI/density modules)
  Jogvan Magnus H. Olsen,   Univ. of Southern Denmark,    Denmark     (Polarizable embedding, PE library, QM/MM)
  Anders Osted,             Copenhagen University,        Denmark     (QM/MM)
  Martin J. Packer,         University of Sheffield,      UK          (SOPPA)
  Filip Pawlowski,          Kazimierz Wielki University,  Poland      (CC3)
  Thomas B. Pedersen,       University of Oslo,           Norway      (Cholesky decomposition)
  Patricio F. Provasi,      University of Northeastern,   Argentina   (Analysis of coupling constants in localized orbitals)
  Zilvinas Rinkevicius,     KTH Stockholm,                Sweden      (open-shell DFT, ESR)
  Elias Rudberg,            KTH Stockholm,                Sweden      (DFT grid and basis info)
  Torgeir A. Ruden,         University of Oslo,           Norway      (Numerical derivatives in ABACUS)
  Kenneth Ruud,             UiT The Arctic U. of Norway,  Norway      (DALTON; ABACUS magnetic properties and  much more)
  Pawel Salek,              KTH Stockholm,                Sweden      (DALTON; DFT code)
  Claire C. M. Samson       University of Karlsruhe       Germany     (Boys localization, r12 integrals in ERI)
  Alfredo Sanchez de Meras, University of Valencia,       Spain       (CC module, Cholesky decomposition)
  Trond Saue,               Paul Sabatier University,     France      (direct Fock matrix construction)
  Stephan P. A. Sauer,      University of Copenhagen,     Denmark     (SOPPA(CCSD), SOPPA prop., AOSOPPA, vibrational g-factors)
  Bernd Schimmelpfennig,    Forschungszentrum Karlsruhe,  Germany     (AMFI module)
  Kristian Sneskov,         Aarhus University,            Denmark     (QM/MM, PE-CC)
  Arnfinn H. Steindal,      UiT The Arctic U. of Norway,  Norway      (parallel QM/MM)
  K. O. Sylvester-Hvid,     University of Copenhagen,     Denmark     (MC-SCRF)
  Peter R. Taylor,          VLSCI/Univ. of Melbourne,     Australia   (Symmetry handling ABACUS, integral transformation)
  Andrew M. Teale,          University of Nottingham,     England     (DFT-AC, DFT-D)
  David P. Tew,             University of Bristol,        England     (CCSD(R12))
  Olav Vahtras,             KTH Stockholm,                Sweden      (triplet response, spin-orbit, ESR, TDDFT, open-shell DFT)
  David J. Wilson,          La Trobe University,          Australia   (DFT Hessian and DFT magnetizabilities)
  Hans Agren,               KTH Stockholm,                Sweden      (SIRIUS module, RESPONS, MC-SCRF solvation model)
 --------------------------------------------------------------------------------

     Date and time (Linux)  : Tue Jun  2 16:03:28 2015
     Host name              : kbob-G41MT-S2                           

 * Work memory size             :    64000000 =  488.28 megabytes.

 * Directories for basis set searches:
   1) /home/kbob/git/molden2qmc/test/N4/DALTON/QZVP
   2) /opt/DALTON-2013.0-Source/build/basis


Compilation information
-----------------------

 Who compiled             | kbob
 Host                     | kbob-G41MT-S2
 System                   | Linux-3.8.0-31-generic
 CMake generator          | Unix Makefiles
 Processor                | x86_64
 64-bit integers          | OFF
 MPI                      | ON
 Fortran compiler         | /usr/bin/mpif90
 Fortran compiler version | GNU Fortran (Ubuntu/Linaro 4.7.3-1ubuntu1) 4.7.3
 C compiler               | /usr/bin/mpicc
 C compiler version       | gcc (Ubuntu/Linaro 4.7.3-1ubuntu1) 4.7.3
 C++ compiler             | /usr/bin/mpicxx
 C++ compiler version     | unknown
 BLAS                     | /usr/lib/atlas-base/libf77blas.so;/usr/lib/atlas-b
                          | ase/libcblas.so;/usr/lib/atlas-base/libatlas.so
 LAPACK                   | /usr/lib/atlas-base/libatlas.so;/usr/lib/atlas-bas
                          | e/atlas/liblapack.so
 Static linking           | OFF
 Last Git revision        | 575a5cf6d2c5c3776735f11fa026dbfca0382455
 Configuration time       | 2013-11-24 20:48:58.598358

 * Sequential calculation using 1 CPU


   Content of the .dal input file
 ----------------------------------

**DALTON INPUT                                    
.RUN WAVE FUNCTIONS                               
**WAVE FUNCTIONS                                  
.HF                                               
*END OF INPUT                                     
                                                  


   Content of the .mol file
 ----------------------------

BASIS                                                                          
def2_qzvp                                                                      
N4 molecule                                                                    
---------------------------                                                    
Atomtypes=1 Charge=0 Angstrom                                                  
Atoms=4 Charge=7                                                               
N       0.5200      0.5300      0.5100                                         
N      -0.5200     -0.5200      0.5200                                         
N      -0.5200      0.5200     -0.5200                                         
N       0.5200     -0.5200     -0.5200                                         


       *******************************************************************
       *********** Output from DALTON general input processing ***********
       *******************************************************************

 --------------------------------------------------------------------------------
   Overall default print level:    0
   Print level for DALTON.STAT:    1

    HERMIT 1- and 2-electron integral sections will be executed
    "Old" integral transformation used (limited to max 255 basis functions)
    Wave function sections will be executed (SIRIUS module)
 --------------------------------------------------------------------------------


   ****************************************************************************
   *************** Output of molecule and basis set information ***************
   ****************************************************************************


    The two title cards from your ".mol" input:
    ------------------------------------------------------------------------
 1: N4 molecule                                                             
 2: ---------------------------                                             
    ------------------------------------------------------------------------

  Coordinates are entered in Angstrom and converted to atomic units.
          - Conversion factor : 1 bohr = 0.52917721 A

  Atomic type no.    1
  --------------------
  Nuclear charge:   7.00000
  Number of symmetry independent centers:    4
  Number of basis sets to read;    2
  Basis set file used for this atomic type with Z =   7 :
     "/opt/DALTON-2013.0-Source/build/basis/def2_qzvp"

  Info about the basis set file: your basis has no documentation.
  Basis set: def2_qzvp                                                                       


                      SYMADD: Requested addition of symmetry
                      --------------------------------------

 Symmetry test threshold:  5.00E-06

 - molecule centered at center of mass and rotated so
   principal axes of inertia are along coordinate axes.

 Symmetry class found: C(1)           

 Symmetry Independent Centres             
 ----------------------------
       7 :     -0.58082265    -0.80233656    -1.37739754  Isotope  1
       7 :      0.40472368     1.60467312    -0.39763722  Isotope  1
       7 :     -1.21417104     0.00000000     1.19291165  Isotope  1
       7 :      1.39027001    -0.80233656     0.58212311  Isotope  1

 No symmetry elements were found.


                         SYMGRP: Point group information
                         -------------------------------

Full point group is: C(1)           
Represented as:      C1 


                                 Isotopic Masses
                                 ---------------

                           N          14.003074
                           N          14.003074
                           N          14.003074
                           N          14.003074

                       Total mass:    56.012296 amu
                       Natural abundance:  98.528 %

 Center-of-mass coordinates (a.u.):   -0.000000    0.000000   -0.000000


  Atoms and basis sets
  --------------------

  Number of atom types :    1
  Total number of atoms:    4

  Basis set used is "def2_qzvp" from the basis set library.

  label    atoms   charge   prim   cont     basis
  ----------------------------------------------------------------------
  N           4    7.0000    77    57      [15s8p3d2f1g|7s4p3d2f1g]                           
  ----------------------------------------------------------------------
  total:      4   28.0000   308   228
  ----------------------------------------------------------------------
  Spherical harmonic basis used.

  Threshold for neglecting AO integrals:  1.00D-12


  Cartesian Coordinates (a.u.)
  ----------------------------

  Total number of coordinates:   12
  N       :     1  x  -1.2141710420    2  y   0.0000000000    3  z   1.1929116538
  N       :     4  x   1.3902700099    5  y  -0.8023365584    6  z   0.5821231056
  N       :     7  x  -0.5808226486    8  y  -0.8023365584    9  z  -1.3773975415
  N       :    10  x   0.4047236807   11  y   1.6046731167   12  z  -0.3976372179


   Interatomic separations (in Angstrom):
   --------------------------------------

            N           N           N           N     
            ------      ------      ------      ------
 N     :    0.000000
 N     :    1.477904    0.000000
 N     :    1.463762    1.470782    0.000000
 N     :    1.470850    1.470782    1.470782    0.000000


  Max    interatomic separation is    1.4779 Angstrom (    2.7928 Bohr)
  between atoms    2 and    1, "N     " and "N     ".

  Min YX interatomic separation is    1.4638 Angstrom (    2.7661 Bohr)


  Bond distances (Angstrom):
  --------------------------

                  atom 1     atom 2       distance
                  ------     ------       --------
  bond distance:  N          N            1.477904
  bond distance:  N          N            1.463762
  bond distance:  N          N            1.470782
  bond distance:  N          N            1.470850
  bond distance:  N          N            1.470782
  bond distance:  N          N            1.470782


  Bond angles (degrees):
  ----------------------

                  atom 1     atom 2     atom 3         angle
                  ------     ------     ------         -----
  bond angle:     N          N          N             59.995
  bond angle:     N          N          N             59.838
  bond angle:     N          N          N             60.156
  bond angle:     N          N          N             59.525
  bond angle:     N          N          N             59.843
  bond angle:     N          N          N             60.000
  bond angle:     N          N          N             60.479
  bond angle:     N          N          N             60.161
  bond angle:     N          N          N             60.000
  bond angle:     N          N          N             60.319
  bond angle:     N          N          N             59.683
  bond angle:     N          N          N             60.000




 Principal moments of inertia (u*A**2) and principal axes
 --------------------------------------------------------

   IA      30.114135          1.000000   -0.000000   -0.000000
   IB      30.293550          0.000000    1.000000    0.000000
   IC      30.470865          0.000000   -0.000000    1.000000


 Rotational constants
 --------------------

               A                   B                   C

          16782.1194          16682.7263          16585.6468 MHz
            0.559791            0.556476            0.553238 cm-1


@  Nuclear repulsion energy :  105.777940462098 Hartree


                     .---------------------------------------.
                     | Starting in Integral Section (HERMIT) |
                     `---------------------------------------'



    *************************************************************************
    ****************** Output from HERMIT input processing ******************
    *************************************************************************



     ************************************************************************
     ************************** Output from HERINT **************************
     ************************************************************************

 >>>  Time used in ONEDRV     is   0.12 seconds

 Threshold for neglecting two-electron integrals:  1.00D-12
 Number of two-electron integrals written:   324630185 ( 95.3% )
 Megabytes written:                           3717.166

 >>>  Time used in TWOINT     is  4 minutes  3 seconds
 >>>> Total CPU  time used in HERMIT:  4 minutes  4 seconds
 >>>> Total wall time used in HERMIT:  4 minutes 11 seconds


                        .----------------------------------.
                        | End of Integral Section (HERMIT) |
                        `----------------------------------'



                   .--------------------------------------------.
                   | Starting in Wave Function Section (SIRIUS) |
                   `--------------------------------------------'


 *** Output from Huckel module :

     Using EWMO model:          T
     Using EHT  model:          F
     Number of Huckel orbitals each symmetry:   20

 EWMO - Energy Weighted Maximum Overlap - is a Huckel type method,
        which normally is better than Extended Huckel Theory.
 Reference: Linderberg and Ohrn, Propagators in Quantum Chemistry (Wiley, 1973)

 Huckel EWMO eigenvalues for symmetry :  1
          -15.676242     -15.670308     -15.670276     -15.670244      -2.063567
           -1.039702      -1.037311      -1.034948      -0.547278      -0.546205
           -0.545222      -0.541058      -0.514209      -0.510696      -0.283486
           -0.282728      -0.282037      -0.237807      -0.236447      -0.235029

 **********************************************************************
 *SIRIUS* a direct, restricted step, second order MCSCF program       *
 **********************************************************************

 
     Date and time (Linux)  : Tue Jun  2 16:07:42 2015
     Host name              : kbob-G41MT-S2                           

 Title lines from ".mol" input file:
     N4 molecule                                                             
     ---------------------------                                             

 Print level on unit LUPRI =   2 is   0
 Print level on unit LUW4  =   2 is   5

@    Restricted, closed shell Hartree-Fock calculation.

 Initial molecular orbitals are obtained according to
 ".MOSTART EWMO  " input option

     Wave function specification
     ============================
@    For the wave function of type :      >>> HF <<<
@    Number of closed shell electrons          28
@    Number of electrons in active shells       0
@    Total charge of the molecule               0

@    Spin multiplicity and 2 M_S                1         0
     Total number of symmetries                 1
@    Reference state symmetry                   1

     Orbital specifications
     ======================
     Abelian symmetry species          All |    1
                                       --- |  ---
@    Occupied SCF orbitals              14 |   14
     Secondary orbitals                214 |  214
     Total number of orbitals          228 |  228
     Number of basis functions         228 |  228

     Optimization information
     ========================
@    Number of configurations                 1
@    Number of orbital rotations           2996
     ------------------------------------------
@    Total number of variables             2997

     Maximum number of Fock   iterations      0
     Maximum number of DIIS   iterations     60
     Maximum number of QC-SCF iterations     60
     Threshold for SCF convergence     1.00D-05


 >>>>> DIIS optimization of Hartree-Fock <<<<<

 C1-DIIS algorithm; max error vectors =    5

 Iter      Total energy        Error norm    Delta(E)  DIIS dim.
 -----------------------------------------------------------------------------
     (Precalculated two-electron integrals are transformed to P-supermatrix elements.
      Threshold for discarding integrals :  1.00D-12 )
 >>>  Time used in FORMSUP    is  1 minute  12 seconds
@  1    -216.770973893        4.38542D+00   -2.17D+02    1
      Virial theorem: -V/T =      2.009157
@      MULPOP N       0.00; N      -0.00; N       0.00; N      -0.00; 
 -----------------------------------------------------------------------------
@  2    -217.498050586        1.72227D+00   -7.27D-01    2
      Virial theorem: -V/T =      1.993966
@      MULPOP N      -0.00; N       0.01; N      -0.01; N       0.00; 
 -----------------------------------------------------------------------------
@  3    -217.605326851        1.77615D-01   -1.07D-01    3
      Virial theorem: -V/T =      2.004412
@      MULPOP N       0.00; N      -0.01; N       0.01; N      -0.00; 
 -----------------------------------------------------------------------------
@  4    -217.608183782        4.84567D-02   -2.86D-03    4
      Virial theorem: -V/T =      2.003201
@      MULPOP N      -0.00; N       0.00; N      -0.00; N       0.00; 
 -----------------------------------------------------------------------------
@  5    -217.608403799        1.76058D-02   -2.20D-04    5
      Virial theorem: -V/T =      2.003402
@      MULPOP N       0.00; N      -0.01; N       0.01; N      -0.00; 
 -----------------------------------------------------------------------------
@  6    -217.608427758        8.81187D-03   -2.40D-05    5
      Virial theorem: -V/T =      2.003409
@      MULPOP N      -0.00; N       0.00; N      -0.00; N       0.00; 
 -----------------------------------------------------------------------------
@  7    -217.608435309        1.86962D-03   -7.55D-06    5
      Virial theorem: -V/T =      2.003415
@      MULPOP N       0.00; N      -0.00; N       0.00; N      -0.00; 
 -----------------------------------------------------------------------------
@  8    -217.608435925        4.20313D-04   -6.16D-07    5
      Virial theorem: -V/T =      2.003426
@      MULPOP N      -0.00; N      -0.00; N       0.00; N       0.00; 
 -----------------------------------------------------------------------------
@  9    -217.608435953        1.84349D-04   -2.76D-08    5
      Virial theorem: -V/T =      2.003427
@      MULPOP N       0.00; N      -0.00; N       0.00; N      -0.00; 
 -----------------------------------------------------------------------------
@ 10    -217.608435955        6.73189D-05   -1.96D-09    5
      Virial theorem: -V/T =      2.003427
@      MULPOP N      -0.00; N      -0.00; N       0.00; N      -0.00; 
 -----------------------------------------------------------------------------
@ 11    -217.608435955        7.10798D-06   -2.86D-10    5

@ *** DIIS converged in  11 iterations !
@     Converged SCF energy, gradient:   -217.608435955024    7.11D-06
    - total time used in SIRFCK :              0.00 seconds


 *** SCF orbital energy analysis ***

 Only the five lowest virtual orbital energies printed in each symmetry.

 Number of electrons :   28
 Orbital occupations :   14

 Sym       Hartree-Fock orbital energies

  1    -15.74888062   -15.74797171   -15.74795672   -15.74792921    -1.65183021
        -1.04403188    -1.04066444    -1.03734631    -0.68582088    -0.57018345
        -0.56904449    -0.56784342    -0.53392804    -0.52866384     0.15553647
         0.15654344     0.15742424     0.18553639     0.18721813

    E(LUMO) :     0.15553647 au (symmetry 1)
  - E(HOMO) :    -0.52866384 au (symmetry 1)
  ------------------------------------------
    gap     :     0.68420031 au

 >>> Writing SIRIFC interface file <<<

 >>>> CPU and wall time for SCF :     214.287    1357.684


                       .-----------------------------------.
                       | >>> Final results from SIRIUS <<< |
                       `-----------------------------------'


@    Spin multiplicity:           1
@    Spatial symmetry:            1
@    Total charge of molecule:    0

@    Final HF energy:            -217.608435955024                 
@    Nuclear repulsion:           105.777940462098
@    Electronic energy:          -323.386376417121

@    Final gradient norm:           0.000007107982

 
     Date and time (Linux)  : Tue Jun  2 16:30:20 2015
     Host name              : kbob-G41MT-S2                           

 (Only coefficients >0.0100 are printed.)

 Molecular orbitals for symmetry species  1
 ------------------------------------------

    Orbital        10       11       12       13       14       15       16
   1 N   :1s    -0.0273   0.0291   0.0267  -0.0006   0.0005   0.0301  -0.0017
   3 N   :1s    -0.0353   0.0375   0.0345  -0.0008   0.0007   0.0434  -0.0025
   4 N   :1s    -0.0182   0.0194   0.0179  -0.0005   0.0004   0.0052  -0.0003
   5 N   :1s     0.0782  -0.0833  -0.0766   0.0019  -0.0017   0.0011  -0.0001
   6 N   :1s     0.1479  -0.1572  -0.1441   0.0034  -0.0029  -0.0878   0.0048
   7 N   :1s     0.0781  -0.0829  -0.0759   0.0009  -0.0006  -4.0609   0.2342
   8 N   :2px    0.0058  -0.0771  -0.1382   0.0833  -0.0854   0.0604   0.0002
   9 N   :2py    0.0555   0.1081  -0.0606   0.1169   0.1192  -0.0050  -0.0181
  10 N   :2pz   -0.1426   0.0790   0.0035   0.0813  -0.0839  -0.0263   0.0050
  11 N   :2px   -0.0029   0.0780   0.1427  -0.0883   0.0905  -0.0484  -0.0009
  12 N   :2py   -0.0585  -0.1140   0.0640  -0.1240  -0.1265   0.0074   0.0544
  13 N   :2pz    0.1471  -0.0800  -0.0006  -0.0864   0.0891  -0.0209  -0.0023
  14 N   :2px   -0.0168   0.0855   0.1428  -0.0876   0.0905  -1.0518   0.0611
  15 N   :2py   -0.0527  -0.1027   0.0576  -0.1221  -0.1256   0.0229   0.3718
  16 N   :2pz    0.1463  -0.0870  -0.0145  -0.0844   0.0879   0.6761  -0.0383
  17 N   :2px   -0.0163   0.0343   0.0478  -0.0294   0.0308  -1.2588   0.0647
  18 N   :2py   -0.0132  -0.0259   0.0146  -0.0409  -0.0426   0.0489   0.6471
  19 N   :2pz    0.0488  -0.0347  -0.0154  -0.0281   0.0297   0.5741  -0.0410
  25 N   :3d2-  -0.0037  -0.0101   0.0076  -0.0009  -0.0142  -0.0064  -0.0093
  26 N   :3d1-   0.0070   0.0107  -0.0039   0.0141   0.0008  -0.0050   0.0096
  27 N   :3d0   -0.0126  -0.0005  -0.0101   0.0132  -0.0052  -0.0058   0.0051
  29 N   :3d2+   0.0044  -0.0011   0.0083   0.0018   0.0123   0.0102   0.0080
  30 N   :3d2-  -0.0037  -0.0106   0.0082  -0.0030  -0.0186   0.0317   0.1223
  31 N   :3d1-   0.0076   0.0113  -0.0039   0.0183   0.0032   0.0192  -0.1236
  32 N   :3d0   -0.0151   0.0011  -0.0089   0.0176  -0.0086   0.0177  -0.0278
  33 N   :3d1+   0.0071  -0.0101  -0.0068   0.0056   0.0053   0.2878  -0.0448
  34 N   :3d2+   0.0014   0.0018   0.0119   0.0006   0.0160  -0.2077  -0.0290
  43 N   :4f2-   0.0029   0.0034  -0.0029   0.0017   0.0016   0.0043  -0.0148
  45 N   :4f0    0.0037   0.0011   0.0023  -0.0044  -0.0017  -0.0127   0.0030
  47 N   :4f2+  -0.0013   0.0005  -0.0012  -0.0002  -0.0014   0.0217  -0.0008
  48 N   :4f3+   0.0011  -0.0011   0.0020   0.0022   0.0037  -0.0119  -0.0011
  58 N   :1s     0.0464   0.0090   0.0090   0.0004   0.0003  -0.0343  -0.0174
  60 N   :1s     0.0600   0.0117   0.0116   0.0005   0.0004  -0.0495  -0.0251
  61 N   :1s     0.0311   0.0061   0.0060   0.0002   0.0002  -0.0059  -0.0029
  62 N   :1s    -0.1332  -0.0259  -0.0259  -0.0011  -0.0010  -0.0012  -0.0013
  63 N   :1s    -0.2511  -0.0487  -0.0486  -0.0019  -0.0017   0.1029   0.0533
  64 N   :1s    -0.1325  -0.0258  -0.0255  -0.0016  -0.0001   4.6270   2.3771
  65 N   :2px    0.1274   0.1013   0.0338  -0.0771   0.0619   0.0687   0.0237
  66 N   :2py   -0.0859   0.0774  -0.0863  -0.1505  -0.0098  -0.0256  -0.0304
  67 N   :2pz    0.0931  -0.0375  -0.0995  -0.0185  -0.1580   0.0084   0.0059
  68 N   :2px   -0.1282  -0.1056  -0.0345   0.0818  -0.0656  -0.0425   0.0102
  69 N   :2py    0.0870  -0.0822   0.0903   0.1597   0.0103  -0.0085   0.0481
  70 N   :2pz   -0.0955   0.0400   0.1054   0.0196   0.1676   0.0193   0.0077
  71 N   :2px   -0.1431  -0.1003  -0.0367   0.0807  -0.0656  -1.2580  -0.4347
  72 N   :2py    0.0941  -0.0708   0.0845   0.1573   0.0105   0.5320   0.6325
  73 N   :2pz   -0.0975   0.0339   0.0929   0.0193   0.1660  -0.3581  -0.1879
  74 N   :2px   -0.0592  -0.0295  -0.0138   0.0267  -0.0223  -1.4311  -0.3656
  75 N   :2py    0.0370  -0.0150   0.0239   0.0526   0.0036   0.4796   0.8744
  76 N   :2pz   -0.0344   0.0066   0.0216   0.0064   0.0563  -0.2762  -0.1537
  83 N   :3d1-  -0.0036   0.0068   0.0065  -0.0112  -0.0017  -0.0002   0.0103
  85 N   :3d1+   0.0042  -0.0005  -0.0100  -0.0039  -0.0168  -0.0007   0.0010
  86 N   :3d2+  -0.0002   0.0134  -0.0046  -0.0134   0.0093  -0.0126   0.0076
  87 N   :3d2-  -0.0100   0.0060  -0.0114  -0.0033  -0.0064  -0.2462  -0.1849
  88 N   :3d1-  -0.0071   0.0065   0.0066  -0.0140  -0.0003  -0.0636  -0.1196
  89 N   :3d0   -0.0018  -0.0085  -0.0104  -0.0114  -0.0063  -0.1337  -0.1113
  90 N   :3d1+   0.0101   0.0007  -0.0092  -0.0055  -0.0221   0.1516   0.0499
  91 N   :3d2+   0.0044   0.0148  -0.0040  -0.0187   0.0121   0.2280  -0.0511
  99 N   :4f3-  -0.0003  -0.0006   0.0017  -0.0034   0.0030   0.0236   0.0101
 100 N   :4f2-   0.0006  -0.0024  -0.0025   0.0024   0.0004   0.0107   0.0114
 101 N   :4f1-  -0.0003  -0.0012  -0.0037  -0.0003   0.0020  -0.0106  -0.0073
 102 N   :4f0    0.0005   0.0007  -0.0014   0.0031  -0.0026   0.0130   0.0083
 105 N   :4f3+  -0.0003  -0.0050   0.0031   0.0014  -0.0025  -0.0099   0.0121
 115 N   :1s    -0.0090   0.0076  -0.0463  -0.0003  -0.0004   0.0120  -0.0203
 117 N   :1s    -0.0116   0.0098  -0.0599  -0.0004  -0.0005   0.0174  -0.0294
 118 N   :1s    -0.0060   0.0051  -0.0310  -0.0003  -0.0002   0.0021  -0.0032
 119 N   :1s     0.0257  -0.0217   0.1328   0.0011   0.0010   0.0004  -0.0027
 120 N   :1s     0.0489  -0.0412   0.2507   0.0019   0.0018  -0.0336   0.0654
 121 N   :1s     0.0259  -0.0215   0.1320   0.0002   0.0016  -1.6220   2.8065
 122 N   :2px   -0.1033   0.0414   0.0891   0.1535   0.0201   0.0183  -0.0155
 123 N   :2py    0.0861   0.0861   0.0875  -0.0114  -0.1437   0.0091  -0.0337
 124 N   :2pz    0.0357  -0.1043   0.1290  -0.0564   0.0771   0.0167  -0.0238
 125 N   :2px    0.1095  -0.0441  -0.0915  -0.1629  -0.0214  -0.0446   0.0023
 126 N   :2py   -0.0901  -0.0914  -0.0887   0.0122   0.1525   0.0059   0.0484
 127 N   :2pz   -0.0364   0.1090  -0.1299   0.0600  -0.0818   0.0064  -0.0133
 128 N   :2px    0.0962  -0.0377  -0.0942  -0.1608  -0.0212  -0.4960   0.2507
 129 N   :2py   -0.0842  -0.0798  -0.0963   0.0117   0.1514  -0.1601   0.6859
 130 N   :2pz   -0.0380   0.1028  -0.1449   0.0585  -0.0811  -0.2994   0.5359
 131 N   :2px    0.0222  -0.0079  -0.0336  -0.0538  -0.0073  -0.7356   0.2470
 132 N   :2py   -0.0238  -0.0180  -0.0381   0.0039   0.0514  -0.1228   0.9193
 133 N   :2pz   -0.0141   0.0300  -0.0602   0.0196  -0.0278  -0.2566   0.4600
 139 N   :3d2-   0.0067  -0.0070  -0.0036   0.0021   0.0110  -0.0015  -0.0103
 141 N   :3d0   -0.0010   0.0160   0.0009   0.0092  -0.0060  -0.0047   0.0018
 142 N   :3d1+   0.0105  -0.0009  -0.0037  -0.0169  -0.0037   0.0160  -0.0005
 143 N   :3d2+   0.0102   0.0015  -0.0014   0.0021  -0.0149   0.0003   0.0119
 144 N   :3d2-   0.0067  -0.0068  -0.0072   0.0007   0.0137  -0.0623   0.1295
 145 N   :3d1-  -0.0114  -0.0063  -0.0100   0.0062   0.0027  -0.0390   0.2051
 146 N   :3d0   -0.0020   0.0179  -0.0048   0.0124  -0.0097   0.0095   0.0282
 147 N   :3d1+   0.0098   0.0001  -0.0095  -0.0221  -0.0054  -0.2051   0.0706
 148 N   :3d2+   0.0110   0.0011  -0.0004   0.0009  -0.0192  -0.0342  -0.1206
 157 N   :4f2-   0.0026  -0.0024  -0.0005   0.0005   0.0023  -0.0117   0.0129
 158 N   :4f1-  -0.0025  -0.0001   0.0003   0.0023  -0.0033  -0.0009   0.0134
 160 N   :4f1+   0.0020   0.0018   0.0007  -0.0050  -0.0006  -0.0124   0.0016
 162 N   :4f3+  -0.0002   0.0007   0.0011  -0.0006  -0.0044   0.0030  -0.0112
 172 N   :1s    -0.0099  -0.0457   0.0108   0.0007  -0.0006  -0.0077   0.0394
 174 N   :1s    -0.0129  -0.0590   0.0140   0.0009  -0.0007  -0.0111   0.0570
 175 N   :1s    -0.0067  -0.0306   0.0072   0.0005  -0.0004  -0.0013   0.0063
 176 N   :1s     0.0285   0.1310  -0.0311  -0.0020   0.0017  -0.0008   0.0040
 177 N   :1s     0.0538   0.2470  -0.0585  -0.0035   0.0029   0.0257  -0.1240
 178 N   :1s     0.0286   0.1302  -0.0306  -0.0024   0.0021   1.0517  -5.4175
 179 N   :2px   -0.1349  -0.0179   0.0035  -0.1635   0.0039   0.0166  -0.0177
 180 N   :2py   -0.0048  -0.1773   0.0087   0.0429   0.0364   0.0116  -0.0767
 181 N   :2pz    0.0014   0.0089  -0.1408  -0.0057   0.1611  -0.0031   0.0129
 182 N   :2px    0.1418   0.0172  -0.0033   0.1735  -0.0042  -0.0483  -0.0011
 183 N   :2py    0.0036   0.1799  -0.0075  -0.0454  -0.0386   0.0063   0.0294
 184 N   :2pz   -0.0010  -0.0076   0.1481   0.0060  -0.1710   0.0001   0.0079
 185 N   :2px    0.1290   0.0236  -0.0050   0.1710  -0.0041  -0.4241   0.3295
 186 N   :2py    0.0099   0.1937  -0.0145  -0.0450  -0.0382  -0.2141   1.5741
 187 N   :2pz   -0.0026  -0.0145   0.1357   0.0060  -0.1695   0.0670  -0.2938
 188 N   :2px    0.0336   0.0128  -0.0029   0.0570  -0.0013  -0.6777   0.3081
 189 N   :2py    0.0083   0.0755  -0.0100  -0.0154  -0.0127  -0.1689   1.6930
 190 N   :2pz   -0.0021  -0.0102   0.0361   0.0021  -0.0577   0.0664  -0.2537
 196 N   :3d2-  -0.0156   0.0014  -0.0004  -0.0133   0.0055  -0.0120   0.0043
 197 N   :3d1-  -0.0004  -0.0025  -0.0159  -0.0056   0.0127  -0.0035  -0.0032
 199 N   :3d1+   0.0015  -0.0004  -0.0020   0.0123   0.0121   0.0105   0.0031
 200 N   :3d2+  -0.0089   0.0053   0.0021  -0.0018  -0.0068   0.0001  -0.0115
 201 N   :3d2-  -0.0172  -0.0031   0.0008  -0.0189   0.0067   0.1804  -0.1552
 202 N   :3d1-   0.0006   0.0017  -0.0179  -0.0068   0.0184  -0.0030   0.1404
 203 N   :3d0    0.0041   0.0082   0.0084  -0.0080   0.0012  -0.0091   0.2019
 204 N   :3d1+   0.0015   0.0008  -0.0021   0.0151   0.0150  -0.0837   0.0113
 205 N   :3d2+  -0.0077   0.0139   0.0001  -0.0041  -0.0088  -0.0064   0.3443
 213 N   :4f3-   0.0049  -0.0009  -0.0006  -0.0010   0.0020  -0.0060  -0.0213
 215 N   :4f1-  -0.0006  -0.0007  -0.0048   0.0022  -0.0017   0.0013  -0.0175
 216 N   :4f0    0.0006   0.0002  -0.0024  -0.0018   0.0033  -0.0026   0.0154
 219 N   :4f3+  -0.0041   0.0006   0.0000  -0.0029   0.0033   0.0165  -0.0186



 >>>> Total CPU  time used in SIRIUS :    217.13 seconds
 >>>> Total wall time used in SIRIUS :   1361.09 seconds

 
     Date and time (Linux)  : Tue Jun  2 16:30:20 2015
     Host name              : kbob-G41MT-S2                           


                     .---------------------------------------.
                     | End of Wave Function Section (SIRIUS) |
                     `---------------------------------------'

 >>>> Total CPU  time used in DALTON:  7 minutes 41 seconds
 >>>> Total wall time used in DALTON: 26 minutes 52 seconds

 
     Date and time (Linux)  : Tue Jun  2 16:30:20 2015
     Host name              : kbob-G41MT-S2                           
