

     ************************************************************************
     *************** Dalton - An Electronic Structure Program ***************
     ************************************************************************

    This is output from DALTON (Release Dalton2013 patch 0)
   ----------------------------------------------------------------------------
    NOTE:
     
    Dalton is an experimental code for the evaluation of molecular
    properties using (MC)SCF, DFT, CI, and CC wave functions.
    The authors accept no responsibility for the performance of
    the code or for the correctness of the results.
     
    The code (in whole or part) is provided under a licence and
    is not to be reproduced for further distribution without
    the written permission of the authors or their representatives.
     
    See the home page "http://daltonprogram.org" for further information.
     
    If results obtained with this code are published,
    the appropriate citations would be both of:
     
       K. Aidas, C. Angeli, K. L. Bak, V. Bakken, R. Bast,
       L. Boman, O. Christiansen, R. Cimiraglia, S. Coriani,
       P. Dahle, E. K. Dalskov, U. Ekstroem, T. Enevoldsen,
       J. J. Eriksen, P. Ettenhuber, B. Fernandez, L. Ferrighi,
       H. Fliegl, L. Frediani, K. Hald, A. Halkier, C. Haettig,
       H. Heiberg, T. Helgaker, A. C. Hennum, H. Hettema,
       E. Hjertenaes, S. Hoest, I.-M. Hoeyvik, M. F. Iozzi,
       B. Jansik, H. J. Aa. Jensen, D. Jonsson, P. Joergensen,
       J. Kauczor, S. Kirpekar, T. Kjaergaard, W. Klopper,
       S. Knecht, R. Kobayashi, H. Koch, J. Kongsted, A. Krapp,
       K. Kristensen, A. Ligabue, O. B. Lutnaes, J. I. Melo,
       K. V. Mikkelsen, R. H. Myhre, C. Neiss, C. B. Nielsen,
       P. Norman, J. Olsen, J. M. H. Olsen, A. Osted,
       M. J. Packer, F. Pawlowski, T. B. Pedersen, P. F. Provasi,
       S. Reine, Z. Rinkevicius, T. A. Ruden, K. Ruud, V. Rybkin,
       P. Salek, C. C. M. Samson, A. Sanchez de Meras, T. Saue,
       S. P. A. Sauer, B. Schimmelpfennig, K. Sneskov,
       A. H. Steindal, K. O. Sylvester-Hvid, P. R. Taylor,
       A. M. Teale, E. I. Tellgren, D. P. Tew, A. J. Thorvaldsen,
       L. Thoegersen, O. Vahtras, M. A. Watson, D. J. D. Wilson,
       M. Ziolkowski and H. Aagren,
       "The Dalton quantum chemistry program system",
       WIREs Comput. Mol. Sci. 2013. (doi: 10.1002/wcms.1172)
    
    and
    
       Dalton, a Molecular Electronic Structure Program,
       Release DALTON2013.0 (2013), see http://daltonprogram.org
   ----------------------------------------------------------------------------

    Authors in alphabetical order (major contribution(s) in parenthesis):

  Kestutis Aidas,           Vilnius University,           Lithuania   (QM/MM)
  Celestino Angeli,         University of Ferrara,        Italy       (NEVPT2)
  Keld L. Bak,              UNI-C,                        Denmark     (AOSOPPA, non-adiabatic coupling, magnetic properties)
  Vebjoern Bakken,          University of Oslo,           Norway      (DALTON; geometry optimizer, symmetry detection)
  Radovan Bast,             KTH Stockholm,                Sweden      (DALTON installation and execution frameworks)
  Linus Boman,              NTNU,                         Norway      (Cholesky decomposition and subsystems)
  Ove Christiansen,         Aarhus University,            Denmark     (CC module)
  Renzo Cimiraglia,         University of Ferrara,        Italy       (NEVPT2)
  Sonia Coriani,            University of Trieste,        Italy       (CC module, MCD in RESPONS)
  Paal Dahle,               University of Oslo,           Norway      (Parallelization)
  Erik K. Dalskov,          UNI-C,                        Denmark     (SOPPA)
  Thomas Enevoldsen,        Univ. of Southern Denmark,    Denmark     (SOPPA)
  Janus J. Eriksen,         Aarhus University,            Denmark     (PE-MP2/SOPPA, TDA)
  Berta Fernandez,          U. of Santiago de Compostela, Spain       (doublet spin, ESR in RESPONS)
  Lara Ferrighi,            Aarhus University,            Denmark     (PCM Cubic response)
  Heike Fliegl,             University of Oslo,           Norway      (CCSD(R12))
  Luca Frediani,            UiT The Arctic U. of Norway,  Norway      (PCM)
  Bin Gao,                  UiT The Arctic U. of Norway,  Norway      (Gen1Int library)
  Christof Haettig,         Ruhr-University Bochum,       Germany     (CC module)
  Kasper Hald,              Aarhus University,            Denmark     (CC module)
  Asger Halkier,            Aarhus University,            Denmark     (CC module)
  Hanne Heiberg,            University of Oslo,           Norway      (geometry analysis, selected one-electron integrals)
  Trygve Helgaker,          University of Oslo,           Norway      (DALTON; ABACUS, ERI, DFT modules, London, and much more)
  Alf Christian Hennum,     University of Oslo,           Norway      (Parity violation)
  Hinne Hettema,            University of Auckland,       New Zealand (quadratic response in RESPONS; SIRIUS supersymmetry)
  Eirik Hjertenaes,         NTNU,                         Norway      (Cholesky decomposition)
  Maria Francesca Iozzi,    University of Oslo,           Norway      (RPA)
  Brano Jansik              Technical Univ. of Ostrava    Czech Rep.  (DFT cubic response)
  Hans Joergen Aa. Jensen,  Univ. of Southern Denmark,    Denmark     (DALTON; SIRIUS, RESPONS, ABACUS modules, London, and much more)
  Dan Jonsson,              UiT The Arctic U. of Norway,  Norway      (cubic response in RESPONS module)
  Poul Joergensen,          Aarhus University,            Denmark     (RESPONS, ABACUS, and CC modules)
  Joanna Kauczor,           Linkoeping University,        Sweden      (Complex polarization propagator (CPP) module)
  Sheela Kirpekar,          Univ. of Southern Denmark,    Denmark     (Mass-velocity & Darwin integrals)
  Wim Klopper,              KIT Karlsruhe,                Germany     (R12 code in CC, SIRIUS, and ABACUS modules)
  Stefan Knecht,            ETH Zurich,                   Switzerland (Parallel CI and MCSCF)
  Rika Kobayashi,           Australian National Univ.,    Australia   (DIIS in CC, London in MCSCF)
  Henrik Koch,              NTNU,                         Norway      (CC module, Cholesky decomposition)
  Jacob Kongsted,           Univ. of Southern Denmark,    Denmark     (Polarizable embedding, QM/MM)
  Andrea Ligabue,           University of Modena,         Italy       (CTOCD, AOSOPPA)
  Ola B. Lutnaes,           University of Oslo,           Norway      (DFT Hessian)
  Juan I. Melo,             University of Buenos Aires,   Argentina   (LRESC, Relativistic Effects on NMR Shieldings)
  Kurt V. Mikkelsen,        University of Copenhagen,     Denmark     (MC-SCRF and QM/MM)
  Rolf H. Myhre,            NTNU,                         Norway      (Cholesky, subsystems and ECC2)
  Christian Neiss,          Univ. Erlangen-Nuernberg,     Germany     (CCSD(R12))
  Christian B. Nielsen,     University of Copenhagen,     Denmark     (QM/MM)
  Patrick Norman,           Linkoeping University,        Sweden      (Cubic response and complex response in RESPONS)
  Jeppe Olsen,              Aarhus University,            Denmark     (SIRIUS CI/density modules)
  Jogvan Magnus H. Olsen,   Univ. of Southern Denmark,    Denmark     (Polarizable embedding, PE library, QM/MM)
  Anders Osted,             Copenhagen University,        Denmark     (QM/MM)
  Martin J. Packer,         University of Sheffield,      UK          (SOPPA)
  Filip Pawlowski,          Kazimierz Wielki University,  Poland      (CC3)
  Thomas B. Pedersen,       University of Oslo,           Norway      (Cholesky decomposition)
  Patricio F. Provasi,      University of Northeastern,   Argentina   (Analysis of coupling constants in localized orbitals)
  Zilvinas Rinkevicius,     KTH Stockholm,                Sweden      (open-shell DFT, ESR)
  Elias Rudberg,            KTH Stockholm,                Sweden      (DFT grid and basis info)
  Torgeir A. Ruden,         University of Oslo,           Norway      (Numerical derivatives in ABACUS)
  Kenneth Ruud,             UiT The Arctic U. of Norway,  Norway      (DALTON; ABACUS magnetic properties and  much more)
  Pawel Salek,              KTH Stockholm,                Sweden      (DALTON; DFT code)
  Claire C. M. Samson       University of Karlsruhe       Germany     (Boys localization, r12 integrals in ERI)
  Alfredo Sanchez de Meras, University of Valencia,       Spain       (CC module, Cholesky decomposition)
  Trond Saue,               Paul Sabatier University,     France      (direct Fock matrix construction)
  Stephan P. A. Sauer,      University of Copenhagen,     Denmark     (SOPPA(CCSD), SOPPA prop., AOSOPPA, vibrational g-factors)
  Bernd Schimmelpfennig,    Forschungszentrum Karlsruhe,  Germany     (AMFI module)
  Kristian Sneskov,         Aarhus University,            Denmark     (QM/MM, PE-CC)
  Arnfinn H. Steindal,      UiT The Arctic U. of Norway,  Norway      (parallel QM/MM)
  K. O. Sylvester-Hvid,     University of Copenhagen,     Denmark     (MC-SCRF)
  Peter R. Taylor,          VLSCI/Univ. of Melbourne,     Australia   (Symmetry handling ABACUS, integral transformation)
  Andrew M. Teale,          University of Nottingham,     England     (DFT-AC, DFT-D)
  David P. Tew,             University of Bristol,        England     (CCSD(R12))
  Olav Vahtras,             KTH Stockholm,                Sweden      (triplet response, spin-orbit, ESR, TDDFT, open-shell DFT)
  David J. Wilson,          La Trobe University,          Australia   (DFT Hessian and DFT magnetizabilities)
  Hans Agren,               KTH Stockholm,                Sweden      (SIRIUS module, RESPONS, MC-SCRF solvation model)
 --------------------------------------------------------------------------------

     Date and time (Linux)  : Tue Jun  2 15:59:36 2015
     Host name              : kbob-G41MT-S2                           

 * Work memory size             :    64000000 =  488.28 megabytes.

 * Directories for basis set searches:
   1) /home/kbob/git/molden2qmc/test/N4/DALTON/TZVP
   2) /opt/DALTON-2013.0-Source/build/basis


Compilation information
-----------------------

 Who compiled             | kbob
 Host                     | kbob-G41MT-S2
 System                   | Linux-3.8.0-31-generic
 CMake generator          | Unix Makefiles
 Processor                | x86_64
 64-bit integers          | OFF
 MPI                      | ON
 Fortran compiler         | /usr/bin/mpif90
 Fortran compiler version | GNU Fortran (Ubuntu/Linaro 4.7.3-1ubuntu1) 4.7.3
 C compiler               | /usr/bin/mpicc
 C compiler version       | gcc (Ubuntu/Linaro 4.7.3-1ubuntu1) 4.7.3
 C++ compiler             | /usr/bin/mpicxx
 C++ compiler version     | unknown
 BLAS                     | /usr/lib/atlas-base/libf77blas.so;/usr/lib/atlas-b
                          | ase/libcblas.so;/usr/lib/atlas-base/libatlas.so
 LAPACK                   | /usr/lib/atlas-base/libatlas.so;/usr/lib/atlas-bas
                          | e/atlas/liblapack.so
 Static linking           | OFF
 Last Git revision        | 575a5cf6d2c5c3776735f11fa026dbfca0382455
 Configuration time       | 2013-11-24 20:48:58.598358

 * Sequential calculation using 1 CPU


   Content of the .dal input file
 ----------------------------------

**DALTON INPUT                                    
.RUN WAVE FUNCTIONS                               
**WAVE FUNCTIONS                                  
.HF                                               
*END OF INPUT                                     
                                                  


   Content of the .mol file
 ----------------------------

BASIS                                                                          
def2_tzvp                                                                      
N4 molecule                                                                    
---------------------------                                                    
Atomtypes=1 Charge=0 Angstrom                                                  
Atoms=4 Charge=7                                                               
N       0.5200      0.5300      0.5100                                         
N      -0.5200     -0.5200      0.5200                                         
N      -0.5200      0.5200     -0.5200                                         
N       0.5200     -0.5200     -0.5200                                         


       *******************************************************************
       *********** Output from DALTON general input processing ***********
       *******************************************************************

 --------------------------------------------------------------------------------
   Overall default print level:    0
   Print level for DALTON.STAT:    1

    HERMIT 1- and 2-electron integral sections will be executed
    "Old" integral transformation used (limited to max 255 basis functions)
    Wave function sections will be executed (SIRIUS module)
 --------------------------------------------------------------------------------


   ****************************************************************************
   *************** Output of molecule and basis set information ***************
   ****************************************************************************


    The two title cards from your ".mol" input:
    ------------------------------------------------------------------------
 1: N4 molecule                                                             
 2: ---------------------------                                             
    ------------------------------------------------------------------------

  Coordinates are entered in Angstrom and converted to atomic units.
          - Conversion factor : 1 bohr = 0.52917721 A

  Atomic type no.    1
  --------------------
  Nuclear charge:   7.00000
  Number of symmetry independent centers:    4
  Number of basis sets to read;    2
  Basis set file used for this atomic type with Z =   7 :
     "/opt/DALTON-2013.0-Source/build/basis/def2_tzvp"

  Info about the basis set file: your basis has no documentation.
  Basis set: def2_tzvp                                                                       


                      SYMADD: Requested addition of symmetry
                      --------------------------------------

 Symmetry test threshold:  5.00E-06

 - molecule centered at center of mass and rotated so
   principal axes of inertia are along coordinate axes.

 Symmetry class found: C(1)           

 Symmetry Independent Centres             
 ----------------------------
       7 :     -0.58082265    -0.80233656    -1.37739754  Isotope  1
       7 :      0.40472368     1.60467312    -0.39763722  Isotope  1
       7 :     -1.21417104     0.00000000     1.19291165  Isotope  1
       7 :      1.39027001    -0.80233656     0.58212311  Isotope  1

 No symmetry elements were found.


                         SYMGRP: Point group information
                         -------------------------------

Full point group is: C(1)           
Represented as:      C1 


                                 Isotopic Masses
                                 ---------------

                           N          14.003074
                           N          14.003074
                           N          14.003074
                           N          14.003074

                       Total mass:    56.012296 amu
                       Natural abundance:  98.528 %

 Center-of-mass coordinates (a.u.):   -0.000000    0.000000   -0.000000


  Atoms and basis sets
  --------------------

  Number of atom types :    1
  Total number of atoms:    4

  Basis set used is "def2_tzvp" from the basis set library.

  label    atoms   charge   prim   cont     basis
  ----------------------------------------------------------------------
  N           4    7.0000    46    31      [11s6p2d1f|5s3p2d1f]                               
  ----------------------------------------------------------------------
  total:      4   28.0000   184   124
  ----------------------------------------------------------------------
  Spherical harmonic basis used.

  Threshold for neglecting AO integrals:  1.00D-12


  Cartesian Coordinates (a.u.)
  ----------------------------

  Total number of coordinates:   12
  N       :     1  x  -1.2141710420    2  y   0.0000000000    3  z   1.1929116538
  N       :     4  x   1.3902700099    5  y  -0.8023365584    6  z   0.5821231056
  N       :     7  x  -0.5808226486    8  y  -0.8023365584    9  z  -1.3773975415
  N       :    10  x   0.4047236807   11  y   1.6046731167   12  z  -0.3976372179


   Interatomic separations (in Angstrom):
   --------------------------------------

            N           N           N           N     
            ------      ------      ------      ------
 N     :    0.000000
 N     :    1.477904    0.000000
 N     :    1.463762    1.470782    0.000000
 N     :    1.470850    1.470782    1.470782    0.000000


  Max    interatomic separation is    1.4779 Angstrom (    2.7928 Bohr)
  between atoms    2 and    1, "N     " and "N     ".

  Min YX interatomic separation is    1.4638 Angstrom (    2.7661 Bohr)


  Bond distances (Angstrom):
  --------------------------

                  atom 1     atom 2       distance
                  ------     ------       --------
  bond distance:  N          N            1.477904
  bond distance:  N          N            1.463762
  bond distance:  N          N            1.470782
  bond distance:  N          N            1.470850
  bond distance:  N          N            1.470782
  bond distance:  N          N            1.470782


  Bond angles (degrees):
  ----------------------

                  atom 1     atom 2     atom 3         angle
                  ------     ------     ------         -----
  bond angle:     N          N          N             59.995
  bond angle:     N          N          N             59.838
  bond angle:     N          N          N             60.156
  bond angle:     N          N          N             59.525
  bond angle:     N          N          N             59.843
  bond angle:     N          N          N             60.000
  bond angle:     N          N          N             60.479
  bond angle:     N          N          N             60.161
  bond angle:     N          N          N             60.000
  bond angle:     N          N          N             60.319
  bond angle:     N          N          N             59.683
  bond angle:     N          N          N             60.000




 Principal moments of inertia (u*A**2) and principal axes
 --------------------------------------------------------

   IA      30.114135          1.000000   -0.000000   -0.000000
   IB      30.293550          0.000000    1.000000    0.000000
   IC      30.470865          0.000000   -0.000000    1.000000


 Rotational constants
 --------------------

               A                   B                   C

          16782.1194          16682.7263          16585.6468 MHz
            0.559791            0.556476            0.553238 cm-1


@  Nuclear repulsion energy :  105.777940462098 Hartree


                     .---------------------------------------.
                     | Starting in Integral Section (HERMIT) |
                     `---------------------------------------'



    *************************************************************************
    ****************** Output from HERMIT input processing ******************
    *************************************************************************



     ************************************************************************
     ************************** Output from HERINT **************************
     ************************************************************************


 Threshold for neglecting two-electron integrals:  1.00D-12
 Number of two-electron integrals written:    28629522 ( 95.3% )
 Megabytes written:                            327.822

 >>>  Time used in TWOINT     is  15.25 seconds
 >>>> Total CPU  time used in HERMIT:  15.45 seconds
 >>>> Total wall time used in HERMIT:  15.96 seconds


                        .----------------------------------.
                        | End of Integral Section (HERMIT) |
                        `----------------------------------'



                   .--------------------------------------------.
                   | Starting in Wave Function Section (SIRIUS) |
                   `--------------------------------------------'


 *** Output from Huckel module :

     Using EWMO model:          T
     Using EHT  model:          F
     Number of Huckel orbitals each symmetry:   20

 EWMO - Energy Weighted Maximum Overlap - is a Huckel type method,
        which normally is better than Extended Huckel Theory.
 Reference: Linderberg and Ohrn, Propagators in Quantum Chemistry (Wiley, 1973)

 Huckel EWMO eigenvalues for symmetry :  1
          -15.676242     -15.670308     -15.670276     -15.670244      -2.063567
           -1.039702      -1.037311      -1.034948      -0.547278      -0.546205
           -0.545222      -0.541058      -0.514209      -0.510696      -0.283486
           -0.282728      -0.282037      -0.237807      -0.236447      -0.235029

 **********************************************************************
 *SIRIUS* a direct, restricted step, second order MCSCF program       *
 **********************************************************************

 
     Date and time (Linux)  : Tue Jun  2 15:59:52 2015
     Host name              : kbob-G41MT-S2                           

 Title lines from ".mol" input file:
     N4 molecule                                                             
     ---------------------------                                             

 Print level on unit LUPRI =   2 is   0
 Print level on unit LUW4  =   2 is   5

@    Restricted, closed shell Hartree-Fock calculation.

 Initial molecular orbitals are obtained according to
 ".MOSTART EWMO  " input option

     Wave function specification
     ============================
@    For the wave function of type :      >>> HF <<<
@    Number of closed shell electrons          28
@    Number of electrons in active shells       0
@    Total charge of the molecule               0

@    Spin multiplicity and 2 M_S                1         0
     Total number of symmetries                 1
@    Reference state symmetry                   1

     Orbital specifications
     ======================
     Abelian symmetry species          All |    1
                                       --- |  ---
@    Occupied SCF orbitals              14 |   14
     Secondary orbitals                110 |  110
     Total number of orbitals          124 |  124
     Number of basis functions         124 |  124

     Optimization information
     ========================
@    Number of configurations                 1
@    Number of orbital rotations           1540
     ------------------------------------------
@    Total number of variables             1541

     Maximum number of Fock   iterations      0
     Maximum number of DIIS   iterations     60
     Maximum number of QC-SCF iterations     60
     Threshold for SCF convergence     1.00D-05


 >>>>> DIIS optimization of Hartree-Fock <<<<<

 C1-DIIS algorithm; max error vectors =    5

 Iter      Total energy        Error norm    Delta(E)  DIIS dim.
 -----------------------------------------------------------------------------
     (Precalculated two-electron integrals are transformed to P-supermatrix elements.
      Threshold for discarding integrals :  1.00D-12 )
 >>>  Time used in FORMSUP    is   4.38 seconds
@  1    -216.769085434        3.97795D+00   -2.17D+02    1
      Virial theorem: -V/T =      2.008701
@      MULPOP N       0.00; N      -0.00; N       0.00; N      -0.00; 
 -----------------------------------------------------------------------------
@  2    -217.496227704        1.64310D+00   -7.27D-01    2
      Virial theorem: -V/T =      1.994616
@      MULPOP N      -0.00; N       0.01; N      -0.01; N       0.00; 
 -----------------------------------------------------------------------------
@  3    -217.596495905        1.70536D-01   -1.00D-01    3
      Virial theorem: -V/T =      2.004327
@      MULPOP N       0.00; N      -0.00; N       0.00; N      -0.00; 
 -----------------------------------------------------------------------------
@  4    -217.599130692        4.22255D-02   -2.63D-03    4
      Virial theorem: -V/T =      2.003452
@      MULPOP N      -0.00; N       0.00; N      -0.00; N       0.00; 
 -----------------------------------------------------------------------------
@  5    -217.599309744        1.72802D-02   -1.79D-04    5
      Virial theorem: -V/T =      2.003626
@      MULPOP N       0.00; N      -0.01; N       0.01; N      -0.00; 
 -----------------------------------------------------------------------------
@  6    -217.599332651        8.40099D-03   -2.29D-05    5
      Virial theorem: -V/T =      2.003634
@      MULPOP N      -0.00; N       0.00; N      -0.00; N       0.00; 
 -----------------------------------------------------------------------------
@  7    -217.599339689        1.76429D-03   -7.04D-06    5
      Virial theorem: -V/T =      2.003638
@      MULPOP N       0.00; N      -0.00; N       0.00; N      -0.00; 
 -----------------------------------------------------------------------------
@  8    -217.599340248        4.01225D-04   -5.59D-07    5
      Virial theorem: -V/T =      2.003649
@      MULPOP N      -0.00; N      -0.00; N       0.00; N       0.00; 
 -----------------------------------------------------------------------------
@  9    -217.599340272        1.80749D-04   -2.40D-08    5
      Virial theorem: -V/T =      2.003650
@      MULPOP N       0.00; N      -0.00; N       0.00; N      -0.00; 
 -----------------------------------------------------------------------------
@ 10    -217.599340274        6.00566D-05   -1.88D-09    5
      Virial theorem: -V/T =      2.003650
@      MULPOP N      -0.00; N      -0.00; N       0.00; N      -0.00; 
 -----------------------------------------------------------------------------
@ 11    -217.599340274        7.19061D-06   -2.42D-10    5

@ *** DIIS converged in  11 iterations !
@     Converged SCF energy, gradient:   -217.599340274266    7.19D-06
    - total time used in SIRFCK :              0.00 seconds


 *** SCF orbital energy analysis ***

 Only the five lowest virtual orbital energies printed in each symmetry.

 Number of electrons :   28
 Orbital occupations :   14

 Sym       Hartree-Fock orbital energies

  1    -15.75086868   -15.74995487   -15.74994301   -15.74991832    -1.65309082
        -1.04440359    -1.04102973    -1.03770512    -0.68590085    -0.57029245
        -0.56915410    -0.56795354    -0.53418028    -0.52891221     0.18892303
         0.19096168     0.19254557     0.21197471     0.21368401

    E(LUMO) :     0.18892303 au (symmetry 1)
  - E(HOMO) :    -0.52891221 au (symmetry 1)
  ------------------------------------------
    gap     :     0.71783524 au

 >>> Writing SIRIFC interface file <<<

 >>>> CPU and wall time for SCF :      14.429      19.714


                       .-----------------------------------.
                       | >>> Final results from SIRIUS <<< |
                       `-----------------------------------'


@    Spin multiplicity:           1
@    Spatial symmetry:            1
@    Total charge of molecule:    0

@    Final HF energy:            -217.599340274266                 
@    Nuclear repulsion:           105.777940462098
@    Electronic energy:          -323.377280736363

@    Final gradient norm:           0.000007190608

 
     Date and time (Linux)  : Tue Jun  2 16:00:12 2015
     Host name              : kbob-G41MT-S2                           

 (Only coefficients >0.0100 are printed.)

 Molecular orbitals for symmetry species  1
 ------------------------------------------

    Orbital        10       11       12       13       14       15       16
   1 N   :1s    -0.0238   0.0253   0.0232  -0.0005   0.0005   0.0039   0.0007
   2 N   :1s    -0.0567   0.0603   0.0555  -0.0013   0.0011   0.0091   0.0017
   3 N   :1s     0.0982  -0.1046  -0.0962   0.0024  -0.0021  -0.0099  -0.0018
   4 N   :1s     0.1351  -0.1434  -0.1315   0.0028  -0.0024  -0.0341  -0.0063
   5 N   :1s     0.0909  -0.0966  -0.0887   0.0012  -0.0009  -0.2603  -0.0482
   6 N   :2px   -0.0078   0.1053   0.1891  -0.1143   0.1171  -0.1747  -0.0300
   7 N   :2py   -0.0760  -0.1482   0.0830  -0.1604  -0.1635   0.2091  -0.0128
   8 N   :2pz    0.1952  -0.1080  -0.0047  -0.1116   0.1151  -0.1483  -0.0252
   9 N   :2px   -0.0028   0.0972   0.1789  -0.1125   0.1158  -0.1812  -0.0313
  10 N   :2py   -0.0735  -0.1433   0.0803  -0.1575  -0.1613   0.2088  -0.0130
  11 N   :2pz    0.1837  -0.0994  -0.0002  -0.1094   0.1134  -0.1413  -0.0240
  12 N   :2px   -0.0160   0.0553   0.0874  -0.0567   0.0591  -0.5079  -0.0863
  13 N   :2py   -0.0299  -0.0584   0.0328  -0.0790  -0.0820   0.5194  -0.0220
  14 N   :2pz    0.0894  -0.0561  -0.0144  -0.0545   0.0573  -0.2966  -0.0472
  20 N   :3d2-  -0.0051  -0.0154   0.0121  -0.0032  -0.0230  -0.0021  -0.0008
  21 N   :3d1-   0.0112   0.0162  -0.0055   0.0227   0.0034  -0.0085  -0.0010
  22 N   :3d0   -0.0201  -0.0005  -0.0144   0.0217  -0.0102   0.0053   0.0004
  23 N   :3d1+   0.0042  -0.0083  -0.0039   0.0070   0.0069   0.0101   0.0013
  24 N   :3d2+   0.0050  -0.0009   0.0144   0.0012   0.0198  -0.0007  -0.0009
  32 N   :1s     0.0404   0.0079   0.0078   0.0003   0.0003  -0.0033  -0.0005
  33 N   :1s     0.0964   0.0188   0.0187   0.0008   0.0007  -0.0078  -0.0013
  34 N   :1s    -0.1672  -0.0325  -0.0325  -0.0014  -0.0012   0.0085   0.0013
  35 N   :1s    -0.2291  -0.0445  -0.0443  -0.0018  -0.0013   0.0291   0.0047
  36 N   :1s    -0.1545  -0.0303  -0.0299  -0.0016  -0.0003   0.2225   0.0391
  37 N   :2px   -0.1741  -0.1386  -0.0462   0.1058  -0.0849  -0.1552  -0.1133
  38 N   :2py    0.1174  -0.1060   0.1181   0.2066   0.0134  -0.0443  -0.2430
  39 N   :2pz   -0.1274   0.0513   0.1364   0.0254   0.2168   0.2569  -0.0744
  40 N   :2px   -0.1595  -0.1325  -0.0432   0.1042  -0.0839  -0.1615  -0.1146
  41 N   :2py    0.1083  -0.1034   0.1133   0.2029   0.0133  -0.0405  -0.2426
  42 N   :2pz   -0.1191   0.0504   0.1326   0.0249   0.2134   0.2532  -0.0752
  43 N   :2px   -0.0934  -0.0591  -0.0233   0.0520  -0.0428  -0.4600  -0.2878
  44 N   :2py    0.0603  -0.0387   0.0494   0.1017   0.0069  -0.0659  -0.5761
  45 N   :2pz   -0.0605   0.0183   0.0519   0.0124   0.1084   0.6178  -0.1774
  49 N   :3d1+   0.0029  -0.0003  -0.0061  -0.0024  -0.0101   0.0076  -0.0029
  51 N   :3d2-  -0.0067   0.0103  -0.0150  -0.0037  -0.0077  -0.0027   0.0061
  52 N   :3d1-  -0.0070   0.0099   0.0105  -0.0175  -0.0008   0.0055  -0.0049
  53 N   :3d0    0.0014  -0.0118  -0.0142  -0.0143  -0.0073  -0.0109  -0.0048
  54 N   :3d1+   0.0087  -0.0000  -0.0142  -0.0067  -0.0273   0.0048   0.0014
  55 N   :3d2+   0.0019   0.0205  -0.0068  -0.0229   0.0150   0.0015   0.0041
  63 N   :1s    -0.0078   0.0066  -0.0403  -0.0003  -0.0003  -0.0006  -0.0006
  64 N   :1s    -0.0187   0.0158  -0.0962  -0.0007  -0.0007  -0.0014  -0.0013
  65 N   :1s     0.0324  -0.0273   0.1668   0.0014   0.0013   0.0015   0.0013
  66 N   :1s     0.0447  -0.0376   0.2289   0.0015   0.0017   0.0056   0.0050
  67 N   :1s     0.0301  -0.0250   0.1541   0.0004   0.0015   0.0422   0.0418
  68 N   :2px    0.1416  -0.0567  -0.1219  -0.2106  -0.0276   0.1164  -0.0655
  69 N   :2py   -0.1179  -0.1180  -0.1197   0.0157   0.1971  -0.0831   0.2555
  70 N   :2pz   -0.0489   0.1429  -0.1763   0.0774  -0.1057   0.0034  -0.1168
  71 N   :2px    0.1377  -0.0554  -0.1145  -0.2073  -0.0273   0.1182  -0.0650
  72 N   :2py   -0.1129  -0.1151  -0.1107   0.0154   0.1944  -0.0828   0.2569
  73 N   :2pz   -0.0453   0.1366  -0.1616   0.0759  -0.1041   0.0045  -0.1157
  74 N   :2px    0.0535  -0.0205  -0.0589  -0.1041  -0.0139   0.2368  -0.1617
  75 N   :2py   -0.0492  -0.0442  -0.0622   0.0076   0.0988  -0.1784   0.6336
  76 N   :2pz   -0.0240   0.0608  -0.0950   0.0379  -0.0531   0.0346  -0.2693
  80 N   :3d1+   0.0064  -0.0006  -0.0026  -0.0102  -0.0023  -0.0021   0.0031
  82 N   :3d2-   0.0107  -0.0103  -0.0071   0.0014   0.0171   0.0042  -0.0047
  83 N   :3d1-  -0.0150  -0.0107  -0.0065   0.0078   0.0028  -0.0009   0.0087
  84 N   :3d0   -0.0016   0.0249  -0.0011   0.0153  -0.0115   0.0024  -0.0053
  85 N   :3d1+   0.0150  -0.0006  -0.0081  -0.0274  -0.0066  -0.0008  -0.0009
  86 N   :3d2+   0.0158   0.0013  -0.0017   0.0016  -0.0239   0.0011   0.0020
  94 N   :1s    -0.0086  -0.0398   0.0094   0.0006  -0.0005   0.0001   0.0004
  95 N   :1s    -0.0206  -0.0949   0.0224   0.0014  -0.0012   0.0001   0.0009
  96 N   :1s     0.0357   0.1644  -0.0390  -0.0025   0.0021  -0.0001  -0.0008
  97 N   :1s     0.0492   0.2255  -0.0532  -0.0032   0.0027  -0.0005  -0.0034
  98 N   :1s     0.0334   0.1520  -0.0356  -0.0025   0.0021  -0.0045  -0.0327
  99 N   :2px    0.1847   0.0245  -0.0048   0.2243  -0.0054   0.1716   0.2035
 100 N   :2py    0.0064   0.2424  -0.0118  -0.0588  -0.0499  -0.0664   0.0071
 101 N   :2pz   -0.0018  -0.0121   0.1929   0.0078  -0.2211  -0.0954   0.2218
 102 N   :2px    0.1780   0.0212  -0.0041   0.2208  -0.0054   0.1729   0.2045
 103 N   :2py    0.0039   0.2243  -0.0091  -0.0577  -0.0493  -0.0666   0.0083
 104 N   :2pz   -0.0012  -0.0091   0.1860   0.0076  -0.2177  -0.0959   0.2216
 105 N   :2px    0.0737   0.0172  -0.0037   0.1105  -0.0026   0.3668   0.4900
 106 N   :2py    0.0086   0.1242  -0.0117  -0.0293  -0.0248  -0.1416   0.0333
 107 N   :2pz   -0.0022  -0.0116   0.0783   0.0039  -0.1108  -0.2112   0.5420
 113 N   :3d2-  -0.0240   0.0002   0.0002  -0.0231   0.0084  -0.0027  -0.0016
 114 N   :3d1-   0.0000  -0.0019  -0.0247  -0.0085   0.0223   0.0029  -0.0017
 115 N   :3d0    0.0050   0.0069   0.0136  -0.0102   0.0021   0.0007   0.0102
 116 N   :3d1+   0.0017   0.0002  -0.0025   0.0189   0.0188  -0.0057   0.0003
 117 N   :3d2+  -0.0131   0.0117   0.0020  -0.0047  -0.0109  -0.0025  -0.0047



 >>>> Total CPU  time used in SIRIUS :     14.85 seconds
 >>>> Total wall time used in SIRIUS :     20.13 seconds

 
     Date and time (Linux)  : Tue Jun  2 16:00:12 2015
     Host name              : kbob-G41MT-S2                           


                     .---------------------------------------.
                     | End of Wave Function Section (SIRIUS) |
                     `---------------------------------------'

 >>>> Total CPU  time used in DALTON:  30.48 seconds
 >>>> Total wall time used in DALTON:  36.28 seconds

 
     Date and time (Linux)  : Tue Jun  2 16:00:12 2015
     Host name              : kbob-G41MT-S2                           
