  Input file(s): Mol.orbs.qmc.in-wfnoj.xml 

=====================================================
                    QMCPACK 3.8.9

       (c) Copyright 2003-  QMCPACK developers

                    Please cite:
 J. Kim et al. J. Phys. Cond. Mat. 30 195901 (2018)
      https://doi.org/10.1088/1361-648X/aab9c3

  Git branch: develop
  Last git commit: 569f657f1bbd7a7229fe99cc3f1205f67d888678-dirty
  Last git commit date: Mon Jan 6 17:07:27 2020 -0500
  Last git commit subject: Merge pull request #2128 from jtkrogel/nx_opt_nlpp
=====================================================
  Global options 

  Total number of MPI ranks = 1
  Number of MPI groups      = 1
  MPI group ID              = 0
  Number of ranks in group  = 1
  MPI ranks per node        = 1
  OMP 1st level threads     = 8
  OMP nested threading disabled or only 1 thread on the 2nd level

  Precision used in this calculation, see definitions in the manual:
  Base precision      = double
  Full precision      = double

  Structure-of-arrays (SoA) optimization enabled

  Input XML = Mol.orbs.qmc.in-wfnoj.xml

  Project = Mol.orbs
  date    = 2020-01-08 16:26:57 CST
  host    = abenali

 Random Number
 -------------
  Offset for the random number seeds based on time: 817

  Range of prime numbers to use as seeds over processors and threads = 6299-6353


 Particle Set 
 ------------
  Name: ion0
  All the species have the same mass 1
  Particle set size: 4

 Particle Set 
 ------------
  Name: e
  All the species have the same mass 1
  Particle set size: 28

 Wavefunction setup: 
 ------------------- 
  Name: psi0
  LCAO: SoaAtomicBasisSet<MultiQuintic,1>
Reading BasisSet from HDF5 file:Mol.orbs.h5
<input node="atomicBasisSet" name="gaussian" expandYlm="Gaussian" angular="spherical" elementType="N" normalized="yes" type="Numerical" expM="0" />
  AO BasisSet for N
   Spherical Harmonics contain (-1)^m factor
   Angular momentum m expanded according to Gaussian
   Grid is created by the input paremters in h5
    Using log grid ri = 1e-06 rf = 100 npts = 1001
   R(n,l,m,s) 0 0 0 0
   R(n,l,m,s) 1 0 0 0
   R(n,l,m,s) 2 0 0 0
   R(n,l,m,s) 3 0 0 0
   R(n,l,m,s) 4 0 0 0
   R(n,l,m,s) 5 1 0 0
   R(n,l,m,s) 6 1 0 0
   R(n,l,m,s) 7 1 0 0
   R(n,l,m,s) 8 2 0 0
   R(n,l,m,s) 9 2 0 0
   R(n,l,m,s) 10 3 0 0
Expanding Ylm according to Gaussian98
Adding 1 spherical orbitals for l= 0
Adding 1 spherical orbitals for l= 0
Adding 1 spherical orbitals for l= 0
Adding 1 spherical orbitals for l= 0
Adding 1 spherical orbitals for l= 0
Adding 3 spherical orbitals for l= 1
Adding 3 spherical orbitals for l= 1
Adding 3 spherical orbitals for l= 1
Adding 5 spherical orbitals for l= 2
Adding 5 spherical orbitals for l= 2
Adding 7 spherical orbitals for l= 3
  Setting cutoff radius 3.07372e+08

   Maximum Angular Momentum  = 3
   Number of Radial functors = 11
   Basis size                = 31

  Created SPOSet builder named 'LCAOBSet' of type molecularorbital
Reuse SPOSetBuilder "LCAOBSet" type MolecularOrbital
  Building SPOSet '' with '' basis set.
Reading cusp info from : updet.cuspInfo.xml
Could not find precomputed cusp data for spo set: updet
Recalculating data.
  Number of molecular orbitals to compute correction on this rank: 14
   Working on MO: 1 Center: 0
   Working on MO: 0 Center: 0
   Working on MO: 5 Center: 0
   Working on MO: 2 Center: 0
   Working on MO: 4 Center: 0
   Working on MO: 3 Center: 0
   Working on MO: 6 Center: 0
   Working on MO: 7 Center: 0
   Working on MO: 8 Center: 0
   Working on MO: 9 Center: 0
   Working on MO: 10 Center: 0
   Working on MO: 11 Center: 0
   Working on MO: 12 Center: 0
   Working on MO: 13 Center: 0
   Working on MO: 0 Center: 1
   Working on MO: 1 Center: 1
   Working on MO: 2 Center: 1
   Working on MO: 3 Center: 1
   Working on MO: 4 Center: 1
   Working on MO: 5 Center: 1
   Working on MO: 6 Center: 1
   Working on MO: 7 Center: 1
   Working on MO: 8 Center: 1
   Working on MO: 9 Center: 1
   Working on MO: 10 Center: 1
   Working on MO: 11 Center: 1
   Working on MO: 12 Center: 1
   Working on MO: 13 Center: 1
   Working on MO: 0 Center: 2
   Working on MO: 1 Center: 2
   Working on MO: 2 Center: 2
   Working on MO: 3 Center: 2
   Working on MO: 4 Center: 2
   Working on MO: 5 Center: 2
   Working on MO: 6 Center: 2
   Working on MO: 7 Center: 2
   Working on MO: 8 Center: 2
   Working on MO: 9 Center: 2
   Working on MO: 10 Center: 2
   Working on MO: 11 Center: 2
   Working on MO: 12 Center: 2
   Working on MO: 13 Center: 2
   Working on MO: 0 Center: 3
   Working on MO: 1 Center: 3
   Working on MO: 2 Center: 3
   Working on MO: 3 Center: 3
   Working on MO: 4 Center: 3
   Working on MO: 5 Center: 3
   Working on MO: 6 Center: 3
   Working on MO: 7 Center: 3
   Working on MO: 8 Center: 3
   Working on MO: 9 Center: 3
   Working on MO: 10 Center: 3
   Working on MO: 11 Center: 3
   Working on MO: 12 Center: 3
   Working on MO: 13 Center: 3
Saving resulting cusp Info xml block to: updet.cuspInfo.xml
Reuse SPOSetBuilder "LCAOBSet" type MolecularOrbital
  Building SPOSet '' with '' basis set.
Reading cusp info from : downdet.cuspInfo.xml
Could not find precomputed cusp data for spo set: downdet
Recalculating data.
  Number of molecular orbitals to compute correction on this rank: 14
   Working on MO: 0 Center: 0
   Working on MO: 4 Center: 0
   Working on MO: 2 Center: 0
   Working on MO: 3 Center: 0
   Working on MO: 5 Center: 0
   Working on MO: 6 Center: 0
   Working on MO: 7 Center: 0
   Working on MO: 1 Center: 0
   Working on MO: 8 Center: 0
   Working on MO: 9 Center: 0
   Working on MO: 10 Center: 0
   Working on MO: 11 Center: 0
   Working on MO: 12 Center: 0
   Working on MO: 13 Center: 0
   Working on MO: 0 Center: 1
   Working on MO: 1 Center: 1
   Working on MO: 2 Center: 1
   Working on MO: 3 Center: 1
   Working on MO: 4 Center: 1
   Working on MO: 5 Center: 1
   Working on MO: 6 Center: 1
   Working on MO: 7 Center: 1
   Working on MO: 8 Center: 1
   Working on MO: 9 Center: 1
   Working on MO: 10 Center: 1
   Working on MO: 11 Center: 1
   Working on MO: 12 Center: 1
   Working on MO: 13 Center: 1
   Working on MO: 0 Center: 2
   Working on MO: 1 Center: 2
   Working on MO: 2 Center: 2
   Working on MO: 3 Center: 2
   Working on MO: 4 Center: 2
   Working on MO: 5 Center: 2
   Working on MO: 6 Center: 2
   Working on MO: 7 Center: 2
   Working on MO: 8 Center: 2
   Working on MO: 9 Center: 2
   Working on MO: 10 Center: 2
   Working on MO: 11 Center: 2
   Working on MO: 12 Center: 2
   Working on MO: 13 Center: 2
   Working on MO: 0 Center: 3
   Working on MO: 1 Center: 3
   Working on MO: 2 Center: 3
   Working on MO: 3 Center: 3
   Working on MO: 4 Center: 3
   Working on MO: 5 Center: 3
   Working on MO: 6 Center: 3
   Working on MO: 7 Center: 3
   Working on MO: 8 Center: 3
   Working on MO: 9 Center: 3
   Working on MO: 10 Center: 3
   Working on MO: 11 Center: 3
   Working on MO: 12 Center: 3
   Working on MO: 13 Center: 3
Saving resulting cusp Info xml block to: downdet.cuspInfo.xml
  Creating a determinant updet group=0 sposet=updet
  Reusing a SPO set updet
  Using DiracDeterminant with DelayedUpdate engine
  Setting delay_rank by default!
  Using rank-1 Sherman-Morrison Fahy update

  Creating a determinant downdet group=1 sposet=downdet
  Reusing a SPO set downdet
  Using DiracDeterminant with DelayedUpdate engine
  Setting delay_rank by default!
  Using rank-1 Sherman-Morrison Fahy update

  Added a fermionic WaveFunctionComponent SlaterDet
  QMCHamiltonian::addOperator Kinetic to H, physical Hamiltonian 
  QMCHamiltonian::addOperator ElecElec to H, physical Hamiltonian 
QMCHamiltonian::addOperatorType added type coulomb named ElecElec
  QMCHamiltonian::addOperator IonIon to H, physical Hamiltonian 
QMCHamiltonian::addOperatorType added type coulomb named IonIon
  QMCHamiltonian::addOperator IonElec to H, physical Hamiltonian 
QMCHamiltonian::addOperatorType added type coulomb named IonElec

  QMCHamiltonian::add2WalkerProperty added
    4 to P::PropertyList 
    0 to P::Collectables 
    starting Index of the observables in P::PropertyList = 9
ParticleSetPool::randomize 1 ParticleSet.
<init source="ion0" target="e">
</init>
  Initialization Execution time = 14.89 secs
=========================================================
 Summary of QMC systems 
=========================================================
ParticleSetPool has: 

  ParticleSet 'e' contains 28 particles :  u(14) d(14)

    u  1.4791655298e+00  1.5798727407e+00  1.7657867840e+00
    u  1.5479778022e-01  7.7500711313e-01  1.6620027105e+00
    u  1.8213845660e+00  1.6622608035e+00  1.2539720712e+00
    u  5.9856238063e-02 -1.1990595264e+00  6.8173685000e-01
    u  4.7115972936e-02 -6.3047218171e-01  7.8328351447e-01
    u -1.4958459287e+00 -1.9364091298e-01  1.5643005852e+00
    u -5.8907961366e-01  4.7664753203e-01 -8.0843654615e-02
    u -1.7957890775e+00  1.7302783148e+00 -1.0466778059e+00
    u -1.4493993083e+00  1.1555398320e+00 -1.9708286536e+00
    u  1.3214722572e-01 -1.3302153662e+00 -3.6617248561e-01
    (... and 18 more particle positions ...)

  Distance table for dissimilar particles (A-B):
    source: ion0  target: e
    Using structure-of-arrays (SoA) data layout
    Distance computations use open boundary conditions in 3D.

  Distance table for similar particles (A-A):
    source/target: e
    Using structure-of-arrays (SoA) data layout
    Distance computations use open boundary conditions in 3D.


  ParticleSet 'ion0' contains 4 particles :  N(4)

    N  9.8265758648e-01  1.0015548478e+00  9.6376032520e-01
    N -9.8265758648e-01 -9.8265758648e-01  9.8265758648e-01
    N -9.8265758648e-01  9.8265758648e-01 -9.8265758648e-01
    N  9.8265758648e-01 -9.8265758648e-01 -9.8265758648e-01

  Distance table for similar particles (A-A):
    source/target: ion0
    Using structure-of-arrays (SoA) data layout
    Distance computations use open boundary conditions in 3D.


  Hamiltonian h0
  Kinetic         Kinetic energy
  ElecElec        CoulombAB source=e

  IonIon          CoulombAA source/target ion0

  IonElec         CoulombAA source/target ion0



=========================================================
  Start VMC
  File Root Mol.orbs.s000 append = no 
=========================================================
Resetting walkers
  Adding 8 walkers to 0 existing sets
  Total number of walkers: 8.0000000000e+00
  Total weight: 8.0000000000e+00
  Resetting Properties of the walkers 1 x 13

<vmc function="put">
  qmc_counter=0  my_counter=0
  time step      = 1.0000000000e-03
  blocks         = 1000
  steps          = 10
  substeps       = 100
  current        = 0
  target samples = 8.0000000000e+02
  walkers/mpi    = 8

  stepsbetweensamples = 100
  SpinMoves      = no
<parameter name="blocks" condition="int">1000</parameter>
<parameter name="blocks_between_recompute" condition="int">0</parameter>
<parameter name="check_properties" condition="int">100</parameter>
<parameter name="checkproperties" condition="int">100</parameter>
<parameter name="current" condition="int">0</parameter>
<parameter name="dmcwalkersperthread" condition="real">1.0000000000e+02</parameter>
<parameter name="maxcpusecs" condition="real">3.6000000000e+05</parameter>
<parameter name="record_configs" condition="int">0</parameter>
<parameter name="record_walkers" condition="int">100</parameter>
<parameter name="recordconfigs" condition="int">0</parameter>
<parameter name="recordwalkers" condition="int">100</parameter>
<parameter name="rewind" condition="int">0</parameter>
<parameter name="samples" condition="real">8.0000000000e+02</parameter>
<parameter name="samplesperthread" condition="real">1.0000000000e+02</parameter>
<parameter name="spinmass" condition="double">1.0000000000e+00</parameter>
<parameter name="spinmoves" condition="string">no</parameter>
<parameter name="steps" condition="int">10</parameter>
<parameter name="stepsbetweensamples" condition="int">100</parameter>
<parameter name="store_configs" condition="int">0</parameter>
<parameter name="storeconfigs" condition="int">0</parameter>
<parameter name="sub_steps" condition="int">100</parameter>
<parameter name="substeps" condition="int">100</parameter>
<parameter name="tau" condition="au">1.0000000000e-03</parameter>
<parameter name="time_step" condition="au">1.0000000000e-03</parameter>
<parameter name="timestep" condition="au">1.0000000000e-03</parameter>
<parameter name="use_drift" condition="string">no</parameter>
<parameter name="usedrift" condition="string">no</parameter>
<parameter name="walkers" condition="int">8</parameter>
<parameter name="warmup_steps" condition="int">100</parameter>
<parameter name="warmupsteps" condition="int">100</parameter>
  DumpConfig==false Nothing (configurations, state) will be saved.
  Walker Samples are dumped every 100 steps.
</vmc>
  Set drift_modifier UNR parameter a = 1.0000000000e+00
  CloneManager::makeClones makes 8 clones for W/Psi/H.
  Cloning methods for both Psi and H are used
===== Memory Usage before cloning =====
Available memory on node 0, free + buffers : 20842 MB
Memory footprint by rank 0 on node 0       : 92 MB
==================================================
===== Memory Usage after cloning =====
Available memory on node 0, free + buffers : 20841 MB
Memory footprint by rank 0 on node 0       : 92 MB
==================================================
  Initial partition of walkers 0 1 2 3 4 5 6 7 8 

  Using Particle by Particle moves
  Walker moves without drift
  Total Sample Size   =800
  Walker distribution on root = 0 1 2 3 4 5 6 7 8 
===== Memory Usage after the buffer registration =====
Available memory on node 0, free + buffers : 20841 MB
Memory footprint by rank 0 on node 0       : 93 MB
==================================================
  Anonymous Buffer size per walker : 17472 Bytes.
MEMORY increase 0 MB VMC::resetRun
====================================================
  SimpleFixedNodeBranch::finalize after a VMC block
    QMC counter        = 0
    time step          = 0.001
    reference energy   = -215.836
    reference variance = 66.0114
====================================================
  QMC Execution time = 2.1813e+02 secs
  Total Execution time = 2.1813e+02 secs

=========================================================
  A new xml input file : Mol.orbs.s000.cont.xml
