
                                 *****************
                                 * O   R   C   A *
                                 *****************

           --- An Ab Initio, DFT and Semiempirical electronic structure package ---

                  #######################################################
                  #                        -***-                        #
                  #  Department of molecular theory and spectroscopy    #
                  #              Directorship: Frank Neese              #
                  # Max Planck Institute for Chemical Energy Conversion #
                  #                  D-45470 Muelheim/Ruhr              #
                  #                       Germany                       #
                  #                                                     #
                  #                  All rights reserved                #
                  #                        -***-                        #
                  #######################################################


                         Program Version 3.0.3 - RELEASE   -


 With contributions from (in alphabetic order):
   Ute Becker             : Parallelization
   Dmytro Bykov           : SCF Hessian
   Dmitry Ganyushin       : Spin-Orbit,Spin-Spin,Magnetic field MRCI
   Andreas Hansen         : Spin unrestricted coupled pair/coupled cluster methods
   Dimitrios Liakos       : Extrapolation schemes; parallel MDCI
   Robert Izsak           : Overlap fitted RIJCOSX, COSX-SCS-MP3
   Christian Kollmar      : KDIIS, OOCD, Brueckner-CCSD(T), CCSD density
   Simone Kossmann        : Meta GGA functionals, TD-DFT gradient, OOMP2, MP2 Hessian
   Taras Petrenko         : DFT Hessian,TD-DFT gradient, ASA and ECA modules, normal mode analysis, Resonance Raman, ABS, FL, XAS/XES, NRVS
   Christoph Reimann      : Effective Core Potentials
   Michael Roemelt        : Restricted open shell CIS
   Christoph Riplinger    : Improved optimizer, TS searches, QM/MM, DLPNO-CCSD
   Barbara Sandhoefer     : DKH picture change effects
   Igor Schapiro          : Molecular dynamics
   Kantharuban Sivalingam : CASSCF convergence, NEVPT2
   Boris Wezisla          : Elementary symmetry handling
   Frank Wennmohs         : Technical directorship


 We gratefully acknowledge several colleagues who have allowed us to
 interface, adapt or use parts of their codes:
   Stefan Grimme, W. Hujo, H. Kruse, T. Risthaus : VdW corrections, initial TS optimization,
                                                   DFT functionals, gCP
   Ed Valeev                                     : LibInt (2-el integral package), F12 methods
   Garnet Chan, S. Sharma, R. Olivares           : DMRG
   Ulf Ekstrom                                   : XCFun DFT Library
   Mihaly Kallay                                 : mrcc  (arbitrary order and MRCC methods)
   Andreas Klamt, Michael Diedenhofen            : otool_cosmo (COSMO solvation model)
   Frank Weinhold                                : gennbo (NPA and NBO analysis)
   Christopher J. Cramer and Donald G. Truhlar   : smd solvation model


 Your calculation uses the libint2 library for the computation of 2-el integrals
 For citations please refer to: http://libint.valeyev.net

 This ORCA versions uses:
   CBLAS   interface :  Fast vector & matrix operations
   LAPACKE interface :  Fast linear algebra routines
   SCALAPACK package :  Parallel linear algebra routines


================================================================================
                                        WARNINGS
                       Please study these warnings very carefully!
================================================================================
Now building the actual basis set


INFO   : the flag for use of LIBINT has been found!

================================================================================
                                       INPUT FILE
================================================================================
NAME = ./methane.inp
|  1> # ================================================================
|  2> # Orca input file for CASINO with sg-orbitals
|  3> # ================================================================
|  4> ! RHF STO-3G VeryTightSCF
|  5> ! PAL2
|  6> 
|  7> %basis
|  8> newgto C
|  9> S  11
| 10>   1 312100.0000000              0.00000567
| 11>   2  46740.0000000              0.00004410
| 12>   3  10640.0000000              0.00023190
| 13>   4   3013.0000000              0.00097897
| 14>   5    982.8000000              0.00355163
| 15>   6    354.8000000              0.01144061
| 16>   7    138.4000000              0.03299855
| 17>   8     57.3500000              0.08405347
| 18>   9     24.9200000              0.18067613
| 19>  10     11.2300000              0.30491140
| 20>  11      5.2010000              0.34141570
| 21> S   1
| 22>   1      2.4260000              1.0000000
| 23> S   1
| 24>   1      0.9673000              1.0000000
| 25> S   1
| 26>   1      0.4456000              1.0000000
| 27> S   1
| 28>   1      0.1971000              1.0000000
| 29> S   1
| 30>   1      0.0863500              1.0000000
| 31> G   3
| 32>   1 60.0434382795337167843  0.11407461847341315449
| 33>   2 22.1675054852210094114  0.10668188273112432880
| 34>   3 4.80239596988874257441 15.21685292468813489609
| 35> G   1
| 36>   1 1.48339076950115698968  1.0
| 37> G   1
| 38>   1 0.46178952710355971802  1.0
| 39> G   1
| 40>   1 0.30249228070031443967  1.0
| 41> G   1
| 42>   1 0.09028412219748024402  1.0
| 43> end
| 44> newgto H
| 45> S   8
| 46>   1 13940.8000000              0.00000301
| 47>   2  3471.4300000              0.00000544
| 48>   3  1903.1800000              0.00001785
| 49>   4   623.2860000              0.00007195
| 50>   5   290.3600000              0.00012055
| 51>   6   126.5850000              0.00052527
| 52>   7    44.6955000              0.00201384
| 53>   8    16.0038000              0.00687086
| 54> S   1
| 55>   1     6.0805600              1.0000000
| 56> S   1
| 57>   1     2.4762200              1.0000000
| 58> S   1
| 59>   1     1.0757100              1.0000000
| 60> S   1
| 61>   1     0.4896820              1.0000000
| 62> S   1
| 63>   1     0.2297860              1.0000000
| 64> S   1
| 65>   1     0.1099655              1.0000000
| 66> S   1
| 67>   1     0.0523230              1.0000000
| 68> G   3
| 69>   1 10.1787046997423421309  0.00059884370424923467
| 70>   2 2.39526407180282360689 -0.09809424339784892573
| 71>   3 1.04864968631957502892  0.94847150361269593480
| 72> G   1
| 73>   1 0.72018956988162897143  1.0
| 74> G   1
| 75>   1 0.33281514997841096614  1.0
| 76> G   1
| 77>   1 0.12166473257337672303  1.0
| 78> end
| 79> end
| 80> 
| 81> * xyz 0 1
| 82>   C       0.000000      0.000000      0.000000
| 83>   H       0.629118      0.629118      0.629118
| 84>   H      -0.629118     -0.629118      0.629118
| 85>   H       0.629118     -0.629118     -0.629118
| 86>   H      -0.629118      0.629118     -0.629118
| 87> *
| 88> 
| 89>                          ****END OF INPUT****
================================================================================

                       ****************************
                       * Single Point Calculation *
                       ****************************

---------------------------------
CARTESIAN COORDINATES (ANGSTROEM)
---------------------------------
  C      0.000000    0.000000    0.000000
  H      0.629118    0.629118    0.629118
  H     -0.629118   -0.629118    0.629118
  H      0.629118   -0.629118   -0.629118
  H     -0.629118    0.629118   -0.629118

----------------------------
CARTESIAN COORDINATES (A.U.)
----------------------------
  NO LB      ZA    FRAG    MASS        X           Y           Z
   0 C     6.0000    0    12.011          0.000000000000000          0.000000000000000          0.000000000000000
   1 H     1.0000    0     1.008          1.188860725920270          1.188860725920270          1.188860725920270
   2 H     1.0000    0     1.008         -1.188860725920270         -1.188860725920270          1.188860725920270
   3 H     1.0000    0     1.008          1.188860725920270         -1.188860725920270         -1.188860725920270
   4 H     1.0000    0     1.008         -1.188860725920270          1.188860725920270         -1.188860725920270

--------------------------------
INTERNAL COORDINATES (ANGSTROEM)
--------------------------------
 C      0   0   0   0.000000     0.000     0.000
 H      1   0   0   1.089664     0.000     0.000
 H      1   2   0   1.089664   109.471     0.000
 H      1   2   3   1.089664   109.471   240.000
 H      1   2   3   1.089664   109.471   120.000

---------------------------
INTERNAL COORDINATES (A.U.)
---------------------------
 C      0   0   0   0.000000     0.000     0.000
 H      1   0   0   2.059167     0.000     0.000
 H      1   2   0   2.059167   109.471     0.000
 H      1   2   3   2.059167   109.471   240.000
 H      1   2   3   2.059167   109.471   120.000

---------------------
BASIS SET INFORMATION
---------------------
There are 2 groups of distinct atoms

 Group   1 Type C   : 16s7g contracted to 6s5g pattern {1111111/31111}
 Group   2 Type H   : 15s6g contracted to 8s4g pattern {81111111/3111}

Atom   0C    basis set group =>   1
Atom   1H    basis set group =>   2
Atom   2H    basis set group =>   2
Atom   3H    basis set group =>   2
Atom   4H    basis set group =>   2


           ************************************************************
           *        Program running with 2 parallel MPI-processes     *
           *              working on a common directory               *
           ************************************************************
------------------------------------------------------------------------------
                           ORCA GTO INTEGRAL CALCULATION
------------------------------------------------------------------------------

                         BASIS SET STATISTICS AND STARTUP INFO

 # of primitive gaussian shells          ...  107
 # of primitive gaussian functions       ...  355
 # of contracted shell                   ...   59
 # of contracted basis functions         ...  227
 Highest angular momentum                ...    4
 Maximum contraction depth               ...   11
 Integral package used                   ... LIBINT
 Integral threshhold            Thresh   ...  1.000e-12
 Primitive cut-off              TCut     ...  1.000e-14


                              INTEGRAL EVALUATION

 One electron integrals                  ... done
 Pre-screening matrix                    ... done
 Shell pair data                         ... done (   0.002 sec)

           ************************************************************
           *              Shut down parallel processing               *
           ************************************************************


           ************************************************************
           *        Program running with 2 parallel MPI-processes     *
           *              working on a common directory               *
           ************************************************************
-------------------------------------------------------------------------------
                                 ORCA SCF
-------------------------------------------------------------------------------

------------
SCF SETTINGS
------------
Hamiltonian:
 Ab initio Hamiltonian  Method          .... Hartree-Fock(GTOs)


General Settings:
 Integral files         IntName         .... ./methane
 Hartree-Fock type      HFTyp           .... RHF
 Total Charge           Charge          ....    0
 Multiplicity           Mult            ....    1
 Number of Electrons    NEL             ....   10
 Basis Dimension        Dim             ....  227
 Nuclear Repulsion      ENuc            ....     13.4395278234 Eh

Convergence Acceleration:
 DIIS                   CNVDIIS         .... on
   Start iteration      DIISMaxIt       ....    12
   Startup error        DIISStart       ....  0.200000
   # of expansion vecs  DIISMaxEq       ....     5
   Bias factor          DIISBfac        ....   1.050
   Max. coefficient     DIISMaxC        ....  10.000
 Newton-Raphson         CNVNR           .... off
 SOSCF                  CNVSOSCF        .... on
   Start iteration      SOSCFMaxIt      ....   150
   Startup grad/error   SOSCFStart      ....  0.003300
 Level Shifting         CNVShift        .... on
   Level shift para.    LevelShift      ....    0.2500
   Turn off err/grad.   ShiftErr        ....    0.0010
 Zerner damping         CNVZerner       .... off
 Static damping         CNVDamp         .... on
   Fraction old density DampFac         ....    0.7000
   Max. Damping (<1)    DampMax         ....    0.9800
   Min. Damping (>=0)   DampMin         ....    0.0000
   Turn off err/grad.   DampErr         ....    0.1000
 Fernandez-Rico         CNVRico         .... off

SCF Procedure:
 Maximum # iterations   MaxIter         ....   125
 SCF integral mode      SCFMode         .... Direct
   Integral package                     .... LIBINT
 Reset frequeny         DirectResetFreq ....    20
 Integral Threshold     Thresh          ....  1.000e-12 Eh
 Primitive CutOff       TCut            ....  1.000e-14 Eh

Convergence Tolerance:
 Convergence Check Mode ConvCheckMode   .... Total+1el-Energy
 Energy Change          TolE            ....  1.000e-09 Eh
 1-El. energy change                    ....  1.000e-06 Eh
 Orbital Gradient       TolG            ....  2.000e-06
 Orbital Rotation angle TolX            ....  2.000e-06
 DIIS Error             TolErr          ....  1.000e-08


Diagonalization of the overlap matrix:
Smallest eigenvalue                        ... 4.384e-04
Time for diagonalization                   ...    0.236 sec
Threshold for overlap eigenvalues          ... 1.000e-08
Number of eigenvalues below threshold      ... 0
Time for construction of square roots      ...    0.025 sec
Total time needed                          ...    0.262 sec

-------------------
DFT GRID GENERATION
-------------------

General Integration Accuracy     IntAcc      ...  4.340
Radial Grid Type                 RadialGrid  ... Gauss-Chebyshev
Angular Grid (max. acc.)         AngularGrid ... Lebedev-110
Angular grid pruning method      GridPruning ... 3 (G Style)
Weight generation scheme         WeightScheme... Becke
Basis function cutoff            BFCut       ...    1.0000e-12
Integration weight cutoff        WCut        ...    1.0000e-14
Grids for H and He will be reduced by one unit

# of grid points (after initial pruning)     ...   4832 (   0.0 sec)
# of grid points (after weights+screening)   ...   4636 (   0.0 sec)
nearest neighbour list constructed           ...    0.0 sec
Grid point re-assignment to atoms done       ...    0.0 sec
Grid point division into batches done        ...    0.0 sec
Reduced shell lists constructed in    0.1 sec

Total number of grid points                  ...     4636
Total number of batches                      ...       75
Average number of points per batch           ...       61
Average number of grid points per atom       ...      927
Average number of shells per batch           ...    50.26 (85.18%)
Average number of basis functions per batch  ...   208.62 (91.90%)
Average number of large shells per batch     ...    46.69 (92.91%)
Average number of large basis fcns per batch ...   200.33 (96.03%)
Maximum spatial batch extension              ...  22.36, 22.80, 22.36 au
Average spatial batch extension              ...   2.74,  2.55,  2.58 au

Time for grid setup =    0.161 sec

------------------------------
INITIAL GUESS: MODEL POTENTIAL
------------------------------
Loading Hartree-Fock densities                     ... done
Calculating cut-offs                               ... done
Setting up the integral package                    ... done
Initializing the effective Hamiltonian             ... done
Starting the Coulomb interaction                   ... done (   0.1 sec)
Reading the grid                                   ... done
Mapping shells                                     ... done
Starting the XC term evaluation                    ... done (   0.1 sec)
Transforming the Hamiltonian                       ... done (   0.0 sec)
Diagonalizing the Hamiltonian                      ... done (   0.1 sec)
Back transforming the eigenvectors                 ... done (   0.0 sec)
Now organizing SCF variables                       ... done
                      ------------------
                      INITIAL GUESS DONE (   0.7 sec)
                      ------------------
--------------
SCF ITERATIONS
--------------
ITER       Energy         Delta-E        Max-DP      RMS-DP      [F,P]     Damp
               ***  Starting incremental Fock matrix formation  ***
  0    -39.3771486352   0.000000000000 0.03575695  0.00055400  0.3092883 0.7000
  1    -39.3900961568  -0.012947521607 0.02948283  0.00045991  0.2200915 0.7000
                               ***Turning on DIIS***
  2    -39.3993353917  -0.009239234907 0.02124001  0.00033172  0.1556228 0.7000
  3    -39.3225532970   0.076782094621 0.01511055  0.00023365  0.1100633 0.7000
  4    -39.3312666415  -0.008713344497 0.03556166  0.00054835  0.0774219 0.0000
                      *** Initiating the SOSCF procedure ***
                           *** Shutting down DIIS ***
                      *** Re-Reading the Fockian *** 
                      *** Removing any level shift *** 
ITER      Energy       Delta-E        Grad      Rot      Max-DP    RMS-DP
  5    -39.42043287  -0.0891662236  0.000587  0.000587  0.000692  0.000017
               *** Restarting incremental Fock matrix formation ***
  6    -39.42076882  -0.0003359567  0.000170  0.000241  0.000524  0.000009
  7    -39.42076936  -0.0000005332  0.000049  0.000082  0.000181  0.000003
  8    -39.42076939  -0.0000000386  0.000002  0.000001  0.000006  0.000000
                 **** Energy Check signals convergence ****
              ***Rediagonalizing the Fockian in SOSCF/NRSCF***

               *****************************************************
               *                     SUCCESS                       *
               *           SCF CONVERGED AFTER   9 CYCLES          *
               *****************************************************


----------------
TOTAL SCF ENERGY
----------------

Total Energy       :          -39.42076939 Eh           -1072.69367 eV

Components:
Nuclear Repulsion  :           13.43952782 Eh             365.70814 eV
Electronic Energy  :          -52.86029722 Eh           -1438.40181 eV

One Electron Energy:          -76.26044768 Eh           -2075.15228 eV
Two Electron Energy:           23.40015046 Eh             636.75047 eV

Virial components:
Potential Energy   :          -79.12316973 Eh           -2153.05091 eV
Kinetic Energy     :           39.70240034 Eh            1080.35724 eV
Virial Ratio       :            1.99290645


---------------
SCF CONVERGENCE
---------------

  Last Energy change         ...   -2.3007e-11  Tolerance :   1.0000e-09
  Last MAX-Density change    ...    8.5842e-07  Tolerance :   1.0000e-08
  Last RMS-Density change    ...    1.3702e-08  Tolerance :   1.0000e-09
  Last Orbital Gradient      ...    3.4170e-07  Tolerance :   2.0000e-06
  Last Orbital Rotation      ...    3.0648e-07  Tolerance :   2.0000e-06

             **** THE GBW FILE WAS UPDATED (./methane.gbw) ****
             **** DENSITY FILE WAS UPDATED (./methane.scfp.tmp) ****
             **** ENERGY FILE WAS UPDATED (./methane.en.tmp) ****
----------------
ORBITAL ENERGIES
----------------

  NO   OCC          E(Eh)            E(eV) 
   0   2.0000     -11.879286      -323.2518 
   1   2.0000      -1.177559       -32.0430 
   2   2.0000      -0.557743       -15.1770 
   3   2.0000      -0.557743       -15.1770 
   4   2.0000      -0.557743       -15.1770 
   5   0.0000       0.048467         1.3189 
   6   0.0000       0.108400         2.9497 
   7   0.0000       0.108400         2.9497 
   8   0.0000       0.108400         2.9497 
   9   0.0000       0.249552         6.7907 
  10   0.0000       0.371517        10.1095 
  11   0.0000       0.416256        11.3269 
  12   0.0000       0.416256        11.3269 
  13   0.0000       0.416256        11.3269 
  14   0.0000       0.438562        11.9339 
  15   0.0000       0.438562        11.9339 
  16   0.0000       0.438562        11.9339 
  17   0.0000       0.440483        11.9861 
  18   0.0000       0.440483        11.9861 
  19   0.0000       0.444604        12.0983 
  20   0.0000       0.444604        12.0983 
  21   0.0000       0.444604        12.0983 
  22   0.0000       0.448596        12.2069 
  23   0.0000       0.527869        14.3640 
  24   0.0000       0.527869        14.3640 
  25   0.0000       0.527869        14.3640 
  26   0.0000       0.580453        15.7949 
  27   0.0000       0.580453        15.7949 
  28   0.0000       0.580453        15.7949 
  29   0.0000       0.581985        15.8366 
  30   0.0000       0.581985        15.8366 
  31   0.0000       0.592690        16.1279 
  32   0.0000       0.592690        16.1279 
  33   0.0000       0.592690        16.1279 
  34   0.0000       0.610347        16.6084 
  35   0.0000       0.610347        16.6084 
  36   0.0000       0.610347        16.6084 
  37   0.0000       0.622423        16.9370 
  38   0.0000       0.627229        17.0678 
  39   0.0000       0.627229        17.0678 
  40   0.0000       0.627229        17.0678 
  41   0.0000       0.744204        20.2508 
  42   0.0000       0.754688        20.5361 
  43   0.0000       0.754688        20.5361 
  44   0.0000       0.757944        20.6247 
  45   0.0000       0.760164        20.6851 
  46   0.0000       0.760164        20.6851 
  47   0.0000       0.760164        20.6851 
  48   0.0000       0.831982        22.6394 
  49   0.0000       0.831982        22.6394 
  50   0.0000       0.831982        22.6394 
  51   0.0000       0.848419        23.0867 
  52   0.0000       0.848419        23.0867 
  53   0.0000       0.848419        23.0867 
  54   0.0000       0.908413        24.7192 
  55   0.0000       0.908413        24.7192 
  56   0.0000       0.908896        24.7323 
  57   0.0000       0.924815        25.1655 
  58   0.0000       0.924815        25.1655 
  59   0.0000       0.924815        25.1655 
  60   0.0000       1.139347        31.0032 
  61   0.0000       1.147417        31.2228 
  62   0.0000       1.147417        31.2228 
  63   0.0000       1.147417        31.2228 
  64   0.0000       1.240955        33.7681 
  65   0.0000       1.240955        33.7681 
  66   0.0000       1.240955        33.7681 
  67   0.0000       1.385252        37.6946 
  68   0.0000       1.396220        37.9931 
  69   0.0000       1.402426        38.1620 
  70   0.0000       1.402426        38.1620 
  71   0.0000       1.410938        38.3936 
  72   0.0000       1.410938        38.3936 
  73   0.0000       1.410938        38.3936 
  74   0.0000       1.477128        40.1947 
  75   0.0000       1.477128        40.1947 
  76   0.0000       1.477128        40.1947 
  77   0.0000       1.517179        41.2845 
  78   0.0000       1.517179        41.2845 
  79   0.0000       1.623964        44.1903 
  80   0.0000       1.623964        44.1903 
  81   0.0000       1.623964        44.1903 
  82   0.0000       1.659528        45.1581 
  83   0.0000       1.659528        45.1581 
  84   0.0000       1.659528        45.1581 
  85   0.0000       1.788997        48.6811 
  86   0.0000       1.788997        48.6811 
  87   0.0000       1.788997        48.6811 
  88   0.0000       1.832372        49.8614 
  89   0.0000       1.851362        50.3781 
  90   0.0000       1.851362        50.3781 
  91   0.0000       1.851362        50.3781 
  92   0.0000       1.878822        51.1253 
  93   0.0000       1.885200        51.2989 
  94   0.0000       1.885200        51.2989 
  95   0.0000       1.909522        51.9607 
  96   0.0000       1.909522        51.9607 
  97   0.0000       1.909522        51.9607 
  98   0.0000       1.943954        52.8977 
  99   0.0000       1.943954        52.8977 
 100   0.0000       1.943954        52.8977 
 101   0.0000       1.992825        54.2275 
 102   0.0000       1.992825        54.2275 
 103   0.0000       1.992825        54.2275 
 104   0.0000       2.027348        55.1669 
 105   0.0000       2.058015        56.0014 
 106   0.0000       2.058015        56.0014 
 107   0.0000       2.234689        60.8090 
 108   0.0000       2.234689        60.8090 
 109   0.0000       2.234689        60.8090 
 110   0.0000       2.999820        81.6293 
 111   0.0000       2.999820        81.6293 
 112   0.0000       2.999820        81.6293 
 113   0.0000       3.022775        82.2539 
 114   0.0000       3.113661        84.7270 
 115   0.0000       3.168192        86.2109 
 116   0.0000       3.168192        86.2109 
 117   0.0000       3.168192        86.2109 
 118   0.0000       3.180465        86.5448 
 119   0.0000       3.180465        86.5448 
 120   0.0000       3.264891        88.8422 
 121   0.0000       3.264891        88.8422 
 122   0.0000       3.264891        88.8422 
 123   0.0000       3.536193        96.2247 
 124   0.0000       3.536193        96.2247 
 125   0.0000       3.536193        96.2247 
 126   0.0000       3.727735       101.4368 
 127   0.0000       3.769544       102.5745 
 128   0.0000       3.769544       102.5745 
 129   0.0000       3.769544       102.5745 
 130   0.0000       3.950774       107.5060 
 131   0.0000       3.950774       107.5060 
 132   0.0000       3.957129       107.6790 
 133   0.0000       3.957129       107.6790 
 134   0.0000       3.957129       107.6790 
 135   0.0000       3.989315       108.5548 
 136   0.0000       4.004240       108.9609 
 137   0.0000       4.004240       108.9609 
 138   0.0000       4.004240       108.9609 
 139   0.0000       4.086097       111.1883 
 140   0.0000       4.086097       111.1883 
 141   0.0000       4.130979       112.4096 
 142   0.0000       4.130979       112.4096 
 143   0.0000       4.130979       112.4096 
 144   0.0000       4.236230       115.2737 
 145   0.0000       4.236230       115.2737 
 146   0.0000       4.236230       115.2737 
 147   0.0000       4.313411       117.3739 
 148   0.0000       4.313411       117.3739 
 149   0.0000       4.398885       119.6997 
 150   0.0000       4.398885       119.6997 
 151   0.0000       4.398885       119.6997 
 152   0.0000       4.412050       120.0580 
 153   0.0000       4.412050       120.0580 
 154   0.0000       4.412050       120.0580 
 155   0.0000       4.414487       120.1243 
 156   0.0000       4.511014       122.7509 
 157   0.0000       4.587155       124.8228 
 158   0.0000       4.587155       124.8228 
 159   0.0000       4.587155       124.8228 
 160   0.0000       7.376445       200.7233 
 161   0.0000       7.376445       200.7233 
 162   0.0000       7.376445       200.7233 
 163   0.0000       7.446695       202.6349 
 164   0.0000       7.446695       202.6349 
 165   0.0000       7.446695       202.6349 
 166   0.0000       7.470421       203.2805 
 167   0.0000       7.470421       203.2805 
 168   0.0000       7.514662       204.4844 
 169   0.0000       7.612059       207.1347 
 170   0.0000       7.641668       207.9403 
 171   0.0000       7.641668       207.9403 
 172   0.0000       7.641668       207.9403 
 173   0.0000       7.792638       212.0485 
 174   0.0000       7.792638       212.0485 
 175   0.0000       7.792638       212.0485 
 176   0.0000       7.931778       215.8347 
 177   0.0000       7.931778       215.8347 
 178   0.0000       8.023950       218.3428 
 179   0.0000       8.023950       218.3428 
 180   0.0000       8.023950       218.3428 
 181   0.0000       8.144987       221.6364 
 182   0.0000       8.200584       223.1492 
 183   0.0000       8.200584       223.1492 
 184   0.0000       8.200584       223.1492 
 185   0.0000       8.289092       225.5577 
 186   0.0000       8.289092       225.5577 
 187   0.0000       8.289092       225.5577 
 188   0.0000       8.322988       226.4800 
 189   0.0000       8.352417       227.2808 
 190   0.0000       8.352417       227.2808 
 191   0.0000       8.395125       228.4430 
 192   0.0000       8.395125       228.4430 
 193   0.0000       8.395125       228.4430 
 194   0.0000       8.434218       229.5067 
 195   0.0000       8.434218       229.5067 
 196   0.0000       8.434218       229.5067 
 197   0.0000       8.578775       233.4403 
 198   0.0000       8.578775       233.4403 
 199   0.0000       8.578775       233.4403 
 200   0.0000       9.011281       245.2094 
 201   0.0000       9.011281       245.2094 
 202   0.0000       9.011281       245.2094 
 203   0.0000       9.146059       248.8769 
 204   0.0000       9.146059       248.8769 
 205   0.0000       9.195907       250.2333 
 206   0.0000       9.195907       250.2333 
 207   0.0000       9.195907       250.2333 
 208   0.0000       9.282924       252.6012 
 209   0.0000      14.062211       382.6522 
 210   0.0000      19.948687       542.8314 
 211   0.0000      19.948687       542.8314 
 212   0.0000      19.948687       542.8314 
 213   0.0000      20.067710       546.0702 
 214   0.0000      25.967711       706.6173 
 215   0.0000      25.967711       706.6173 
 216   0.0000      25.967711       706.6173 
 217   0.0000      25.969476       706.6654 
 218   0.0000      25.969476       706.6654 
 219   0.0000      25.969476       706.6654 
 220   0.0000      26.033683       708.4125 
 221   0.0000      26.033683       708.4125 
 222   0.0000      26.094359       710.0636 
 223   0.0000      71.208614      1937.6849 
 224   0.0000      71.208614      1937.6849 
 225   0.0000      71.208614      1937.6849 
 226   0.0000      71.309424      1940.4281 

                    ********************************
                    * MULLIKEN POPULATION ANALYSIS *
                    ********************************

-----------------------
MULLIKEN ATOMIC CHARGES
-----------------------
   0 C :    2.605679
   1 H :   -0.651420
   2 H :   -0.651420
   3 H :   -0.651420
   4 H :   -0.651420
Sum of atomic charges:    0.0000000

--------------------------------
MULLIKEN REDUCED ORBITAL CHARGES
--------------------------------
  0 C s       :     3.443790  s :     3.443790
      g0      :    -0.000086  g :    -0.049470
      g+1     :    -0.002055
      g-1     :    -0.002055
      g+2     :    -0.000000
      g-2     :    -0.016441
      g+3     :    -0.014386
      g-3     :    -0.014386
      g+4     :    -0.000061
      g-4     :     0.000000
  1 H s       :     1.548988  s :     1.548988
      g0      :     0.004370  g :     0.102432
      g+1     :     0.010082
      g-1     :     0.010082
      g+2     :    -0.001542
      g-2     :     0.024250
      g+3     :     0.022226
      g-3     :     0.022226
      g+4     :     0.002681
      g-4     :     0.008058
  2 H s       :     1.548988  s :     1.548988
      g0      :     0.004370  g :     0.102432
      g+1     :     0.010082
      g-1     :     0.010082
      g+2     :    -0.001542
      g-2     :     0.024250
      g+3     :     0.022226
      g-3     :     0.022226
      g+4     :     0.002681
      g-4     :     0.008058
  3 H s       :     1.548988  s :     1.548988
      g0      :     0.004370  g :     0.102432
      g+1     :     0.010082
      g-1     :     0.010082
      g+2     :    -0.001542
      g-2     :     0.024250
      g+3     :     0.022226
      g-3     :     0.022226
      g+4     :     0.002681
      g-4     :     0.008058
  4 H s       :     1.548988  s :     1.548988
      g0      :     0.004370  g :     0.102432
      g+1     :     0.010082
      g-1     :     0.010082
      g+2     :    -0.001542
      g-2     :     0.024250
      g+3     :     0.022226
      g-3     :     0.022226
      g+4     :     0.002681
      g-4     :     0.008058


                     *******************************
                     * LOEWDIN POPULATION ANALYSIS *
                     *******************************

----------------------
LOEWDIN ATOMIC CHARGES
----------------------
   0 C :    3.015112
   1 H :   -0.753778
   2 H :   -0.753778
   3 H :   -0.753778
   4 H :   -0.753778

-------------------------------
LOEWDIN REDUCED ORBITAL CHARGES
-------------------------------
  0 C s       :     2.947489  s :     2.947489
      g0      :     0.000451  g :     0.037399
      g+1     :     0.001526
      g-1     :     0.001526
      g+2     :    -0.000000
      g-2     :     0.012208
      g+3     :     0.010682
      g-3     :     0.010682
      g+4     :     0.000322
      g-4     :     0.000000
  1 H s       :     1.582928  s :     1.582928
      g0      :     0.015432  g :     0.170850
      g+1     :     0.010654
      g-1     :     0.010654
      g+2     :     0.017873
      g-2     :     0.033012
      g+3     :     0.029818
      g-3     :     0.029818
      g+4     :     0.016130
      g-4     :     0.007460
  2 H s       :     1.582928  s :     1.582928
      g0      :     0.015432  g :     0.170850
      g+1     :     0.010654
      g-1     :     0.010654
      g+2     :     0.017873
      g-2     :     0.033012
      g+3     :     0.029818
      g-3     :     0.029818
      g+4     :     0.016130
      g-4     :     0.007460
  3 H s       :     1.582928  s :     1.582928
      g0      :     0.015432  g :     0.170850
      g+1     :     0.010654
      g-1     :     0.010654
      g+2     :     0.017873
      g-2     :     0.033012
      g+3     :     0.029818
      g-3     :     0.029818
      g+4     :     0.016130
      g-4     :     0.007460
  4 H s       :     1.582928  s :     1.582928
      g0      :     0.015432  g :     0.170850
      g+1     :     0.010654
      g-1     :     0.010654
      g+2     :     0.017873
      g-2     :     0.033012
      g+3     :     0.029818
      g-3     :     0.029818
      g+4     :     0.016130
      g-4     :     0.007460


                      *****************************
                      * MAYER POPULATION ANALYSIS *
                      *****************************

  NA   - Mulliken gross atomic population
  ZA   - Total nuclear charge
  QA   - Mulliken gross atomic charge
  VA   - Mayer's total valence
  BVA  - Mayer's bonded valence
  FA   - Mayer's free valence

  ATOM       NA         ZA         QA         VA         BVA        FA
  0 C      3.3943     6.0000     2.6057     0.7038     0.7038     0.0000
  1 H      1.6514     1.0000    -0.6514     0.7985     0.7985     0.0000
  2 H      1.6514     1.0000    -0.6514     0.7985     0.7985    -0.0000
  3 H      1.6514     1.0000    -0.6514     0.7985     0.7985     0.0000
  4 H      1.6514     1.0000    -0.6514     0.7985     0.7985     0.0000

  Mayer bond orders larger than 0.1
B(  0-C ,  1-H ) :   0.1760 B(  0-C ,  2-H ) :   0.1760 B(  0-C ,  3-H ) :   0.1760 
B(  0-C ,  4-H ) :   0.1760 B(  1-H ,  2-H ) :   0.2075 B(  1-H ,  3-H ) :   0.2075 
B(  1-H ,  4-H ) :   0.2075 B(  2-H ,  3-H ) :   0.2075 B(  2-H ,  4-H ) :   0.2075 
B(  3-H ,  4-H ) :   0.2075 

-------
TIMINGS
-------

Total SCF time: 0 days 0 hours 41 min 37 sec 

Total time                  ....    2497.382 sec
Sum of individual times     ....    2498.157 sec  (100.0%)

Fock matrix formation       ....    2496.433 sec  (100.0%)
Diagonalization             ....       0.396 sec  (  0.0%)
Density matrix formation    ....       0.031 sec  (  0.0%)
Population analysis         ....       0.083 sec  (  0.0%)
Initial guess               ....       0.757 sec  (  0.0%)
Orbital Transformation      ....       0.000 sec  (  0.0%)
Orbital Orthonormalization  ....       0.000 sec  (  0.0%)
DIIS solution               ....       0.141 sec  (  0.0%)
SOSCF solution              ....       0.156 sec  (  0.0%)
           ************************************************************
           *              Shut down parallel processing               *
           ************************************************************

-------------------------   --------------------
FINAL SINGLE POINT ENERGY       -39.420769393656
-------------------------   --------------------


                            ***************************************
                            *     ORCA property calculations      *
                            ***************************************

                                    ---------------------
                                    Active property flags
                                    ---------------------
   (+) Dipole Moment


------------------------------------------------------------------------------
                       ORCA ELECTRIC PROPERTIES CALCULATION
------------------------------------------------------------------------------

Dipole Moment Calculation                       ... on
Quadrupole Moment Calculation                   ... off
Polarizability Calculation                      ... off
GBWName                                         ... ./methane.gbw
Electron density file                           ... ./methane.scfp.tmp

-------------
DIPOLE MOMENT
-------------
                                X             Y             Z
Electronic contribution:     -0.00000      -0.00000       0.00000
Nuclear contribution   :      0.00000       0.00000       0.00000
                        -----------------------------------------
Total Dipole Moment    :     -0.00000      -0.00000       0.00000
                        -----------------------------------------
Magnitude (a.u.)       :      0.00000
Magnitude (Debye)      :      0.00000


Timings for individual modules:

Sum of individual times         ...     2526.455 sec (=  42.108 min)
GTO integral calculation        ...       21.088 sec (=   0.351 min)   0.8 %
SCF iterations                  ...     2505.367 sec (=  41.756 min)  99.2 %
                             ****ORCA TERMINATED NORMALLY****
TOTAL RUN TIME: 0 days 0 hours 42 minutes 12 seconds 64 msec
