
                                 *****************
                                 * O   R   C   A *
                                 *****************

           --- An Ab Initio, DFT and Semiempirical electronic structure package ---

                  #######################################################
                  #                        -***-                        #
                  #  Department of molecular theory and spectroscopy    #
                  #              Directorship: Frank Neese              #
                  # Max Planck Institute for Chemical Energy Conversion #
                  #                  D-45470 Muelheim/Ruhr              #
                  #                       Germany                       #
                  #                                                     #
                  #                  All rights reserved                #
                  #                        -***-                        #
                  #######################################################


                         Program Version 3.0.3 - RELEASE   -


 With contributions from (in alphabetic order):
   Ute Becker             : Parallelization
   Dmytro Bykov           : SCF Hessian
   Dmitry Ganyushin       : Spin-Orbit,Spin-Spin,Magnetic field MRCI
   Andreas Hansen         : Spin unrestricted coupled pair/coupled cluster methods
   Dimitrios Liakos       : Extrapolation schemes; parallel MDCI
   Robert Izsak           : Overlap fitted RIJCOSX, COSX-SCS-MP3
   Christian Kollmar      : KDIIS, OOCD, Brueckner-CCSD(T), CCSD density
   Simone Kossmann        : Meta GGA functionals, TD-DFT gradient, OOMP2, MP2 Hessian
   Taras Petrenko         : DFT Hessian,TD-DFT gradient, ASA and ECA modules, normal mode analysis, Resonance Raman, ABS, FL, XAS/XES, NRVS
   Christoph Reimann      : Effective Core Potentials
   Michael Roemelt        : Restricted open shell CIS
   Christoph Riplinger    : Improved optimizer, TS searches, QM/MM, DLPNO-CCSD
   Barbara Sandhoefer     : DKH picture change effects
   Igor Schapiro          : Molecular dynamics
   Kantharuban Sivalingam : CASSCF convergence, NEVPT2
   Boris Wezisla          : Elementary symmetry handling
   Frank Wennmohs         : Technical directorship


 We gratefully acknowledge several colleagues who have allowed us to
 interface, adapt or use parts of their codes:
   Stefan Grimme, W. Hujo, H. Kruse, T. Risthaus : VdW corrections, initial TS optimization,
                                                   DFT functionals, gCP
   Ed Valeev                                     : LibInt (2-el integral package), F12 methods
   Garnet Chan, S. Sharma, R. Olivares           : DMRG
   Ulf Ekstrom                                   : XCFun DFT Library
   Mihaly Kallay                                 : mrcc  (arbitrary order and MRCC methods)
   Andreas Klamt, Michael Diedenhofen            : otool_cosmo (COSMO solvation model)
   Frank Weinhold                                : gennbo (NPA and NBO analysis)
   Christopher J. Cramer and Donald G. Truhlar   : smd solvation model


 Your calculation uses the libint2 library for the computation of 2-el integrals
 For citations please refer to: http://libint.valeyev.net

 This ORCA versions uses:
   CBLAS   interface :  Fast vector & matrix operations
   LAPACKE interface :  Fast linear algebra routines
   SCALAPACK package :  Parallel linear algebra routines


Your calculation utilizes the basis: Ahlrichs-QZV
Cite in your paper:

================================================================================
                                        WARNINGS
                       Please study these warnings very carefully!
================================================================================
Now building the actual basis set


INFO   : the flag for use of LIBINT has been found!

================================================================================
                                       INPUT FILE
================================================================================
NAME = ./N4.inp
|  1> # ================================================================
|  2> # Orca input file for QMC test
|  3> # ================================================================
|  4> ! RHF def2-QZVP VeryTightSCF
|  5> ! PAL2
|  6> 
|  7> * xyz 0 1
|  8>  N       0.5200      0.5300      0.5100
|  9>  N      -0.5200     -0.5200      0.5200
| 10>  N      -0.5200      0.5200     -0.5200
| 11>  N       0.5200     -0.5200     -0.5200
| 12> *
| 13> 
| 14>                          ****END OF INPUT****
================================================================================

                       ****************************
                       * Single Point Calculation *
                       ****************************

---------------------------------
CARTESIAN COORDINATES (ANGSTROEM)
---------------------------------
  N      0.520000    0.530000    0.510000
  N     -0.520000   -0.520000    0.520000
  N     -0.520000    0.520000   -0.520000
  N      0.520000   -0.520000   -0.520000

----------------------------
CARTESIAN COORDINATES (A.U.)
----------------------------
  NO LB      ZA    FRAG    MASS        X           Y           Z
   0 N     7.0000    0    14.007          0.982657589639051          1.001554850978263          0.963760328299838
   1 N     7.0000    0    14.007         -0.982657589639051         -0.982657589639051          0.982657589639051
   2 N     7.0000    0    14.007         -0.982657589639051          0.982657589639051         -0.982657589639051
   3 N     7.0000    0    14.007          0.982657589639051         -0.982657589639051         -0.982657589639051

--------------------------------
INTERNAL COORDINATES (ANGSTROEM)
--------------------------------
 N      0   0   0   0.000000     0.000     0.000
 N      1   0   0   1.477904     0.000     0.000
 N      1   2   0   1.463762    59.995     0.000
 N      2   1   3   1.470782    59.843    70.788

---------------------------
INTERNAL COORDINATES (A.U.)
---------------------------
 N      0   0   0   0.000000     0.000     0.000
 N      1   0   0   2.792834     0.000     0.000
 N      1   2   0   2.766110    59.995     0.000
 N      2   1   3   2.779375    59.843    70.788

---------------------
BASIS SET INFORMATION
---------------------
There are 1 groups of distinct atoms

 Group   1 Type N   : 15s8p3d2f1g contracted to 7s4p3d2f1g pattern {8211111/5111/111/11/1}

Atom   0N    basis set group =>   1
Atom   1N    basis set group =>   1
Atom   2N    basis set group =>   1
Atom   3N    basis set group =>   1


           ************************************************************
           *        Program running with 2 parallel MPI-processes     *
           *              working on a common directory               *
           ************************************************************
------------------------------------------------------------------------------
                           ORCA GTO INTEGRAL CALCULATION
------------------------------------------------------------------------------

                         BASIS SET STATISTICS AND STARTUP INFO

 # of primitive gaussian shells          ...  116
 # of primitive gaussian functions       ...  308
 # of contracted shell                   ...   68
 # of contracted basis functions         ...  228
 Highest angular momentum                ...    4
 Maximum contraction depth               ...    8
 Integral package used                   ... LIBINT
 Integral threshhold            Thresh   ...  1.000e-12
 Primitive cut-off              TCut     ...  1.000e-14


                              INTEGRAL EVALUATION

 One electron integrals                  ... done
 Pre-screening matrix                    ... done
 Shell pair data                         ... done (   0.001 sec)

           ************************************************************
           *              Shut down parallel processing               *
           ************************************************************


           ************************************************************
           *        Program running with 2 parallel MPI-processes     *
           *              working on a common directory               *
           ************************************************************
-------------------------------------------------------------------------------
                                 ORCA SCF
-------------------------------------------------------------------------------

------------
SCF SETTINGS
------------
Hamiltonian:
 Ab initio Hamiltonian  Method          .... Hartree-Fock(GTOs)


General Settings:
 Integral files         IntName         .... ./N4
 Hartree-Fock type      HFTyp           .... RHF
 Total Charge           Charge          ....    0
 Multiplicity           Mult            ....    1
 Number of Electrons    NEL             ....   28
 Basis Dimension        Dim             ....  228
 Nuclear Repulsion      ENuc            ....    105.7779399624 Eh

Convergence Acceleration:
 DIIS                   CNVDIIS         .... on
   Start iteration      DIISMaxIt       ....    12
   Startup error        DIISStart       ....  0.200000
   # of expansion vecs  DIISMaxEq       ....     5
   Bias factor          DIISBfac        ....   1.050
   Max. coefficient     DIISMaxC        ....  10.000
 Newton-Raphson         CNVNR           .... off
 SOSCF                  CNVSOSCF        .... on
   Start iteration      SOSCFMaxIt      ....   150
   Startup grad/error   SOSCFStart      ....  0.003300
 Level Shifting         CNVShift        .... on
   Level shift para.    LevelShift      ....    0.2500
   Turn off err/grad.   ShiftErr        ....    0.0010
 Zerner damping         CNVZerner       .... off
 Static damping         CNVDamp         .... on
   Fraction old density DampFac         ....    0.7000
   Max. Damping (<1)    DampMax         ....    0.9800
   Min. Damping (>=0)   DampMin         ....    0.0000
   Turn off err/grad.   DampErr         ....    0.1000
 Fernandez-Rico         CNVRico         .... off

SCF Procedure:
 Maximum # iterations   MaxIter         ....   125
 SCF integral mode      SCFMode         .... Direct
   Integral package                     .... LIBINT
 Reset frequeny         DirectResetFreq ....    20
 Integral Threshold     Thresh          ....  1.000e-12 Eh
 Primitive CutOff       TCut            ....  1.000e-14 Eh

Convergence Tolerance:
 Convergence Check Mode ConvCheckMode   .... Total+1el-Energy
 Energy Change          TolE            ....  1.000e-09 Eh
 1-El. energy change                    ....  1.000e-06 Eh
 Orbital Gradient       TolG            ....  2.000e-06
 Orbital Rotation angle TolX            ....  2.000e-06
 DIIS Error             TolErr          ....  1.000e-08


Diagonalization of the overlap matrix:
Smallest eigenvalue                        ... 3.046e-04
Time for diagonalization                   ...    0.054 sec
Threshold for overlap eigenvalues          ... 1.000e-08
Number of eigenvalues below threshold      ... 0
Time for construction of square roots      ...    0.029 sec
Total time needed                          ...    0.092 sec

-------------------
DFT GRID GENERATION
-------------------

General Integration Accuracy     IntAcc      ...  4.340
Radial Grid Type                 RadialGrid  ... Gauss-Chebyshev
Angular Grid (max. acc.)         AngularGrid ... Lebedev-110
Angular grid pruning method      GridPruning ... 3 (G Style)
Weight generation scheme         WeightScheme... Becke
Basis function cutoff            BFCut       ...    1.0000e-12
Integration weight cutoff        WCut        ...    1.0000e-14
Grids for H and He will be reduced by one unit

# of grid points (after initial pruning)     ...   6808 (   0.0 sec)
# of grid points (after weights+screening)   ...   6700 (   0.0 sec)
nearest neighbour list constructed           ...    0.0 sec
Grid point re-assignment to atoms done       ...    0.0 sec
Grid point division into batches done        ...    0.0 sec
Reduced shell lists constructed in    0.2 sec

Total number of grid points                  ...     6700
Total number of batches                      ...      107
Average number of points per batch           ...       62
Average number of grid points per atom       ...     1675
Average number of shells per batch           ...    51.51 (75.75%)
Average number of basis functions per batch  ...   188.53 (82.69%)
Average number of large shells per batch     ...    45.93 (89.16%)
Average number of large basis fcns per batch ...   169.71 (90.02%)
Maximum spatial batch extension              ...  20.95, 18.98, 18.56 au
Average spatial batch extension              ...   2.63,  2.66,  2.58 au

Time for grid setup =    0.249 sec

------------------------------
INITIAL GUESS: MODEL POTENTIAL
------------------------------
Loading Hartree-Fock densities                     ... done
Calculating cut-offs                               ... done
Setting up the integral package                    ... done
Initializing the effective Hamiltonian             ... done
Starting the Coulomb interaction                   ... done (   0.2 sec)
Reading the grid                                   ... done
Mapping shells                                     ... done
Starting the XC term evaluation                    ... done (   0.3 sec)
Transforming the Hamiltonian                       ... done (   0.0 sec)
Diagonalizing the Hamiltonian                      ... done (   0.1 sec)
Back transforming the eigenvectors                 ... done (   0.0 sec)
Now organizing SCF variables                       ... done
                      ------------------
                      INITIAL GUESS DONE (   1.2 sec)
                      ------------------
--------------
SCF ITERATIONS
--------------
ITER       Energy         Delta-E        Max-DP      RMS-DP      [F,P]     Damp
               ***  Starting incremental Fock matrix formation  ***
  0   -217.5390504300   0.000000000000 0.01002348  0.00023362  0.3419863 0.7000
  1   -217.5588785910  -0.019828161046 0.00721612  0.00019040  0.2484581 0.7000
                               ***Turning on DIIS***
  2   -217.5731316101  -0.014253019057 0.00521952  0.00014517  0.1799439 0.7000
  3   -217.6173557083  -0.044224098210 0.00542633  0.00012494  0.1302818 0.7000
  4   -217.6237281147  -0.006372406452 0.01576630  0.00034106  0.0923630 0.0000
                      *** Initiating the SOSCF procedure ***
                           *** Shutting down DIIS ***
                      *** Re-Reading the Fockian *** 
                      *** Removing any level shift *** 
ITER      Energy       Delta-E        Grad      Rot      Max-DP    RMS-DP
  5   -217.60899713   0.0147309897  0.001417  0.001417  0.001916  0.000039
               *** Restarting incremental Fock matrix formation ***
  6   -217.60842066   0.0005764658  0.000719  0.000721  0.000918  0.000022
  7   -217.60843249  -0.0000118269  0.000362  0.000691  0.000539  0.000016
  8   -217.60843591  -0.0000034284  0.000037  0.000037  0.000085  0.000001
  9   -217.60843594  -0.0000000303  0.000013  0.000020  0.000046  0.000001
 10   -217.60843595  -0.0000000045  0.000006  0.000007  0.000014  0.000000
 11   -217.60843595  -0.0000000010  0.000001  0.000001  0.000002  0.000000
                  ***Gradient check signals convergence***
              ***Rediagonalizing the Fockian in SOSCF/NRSCF***

               *****************************************************
               *                     SUCCESS                       *
               *           SCF CONVERGED AFTER  12 CYCLES          *
               *****************************************************


----------------
TOTAL SCF ENERGY
----------------

Total Energy       :         -217.60843595 Eh           -5921.42658 eV

Components:
Nuclear Repulsion  :          105.77793996 Eh            2878.36408 eV
Electronic Energy  :         -323.38637591 Eh           -8799.79066 eV

One Electron Energy:         -504.32857038 Eh          -13723.47809 eV
Two Electron Energy:          180.94219447 Eh            4923.68743 eV

Virial components:
Potential Energy   :         -434.47369355 Eh          -11822.63025 eV
Kinetic Energy     :          216.86525760 Eh            5901.20367 eV
Virial Ratio       :            2.00342691


---------------
SCF CONVERGENCE
---------------

  Last Energy change         ...   -4.8260e-11  Tolerance :   1.0000e-09
  Last MAX-Density change    ...    3.7415e-07  Tolerance :   1.0000e-08
  Last RMS-Density change    ...    7.7937e-09  Tolerance :   1.0000e-09
  Last Orbital Gradient      ...    2.6592e-07  Tolerance :   2.0000e-06
  Last Orbital Rotation      ...    2.6457e-07  Tolerance :   2.0000e-06

             **** THE GBW FILE WAS UPDATED (./N4.gbw) ****
             **** DENSITY FILE WAS UPDATED (./N4.scfp.tmp) ****
             **** ENERGY FILE WAS UPDATED (./N4.en.tmp) ****
----------------
ORBITAL ENERGIES
----------------

  NO   OCC          E(Eh)            E(eV) 
   0   2.0000     -15.748881      -428.5488 
   1   2.0000     -15.747971      -428.5241 
   2   2.0000     -15.747957      -428.5237 
   3   2.0000     -15.747930      -428.5230 
   4   2.0000      -1.651830       -44.9486 
   5   2.0000      -1.044032       -28.4096 
   6   2.0000      -1.040665       -28.3179 
   7   2.0000      -1.037346       -28.2276 
   8   2.0000      -0.685821       -18.6621 
   9   2.0000      -0.570184       -15.5155 
  10   2.0000      -0.569045       -15.4845 
  11   2.0000      -0.567843       -15.4518 
  12   2.0000      -0.533928       -14.5289 
  13   2.0000      -0.528664       -14.3857 
  14   0.0000       0.155536         4.2324 
  15   0.0000       0.156543         4.2598 
  16   0.0000       0.157424         4.2837 
  17   0.0000       0.185536         5.0487 
  18   0.0000       0.187218         5.0945 
  19   0.0000       0.188976         5.1423 
  20   0.0000       0.244586         6.6555 
  21   0.0000       0.313514         8.5312 
  22   0.0000       0.314136         8.5481 
  23   0.0000       0.314751         8.5648 
  24   0.0000       0.329479         8.9656 
  25   0.0000       0.330345         8.9892 
  26   0.0000       0.424634        11.5549 
  27   0.0000       0.427082        11.6215 
  28   0.0000       0.429528        11.6880 
  29   0.0000       0.456528        12.4227 
  30   0.0000       0.456904        12.4330 
  31   0.0000       0.457415        12.4469 
  32   0.0000       0.537300        14.6207 
  33   0.0000       0.662948        18.0397 
  34   0.0000       0.664562        18.0836 
  35   0.0000       0.666188        18.1279 
  36   0.0000       0.835702        22.7406 
  37   0.0000       0.839381        22.8407 
  38   0.0000       0.843086        22.9415 
  39   0.0000       1.017658        27.6919 
  40   0.0000       1.169914        31.8350 
  41   0.0000       1.170402        31.8483 
  42   0.0000       1.185503        32.2592 
  43   0.0000       1.186729        32.2925 
  44   0.0000       1.188003        32.3272 
  45   0.0000       1.210818        32.9480 
  46   0.0000       1.212204        32.9857 
  47   0.0000       1.267707        34.4961 
  48   0.0000       1.269833        34.5539 
  49   0.0000       1.271920        34.6107 
  50   0.0000       1.282491        34.8984 
  51   0.0000       1.283370        34.9223 
  52   0.0000       1.284244        34.9460 
  53   0.0000       1.392559        37.8934 
  54   0.0000       1.393301        37.9137 
  55   0.0000       1.394042        37.9338 
  56   0.0000       1.546172        42.0735 
  57   0.0000       1.547208        42.1017 
  58   0.0000       1.548192        42.1284 
  59   0.0000       1.700961        46.2855 
  60   0.0000       1.703163        46.3454 
  61   0.0000       1.711477        46.5717 
  62   0.0000       1.723476        46.8982 
  63   0.0000       1.725041        46.9408 
  64   0.0000       1.726543        46.9816 
  65   0.0000       1.792128        48.7663 
  66   0.0000       1.795626        48.8615 
  67   0.0000       1.799012        48.9536 
  68   0.0000       2.126460        57.8639 
  69   0.0000       2.372069        64.5473 
  70   0.0000       2.373499        64.5862 
  71   0.0000       2.374896        64.6242 
  72   0.0000       2.502691        68.1017 
  73   0.0000       2.671792        72.7031 
  74   0.0000       2.672427        72.7204 
  75   0.0000       2.799689        76.1834 
  76   0.0000       2.803861        76.2969 
  77   0.0000       2.807942        76.4080 
  78   0.0000       2.868763        78.0630 
  79   0.0000       2.873298        78.1864 
  80   0.0000       2.878140        78.3182 
  81   0.0000       3.017635        82.1140 
  82   0.0000       3.024700        82.3063 
  83   0.0000       3.031138        82.4815 
  84   0.0000       3.037747        82.6613 
  85   0.0000       3.157282        85.9140 
  86   0.0000       3.158953        85.9595 
  87   0.0000       3.160561        86.0032 
  88   0.0000       3.229484        87.8787 
  89   0.0000       3.232070        87.9491 
  90   0.0000       3.316201        90.2384 
  91   0.0000       3.318887        90.3115 
  92   0.0000       3.321455        90.3814 
  93   0.0000       3.460992        94.1784 
  94   0.0000       3.465944        94.3131 
  95   0.0000       3.470800        94.4453 
  96   0.0000       3.508285        95.4653 
  97   0.0000       3.509493        95.4982 
  98   0.0000       3.510637        95.5293 
  99   0.0000       3.511663        95.5572 
 100   0.0000       3.755833       102.2014 
 101   0.0000       3.756708       102.2252 
 102   0.0000       3.757465       102.2458 
 103   0.0000       3.809702       103.6673 
 104   0.0000       3.809952       103.6741 
 105   0.0000       3.890052       105.8537 
 106   0.0000       3.893377       105.9442 
 107   0.0000       3.896867       106.0391 
 108   0.0000       4.011057       109.1464 
 109   0.0000       4.012060       109.1737 
 110   0.0000       4.012824       109.1945 
 111   0.0000       4.083365       111.1140 
 112   0.0000       4.182708       113.8173 
 113   0.0000       4.183010       113.8255 
 114   0.0000       4.183764       113.8460 
 115   0.0000       4.193020       114.0979 
 116   0.0000       4.196942       114.2046 
 117   0.0000       4.200544       114.3026 
 118   0.0000       4.221269       114.8666 
 119   0.0000       4.221512       114.8732 
 120   0.0000       4.525560       123.1467 
 121   0.0000       4.530626       123.2846 
 122   0.0000       4.535894       123.4279 
 123   0.0000       4.550117       123.8150 
 124   0.0000       4.558297       124.0376 
 125   0.0000       4.690433       127.6332 
 126   0.0000       5.706471       155.2810 
 127   0.0000       5.720203       155.6546 
 128   0.0000       5.732364       155.9856 
 129   0.0000       6.083887       165.5510 
 130   0.0000       6.148264       167.3028 
 131   0.0000       6.160921       167.6472 
 132   0.0000       6.175100       168.0330 
 133   0.0000       6.470940       176.0832 
 134   0.0000       6.473464       176.1519 
 135   0.0000       6.476044       176.2221 
 136   0.0000       6.618399       180.0958 
 137   0.0000       6.803412       185.1303 
 138   0.0000       6.806367       185.2107 
 139   0.0000       6.809294       185.2903 
 140   0.0000       6.984720       190.0639 
 141   0.0000       6.987261       190.1330 
 142   0.0000       6.989318       190.1890 
 143   0.0000       7.030168       191.3006 
 144   0.0000       7.039207       191.5466 
 145   0.0000       7.413938       201.7435 
 146   0.0000       7.436733       202.3638 
 147   0.0000       7.573149       206.0759 
 148   0.0000       7.582252       206.3236 
 149   0.0000       7.591149       206.5657 
 150   0.0000       7.766368       211.3336 
 151   0.0000       7.773086       211.5164 
 152   0.0000       7.780644       211.7221 
 153   0.0000       8.120355       220.9661 
 154   0.0000       8.134163       221.3418 
 155   0.0000       8.148566       221.7338 
 156   0.0000       8.345104       227.0818 
 157   0.0000       8.347087       227.1358 
 158   0.0000       8.560777       232.9506 
 159   0.0000       8.564894       233.0626 
 160   0.0000       8.567137       233.1237 
 161   0.0000       8.568850       233.1703 
 162   0.0000       8.573401       233.2941 
 163   0.0000       8.574684       233.3290 
 164   0.0000       8.830863       240.3000 
 165   0.0000       8.876058       241.5298 
 166   0.0000       9.016261       245.3449 
 167   0.0000       9.021714       245.4933 
 168   0.0000       9.026785       245.6313 
 169   0.0000       9.064725       246.6637 
 170   0.0000       9.065104       246.6740 
 171   0.0000       9.065371       246.6813 
 172   0.0000       9.170290       249.5363 
 173   0.0000       9.173405       249.6210 
 174   0.0000       9.176912       249.7165 
 175   0.0000       9.274303       252.3666 
 176   0.0000       9.277759       252.4606 
 177   0.0000       9.281246       252.5555 
 178   0.0000       9.313810       253.4417 
 179   0.0000       9.318291       253.5636 
 180   0.0000       9.354296       254.5433 
 181   0.0000       9.354875       254.5591 
 182   0.0000       9.360194       254.7038 
 183   0.0000       9.367857       254.9123 
 184   0.0000       9.370848       254.9937 
 185   0.0000       9.372476       255.0380 
 186   0.0000       9.374510       255.0934 
 187   0.0000       9.380757       255.2634 
 188   0.0000       9.422714       256.4051 
 189   0.0000       9.509746       258.7733 
 190   0.0000       9.516172       258.9482 
 191   0.0000       9.522450       259.1190 
 192   0.0000       9.574731       260.5417 
 193   0.0000       9.861861       268.3549 
 194   0.0000       9.869940       268.5747 
 195   0.0000       9.877725       268.7866 
 196   0.0000      10.123818       275.4831 
 197   0.0000      10.130373       275.6615 
 198   0.0000      10.135366       275.7973 
 199   0.0000      10.183237       277.1000 
 200   0.0000      10.764879       292.9272 
 201   0.0000      10.770256       293.0736 
 202   0.0000      10.799638       293.8731 
 203   0.0000      10.806400       294.0571 
 204   0.0000      10.819487       294.4132 
 205   0.0000      10.888393       296.2882 
 206   0.0000      10.890850       296.3551 
 207   0.0000      10.894420       296.4522 
 208   0.0000      10.903470       296.6985 
 209   0.0000      10.914751       297.0055 
 210   0.0000      11.379827       309.6608 
 211   0.0000      11.385064       309.8033 
 212   0.0000      11.389685       309.9291 
 213   0.0000      11.601989       315.7062 
 214   0.0000      11.608270       315.8771 
 215   0.0000      11.615736       316.0802 
 216   0.0000      11.856668       322.6363 
 217   0.0000      12.363795       336.4360 
 218   0.0000      12.385713       337.0324 
 219   0.0000      12.409130       337.6696 
 220   0.0000      38.205778      1039.6321 
 221   0.0000      38.410680      1045.2077 
 222   0.0000      38.413769      1045.2918 
 223   0.0000      38.417414      1045.3910 
 224   0.0000     199.061925      5416.7504 
 225   0.0000     199.303333      5423.3194 
 226   0.0000     199.305228      5423.3710 
 227   0.0000     199.307567      5423.4346 

                    ********************************
                    * MULLIKEN POPULATION ANALYSIS *
                    ********************************

-----------------------
MULLIKEN ATOMIC CHARGES
-----------------------
   0 N :   -0.000011
   1 N :   -0.001831
   2 N :    0.001849
   3 N :   -0.000007
Sum of atomic charges:    0.0000000

--------------------------------
MULLIKEN REDUCED ORBITAL CHARGES
--------------------------------
  0 N s       :     3.783070  s :     3.783070
      pz      :     1.033539  p :     3.086528
      px      :     1.028871
      py      :     1.024118
      dz2     :     0.019817  d :     0.111683
      dxz     :     0.024012
      dyz     :     0.023930
      dx2y2   :     0.020072
      dxy     :     0.023852
      f0      :     0.002719  f :     0.017963
      f+1     :     0.002468
      f-1     :     0.002465
      f+2     :     0.002325
      f-2     :     0.002805
      f+3     :     0.002585
      f-3     :     0.002595
      g0      :     0.000053  g :     0.000767
      g+1     :     0.000104
      g-1     :     0.000104
      g+2     :     0.000090
      g-2     :     0.000078
      g+3     :     0.000085
      g-3     :     0.000084
      g+4     :     0.000062
      g-4     :     0.000108
  1 N s       :     3.785482  s :     3.785482
      pz      :     1.034293  p :     3.086806
      px      :     1.029001
      py      :     1.023511
      dz2     :     0.019886  d :     0.110924
      dxz     :     0.023684
      dyz     :     0.023781
      dx2y2   :     0.019711
      dxy     :     0.023863
      f0      :     0.002734  f :     0.017855
      f+1     :     0.002464
      f-1     :     0.002463
      f+2     :     0.002323
      f-2     :     0.002766
      f+3     :     0.002552
      f-3     :     0.002552
      g0      :     0.000054  g :     0.000765
      g+1     :     0.000104
      g-1     :     0.000104
      g+2     :     0.000089
      g-2     :     0.000080
      g+3     :     0.000084
      g-3     :     0.000083
      g+4     :     0.000062
      g-4     :     0.000105
  2 N s       :     3.780586  s :     3.780586
      pz      :     1.034026  p :     3.086252
      px      :     1.028766
      py      :     1.023460
      dz2     :     0.020114  d :     0.112469
      dxz     :     0.024000
      dyz     :     0.024091
      dx2y2   :     0.020066
      dxy     :     0.024198
      f0      :     0.002780  f :     0.018075
      f+1     :     0.002488
      f-1     :     0.002455
      f+2     :     0.002309
      f-2     :     0.002846
      f+3     :     0.002602
      f-3     :     0.002595
      g0      :     0.000053  g :     0.000769
      g+1     :     0.000106
      g-1     :     0.000103
      g+2     :     0.000088
      g-2     :     0.000079
      g+3     :     0.000084
      g-3     :     0.000085
      g+4     :     0.000062
      g-4     :     0.000108
  3 N s       :     3.783056  s :     3.783056
      pz      :     1.034202  p :     3.086532
      px      :     1.028878
      py      :     1.023452
      dz2     :     0.019901  d :     0.111688
      dxz     :     0.023834
      dyz     :     0.023931
      dx2y2   :     0.019986
      dxy     :     0.024037
      f0      :     0.002736  f :     0.017964
      f+1     :     0.002455
      f-1     :     0.002462
      f+2     :     0.002316
      f-2     :     0.002805
      f+3     :     0.002599
      f-3     :     0.002591
      g0      :     0.000053  g :     0.000767
      g+1     :     0.000104
      g-1     :     0.000104
      g+2     :     0.000088
      g-2     :     0.000078
      g+3     :     0.000084
      g-3     :     0.000084
      g+4     :     0.000063
      g-4     :     0.000108


                     *******************************
                     * LOEWDIN POPULATION ANALYSIS *
                     *******************************

----------------------
LOEWDIN ATOMIC CHARGES
----------------------
   0 N :    0.000080
   1 N :    0.002683
   2 N :   -0.002755
   3 N :   -0.000009

-------------------------------
LOEWDIN REDUCED ORBITAL CHARGES
-------------------------------
  0 N s       :     3.201555  s :     3.201555
      pz      :     1.078779  p :     3.224764
      px      :     1.075004
      py      :     1.070982
      dz2     :     0.080456  d :     0.434228
      dxz     :     0.091230
      dyz     :     0.091081
      dx2y2   :     0.080489
      dxy     :     0.090973
      f0      :     0.020654  f :     0.131712
      f+1     :     0.016254
      f-1     :     0.016172
      f+2     :     0.013661
      f-2     :     0.028705
      f+3     :     0.018092
      f-3     :     0.018174
      g0      :     0.000469  g :     0.007661
      g+1     :     0.000966
      g-1     :     0.000946
      g+2     :     0.001039
      g-2     :     0.000846
      g+3     :     0.000917
      g-3     :     0.000895
      g+4     :     0.000629
      g-4     :     0.000955
  1 N s       :     3.204849  s :     3.204849
      pz      :     1.080880  p :     3.224701
      px      :     1.073717
      py      :     1.070104
      dz2     :     0.080031  d :     0.429783
      dxz     :     0.090069
      dyz     :     0.090255
      dx2y2   :     0.079263
      dxy     :     0.090165
      f0      :     0.020736  f :     0.130399
      f+1     :     0.016111
      f-1     :     0.016089
      f+2     :     0.013462
      f-2     :     0.028330
      f+3     :     0.017813
      f-3     :     0.017857
      g0      :     0.000480  g :     0.007585
      g+1     :     0.000942
      g-1     :     0.000945
      g+2     :     0.001015
      g-2     :     0.000873
      g+3     :     0.000895
      g-3     :     0.000878
      g+4     :     0.000621
      g-4     :     0.000936
  2 N s       :     3.198223  s :     3.198223
      pz      :     1.079592  p :     3.224888
      px      :     1.076242
      py      :     1.069054
      dz2     :     0.081470  d :     0.438841
      dxz     :     0.092043
      dyz     :     0.091979
      dx2y2   :     0.081156
      dxy     :     0.092194
      f0      :     0.021146  f :     0.133065
      f+1     :     0.016451
      f-1     :     0.016182
      f+2     :     0.013571
      f-2     :     0.029112
      f+3     :     0.018304
      f-3     :     0.018299
      g0      :     0.000485  g :     0.007737
      g+1     :     0.000980
      g-1     :     0.000950
      g+2     :     0.001034
      g-2     :     0.000874
      g+3     :     0.000894
      g-3     :     0.000911
      g+4     :     0.000639
      g-4     :     0.000971
  3 N s       :     3.201561  s :     3.201561
      pz      :     1.078398  p :     3.224802
      px      :     1.074968
      py      :     1.071436
      dz2     :     0.080413  d :     0.434263
      dxz     :     0.090907
      dyz     :     0.091098
      dx2y2   :     0.080538
      dxy     :     0.091307
      f0      :     0.020791  f :     0.131722
      f+1     :     0.016079
      f-1     :     0.016198
      f+2     :     0.013513
      f-2     :     0.028714
      f+3     :     0.018260
      f-3     :     0.018167
      g0      :     0.000476  g :     0.007661
      g+1     :     0.000959
      g-1     :     0.000946
      g+2     :     0.001024
      g-2     :     0.000855
      g+3     :     0.000899
      g-3     :     0.000895
      g+4     :     0.000637
      g-4     :     0.000971


                      *****************************
                      * MAYER POPULATION ANALYSIS *
                      *****************************

  NA   - Mulliken gross atomic population
  ZA   - Total nuclear charge
  QA   - Mulliken gross atomic charge
  VA   - Mayer's total valence
  BVA  - Mayer's bonded valence
  FA   - Mayer's free valence

  ATOM       NA         ZA         QA         VA         BVA        FA
  0 N      7.0000     7.0000    -0.0000     2.9683     2.9683    -0.0000
  1 N      7.0018     7.0000    -0.0018     2.9665     2.9665    -0.0000
  2 N      6.9982     7.0000     0.0018     2.9701     2.9701     0.0000
  3 N      7.0000     7.0000    -0.0000     2.9683     2.9683     0.0000

  Mayer bond orders larger than 0.1
B(  0-N ,  1-N ) :   0.9876 B(  0-N ,  2-N ) :   0.9913 B(  0-N ,  3-N ) :   0.9894 
B(  1-N ,  2-N ) :   0.9894 B(  1-N ,  3-N ) :   0.9896 B(  2-N ,  3-N ) :   0.9893 


-------
TIMINGS
-------

Total SCF time: 0 days 0 hours 17 min 23 sec 

Total time                  ....    1043.090 sec
Sum of individual times     ....    1044.057 sec  (100.1%)

Fock matrix formation       ....    1040.135 sec  ( 99.7%)
Diagonalization             ....       0.915 sec  (  0.1%)
Density matrix formation    ....       0.583 sec  (  0.1%)
Population analysis         ....       0.153 sec  (  0.0%)
Initial guess               ....       1.195 sec  (  0.1%)
Orbital Transformation      ....       0.000 sec  (  0.0%)
Orbital Orthonormalization  ....       0.000 sec  (  0.0%)
DIIS solution               ....       0.233 sec  (  0.0%)
SOSCF solution              ....       0.593 sec  (  0.1%)
           ************************************************************
           *              Shut down parallel processing               *
           ************************************************************

-------------------------   --------------------
FINAL SINGLE POINT ENERGY      -217.608435950417
-------------------------   --------------------


                            ***************************************
                            *     ORCA property calculations      *
                            ***************************************

                                    ---------------------
                                    Active property flags
                                    ---------------------
   (+) Dipole Moment


------------------------------------------------------------------------------
                       ORCA ELECTRIC PROPERTIES CALCULATION
------------------------------------------------------------------------------

Dipole Moment Calculation                       ... on
Quadrupole Moment Calculation                   ... off
Polarizability Calculation                      ... off
GBWName                                         ... ./N4.gbw
Electron density file                           ... ./N4.scfp.tmp

-------------
DIPOLE MOMENT
-------------
                                X             Y             Z
Electronic contribution:     -0.00004       0.00296      -0.00300
Nuclear contribution   :      0.00000       0.00000       0.00000
                        -----------------------------------------
Total Dipole Moment    :     -0.00004       0.00296      -0.00300
                        -----------------------------------------
Magnitude (a.u.)       :      0.00422
Magnitude (Debye)      :      0.01073


Timings for individual modules:

Sum of individual times         ...     1048.867 sec (=  17.481 min)
GTO integral calculation        ...        3.133 sec (=   0.052 min)   0.3 %
SCF iterations                  ...     1045.733 sec (=  17.429 min)  99.7 %
                             ****ORCA TERMINATED NORMALLY****
TOTAL RUN TIME: 0 days 0 hours 17 minutes 30 seconds 432 msec
