  Input file(s): Mol.orbs.qmc.in-wfnoj.xml 

=====================================================
                    QMCPACK 3.9.9

       (c) Copyright 2003-  QMCPACK developers

                    Please cite:
 J. Kim et al. J. Phys. Cond. Mat. 30 195901 (2018)
      https://doi.org/10.1088/1361-648X/aab9c3

  Git branch: develop
  Last git commit: 857cd194c2f375286bece45e52ef7ac8d9f47764
  Last git commit date: Fri Jun 19 11:41:38 2020 -0400
  Last git commit subject: Merge pull request #2541 from markdewing/add_opt_batch3
=====================================================
  Global options 

  Total number of MPI ranks = 1
  Number of MPI groups      = 1
  MPI group ID              = 0
  Number of ranks in group  = 1
  MPI ranks per node        = 1
  OMP 1st level threads     = 12
  OMP nested threading disabled or only 1 thread on the 2nd level

  Precision used in this calculation, see definitions in the manual:
  Base precision      = double
  Full precision      = double

  Structure-of-arrays (SoA) optimization enabled

  Input XML = Mol.orbs.qmc.in-wfnoj.xml

  Project = Mol.orbs
  date    = 2020-08-12 16:06:22 CDT
  host    = gjohnson-MS-7C02

 Random Number
 -------------
  Offset for the random number seeds based on time: 462

  Range of prime numbers to use as seeds over processors and threads = 3301-3373


 Particle Set 
 ------------
  Name: ion0
  All the species have the same mass 1
  Particle set size: 4

 Particle Set 
 ------------
  Name: e
  All the species have the same mass 1
  Particle set size: 18

 Wavefunction setup: 
 ------------------- 
  Name: psi0
  LCAO: SoaAtomicBasisSet<MultiQuintic,1>
Reading BasisSet from HDF5 file:Mol.orbs.h5
<input node="atomicBasisSet" name="gaussian" expandYlm="Gaussian" angular="spherical" elementType="N" normalized="yes" type="Numerical" expM="0" />
  AO BasisSet for N
   Spherical Harmonics contain (-1)^m factor
   Angular momentum m expanded according to Gaussian
   Grid is created by the input paremters in h5
    Using log grid ri = 1e-06 rf = 100 npts = 1001
   R(n,l,m,s) 0 0 0 0
   R(n,l,m,s) 1 0 0 0
   R(n,l,m,s) 2 0 0 0
   R(n,l,m,s) 3 1 0 0
   R(n,l,m,s) 4 1 0 0
   R(n,l,m,s) 5 2 0 0
Expanding Ylm according to Gaussian98
Adding 1 spherical orbitals for l= 0
Adding 1 spherical orbitals for l= 0
Adding 1 spherical orbitals for l= 0
Adding 3 spherical orbitals for l= 1
Adding 3 spherical orbitals for l= 1
Adding 5 spherical orbitals for l= 2
  Setting cutoff radius 81078.8

   Maximum Angular Momentum  = 2
   Number of Radial functors = 6
   Basis size                = 14

  Created SPOSet builder named 'LCAOBSet' of type molecularorbital
Reuse SPOSetBuilder "LCAOBSet" type MolecularOrbital
  Building SPOSet '' with '' basis set.
Reading cusp info from : ../CuspCorrection/updet.cuspInfo.xml
Could not find precomputed cusp data for spo set: updet
Recalculating data.
  Number of molecular orbitals to compute correction on this rank: 9
   Working on MO: 7 Center: 0
   Working on MO: 6 Center: 0
   Working on MO: 0 Center: 1
   Working on MO: 1 Center: 1
   Working on MO: 8 Center: 0
   Working on MO: 2 Center: 0
   Working on MO: 3 Center: 0
   Working on MO: 5 Center: 0
   Working on MO: 4 Center: 0
   Working on MO: 0 Center: 0
   Working on MO: 1 Center: 0
   Working on MO: 2 Center: 1
   Working on MO: 3 Center: 1
   Working on MO: 4 Center: 1
   Working on MO: 5 Center: 1
   Working on MO: 6 Center: 1
   Working on MO: 7 Center: 1
   Working on MO: 8 Center: 1
   Working on MO: 0 Center: 2
   Working on MO: 1 Center: 2
   Working on MO: 2 Center: 2
   Working on MO: 3 Center: 2
   Working on MO: 4 Center: 2
   Working on MO: 5 Center: 2
   Working on MO: 6 Center: 2
   Working on MO: 7 Center: 2
   Working on MO: 8 Center: 2
   Working on MO: 0 Center: 3
   Working on MO: 1 Center: 3
   Working on MO: 2 Center: 3
   Working on MO: 3 Center: 3
   Working on MO: 4 Center: 3
   Working on MO: 5 Center: 3
   Working on MO: 6 Center: 3
   Working on MO: 7 Center: 3
   Working on MO: 8 Center: 3
Saving resulting cusp Info xml block to: updet.cuspInfo.xml
Reuse SPOSetBuilder "LCAOBSet" type MolecularOrbital
  Building SPOSet '' with '' basis set.
Reading cusp info from : ../CuspCorrection/downdet.cuspInfo.xml
Could not find precomputed cusp data for spo set: downdet
Recalculating data.
  Number of molecular orbitals to compute correction on this rank: 9
   Working on MO: 1 Center: 0
   Working on MO: 0 Center: 0
   Working on MO: 0 Center: 1
   Working on MO: 2 Center: 1
   Working on MO: 2 Center: 0
   Working on MO: 7 Center: 0
   Working on MO: 1 Center: 1
   Working on MO: 3 Center: 0
   Working on MO: 8 Center: 0
   Working on MO: 4 Center: 0
   Working on MO: 6 Center: 0
   Working on MO: 5 Center: 0
   Working on MO: 3 Center: 1
   Working on MO: 4 Center: 1
   Working on MO: 5 Center: 1
   Working on MO: 6 Center: 1
   Working on MO: 7 Center: 1
   Working on MO: 8 Center: 1
   Working on MO: 0 Center: 2
   Working on MO: 1 Center: 2
   Working on MO: 2 Center: 2
   Working on MO: 3 Center: 2
   Working on MO: 4 Center: 2
   Working on MO: 5 Center: 2
   Working on MO: 6 Center: 2
   Working on MO: 7 Center: 2
   Working on MO: 8 Center: 2
   Working on MO: 0 Center: 3
   Working on MO: 1 Center: 3
   Working on MO: 2 Center: 3
   Working on MO: 3 Center: 3
   Working on MO: 4 Center: 3
   Working on MO: 5 Center: 3
   Working on MO: 6 Center: 3
   Working on MO: 7 Center: 3
   Working on MO: 8 Center: 3
Saving resulting cusp Info xml block to: downdet.cuspInfo.xml
  Creating a determinant updet group=0 sposet=updet
  Reusing a SPO set updet
  Setting delay_rank by default!
  Using rank-1 Sherman-Morrison Fahy update
  Using DiracDeterminant with DelayedUpdate engine

  Creating a determinant downdet group=1 sposet=downdet
  Reusing a SPO set downdet
  Setting delay_rank by default!
  Using rank-1 Sherman-Morrison Fahy update
  Using DiracDeterminant with DelayedUpdate engine

  Added a fermionic WaveFunctionComponent SlaterDet
  QMCHamiltonian::addOperator Kinetic to H, physical Hamiltonian 
  QMCHamiltonian::addOperator ElecElec to H, physical Hamiltonian 
QMCHamiltonian::addOperatorType added type coulomb named ElecElec
  QMCHamiltonian::addOperator IonIon to H, physical Hamiltonian 
QMCHamiltonian::addOperatorType added type coulomb named IonIon
  QMCHamiltonian::addOperator IonElec to H, physical Hamiltonian 
QMCHamiltonian::addOperatorType added type coulomb named IonElec

  QMCHamiltonian::add2WalkerProperty added
    4 to P::PropertyList 
    0 to P::Collectables 
    starting Index of the observables in P::PropertyList = 9
ParticleSetPool::randomize 1 ParticleSet.
<init source="ion0" target="e">
</init>
  Initialization Execution time = 2.478 secs
=========================================================
 Summary of QMC systems 
=========================================================
ParticleSetPool has: 

  ParticleSet 'e' contains 18 particles :  u(9) d(9)

    u -6.3851802103e-01  9.3187022509e-01  1.3493074392e+00
    u -1.1568747015e+00  1.7592997904e-01  1.0204780689e-01
    u -2.1204825197e+00  2.6993691331e-01  1.7673259000e+00
    u  2.3299763705e+00 -3.3431208648e-01  2.3266179312e-01
    u  1.1868637057e+00 -1.7957245240e-03  1.3183149330e+00
    u  1.6433595346e+00 -4.7326704917e-01 -4.4348749823e-01
    u -1.2764559783e+00 -8.1860926537e-01 -2.2376577508e+00
    u -4.3639596408e-01 -1.8360996322e+00 -1.0103920929e+00
    u  5.0735924503e-01 -7.1269773644e-01 -1.5564037053e+00
    d -9.7711086236e-01 -6.8618723874e-01  3.5794596297e-01
    (... and 8 more particle positions ...)

  Distance table for dissimilar particles (A-B):
    source: ion0  target: e
    Using structure-of-arrays (SoA) data layout
    Distance computations use open boundary conditions in 3D.

  Distance table for similar particles (A-A):
    source/target: e
    Using structure-of-arrays (SoA) data layout
    Distance computations use open boundary conditions in 3D.


  ParticleSet 'ion0' contains 4 particles :  N(4)

    N -1.2141710420e+00  0.0000000000e+00  1.1929116530e+00
    N  1.3902700099e+00 -8.0233655840e-01  5.8212310500e-01
    N -5.8082264860e-01 -8.0233655840e-01 -1.3773975410e+00
    N  4.0472368070e-01  1.6046731167e+00 -3.9763721700e-01

  Distance table for similar particles (A-A):
    source/target: ion0
    Using structure-of-arrays (SoA) data layout
    Distance computations use open boundary conditions in 3D.


  Hamiltonian h0
  Kinetic         Kinetic energy
  ElecElec        CoulombAB source=e

  IonIon          CoulombAA source/target ion0

  IonElec         CoulombAA source/target ion0



=========================================================
  Start VMC
  File Root Mol.orbs.s000 append = no 
=========================================================
Resetting walkers
  Adding 12 walkers to 0 existing sets
  Total number of walkers: 1.2000000000e+01
  Total weight: 1.2000000000e+01
  Resetting Properties of the walkers 1 x 13

<vmc function="put">
  qmc_counter=0  my_counter=0
  time step      = 1.0000000000e-01
  blocks         = 1000
  steps          = 1
  substeps       = 30
  current        = 0
  target samples = 1.2000000000e+02
  walkers/mpi    = 12

  stepsbetweensamples = 100
  SpinMoves      = no
<parameter name="blocks" condition="int">1000</parameter>
<parameter name="blocks_between_recompute" condition="int">0</parameter>
<parameter name="check_properties" condition="int">100</parameter>
<parameter name="checkproperties" condition="int">100</parameter>
<parameter name="current" condition="int">0</parameter>
<parameter name="dmcwalkersperthread" condition="real">1.0000000000e+01</parameter>
<parameter name="maxcpusecs" condition="real">3.6000000000e+05</parameter>
<parameter name="record_configs" condition="int">0</parameter>
<parameter name="record_walkers" condition="int">100</parameter>
<parameter name="recordconfigs" condition="int">0</parameter>
<parameter name="recordwalkers" condition="int">100</parameter>
<parameter name="rewind" condition="int">0</parameter>
<parameter name="samples" condition="real">1.2000000000e+02</parameter>
<parameter name="samplesperthread" condition="real">1.0000000000e+01</parameter>
<parameter name="spinmass" condition="double">1.0000000000e+00</parameter>
<parameter name="spinmoves" condition="string">no</parameter>
<parameter name="steps" condition="int">1</parameter>
<parameter name="stepsbetweensamples" condition="int">100</parameter>
<parameter name="store_configs" condition="int">0</parameter>
<parameter name="storeconfigs" condition="int">0</parameter>
<parameter name="sub_steps" condition="int">30</parameter>
<parameter name="substeps" condition="int">30</parameter>
<parameter name="tau" condition="au">1.0000000000e-01</parameter>
<parameter name="time_step" condition="au">1.0000000000e-01</parameter>
<parameter name="timestep" condition="au">1.0000000000e-01</parameter>
<parameter name="use_drift" condition="string">no</parameter>
<parameter name="usedrift" condition="string">no</parameter>
<parameter name="walkers" condition="int">12</parameter>
<parameter name="warmup_steps" condition="int">100</parameter>
<parameter name="warmupsteps" condition="int">100</parameter>
  DumpConfig==false Nothing (configurations, state) will be saved.
  Walker Samples are dumped every 100 steps.
</vmc>
  Set drift_modifier UNR parameter a = 1.0000000000e+00
  CloneManager::makeClones makes 12 clones for W/Psi/H.
  Cloning methods for both Psi and H are used
===== Memory Usage before cloning =====
Available memory on node 0, free + buffers : 12771 MB
Memory footprint by rank 0 on node 0       : 35 MB
==================================================
===== Memory Usage after cloning =====
Available memory on node 0, free + buffers : 12771 MB
Memory footprint by rank 0 on node 0       : 35 MB
==================================================
  Initial partition of walkers 0 1 2 3 4 5 6 7 8 9 10 11 12 

  Using Particle by Particle moves
  Walker moves without drift
  Total Sample Size   =120
  Walker distribution on root = 0 1 2 3 4 5 6 7 8 9 10 11 12 
===== Memory Usage after the buffer registration =====
Available memory on node 0, free + buffers : 12771 MB
Memory footprint by rank 0 on node 0       : 35 MB
==================================================
  Anonymous Buffer size per walker : 24128 Bytes.
MEMORY increase 0 MB VMC::resetRun
====================================================
  SimpleFixedNodeBranch::finalize after a VMC block
    QMC counter        = 0
    time step          = 0.1
    reference energy   = -193.999
    reference variance = 81.8217
====================================================
  QMC Execution time = 5.0177e+00 secs
  Total Execution time = 5.0188e+00 secs

=========================================================
  A new xml input file : Mol.orbs.s000.cont.xml
