
                                 *****************
                                 * O   R   C   A *
                                 *****************

           --- An Ab Initio, DFT and Semiempirical electronic structure package ---

                  #######################################################
                  #                        -***-                        #
                  #  Department of molecular theory and spectroscopy    #
                  #              Directorship: Frank Neese              #
                  # Max Planck Institute for Chemical Energy Conversion #
                  #                  D-45470 Muelheim/Ruhr              #
                  #                       Germany                       #
                  #                                                     #
                  #                  All rights reserved                #
                  #                        -***-                        #
                  #######################################################


                         Program Version 3.0.3 - RELEASE   -


 With contributions from (in alphabetic order):
   Ute Becker             : Parallelization
   Dmytro Bykov           : SCF Hessian
   Dmitry Ganyushin       : Spin-Orbit,Spin-Spin,Magnetic field MRCI
   Andreas Hansen         : Spin unrestricted coupled pair/coupled cluster methods
   Dimitrios Liakos       : Extrapolation schemes; parallel MDCI
   Robert Izsak           : Overlap fitted RIJCOSX, COSX-SCS-MP3
   Christian Kollmar      : KDIIS, OOCD, Brueckner-CCSD(T), CCSD density
   Simone Kossmann        : Meta GGA functionals, TD-DFT gradient, OOMP2, MP2 Hessian
   Taras Petrenko         : DFT Hessian,TD-DFT gradient, ASA and ECA modules, normal mode analysis, Resonance Raman, ABS, FL, XAS/XES, NRVS
   Christoph Reimann      : Effective Core Potentials
   Michael Roemelt        : Restricted open shell CIS
   Christoph Riplinger    : Improved optimizer, TS searches, QM/MM, DLPNO-CCSD
   Barbara Sandhoefer     : DKH picture change effects
   Igor Schapiro          : Molecular dynamics
   Kantharuban Sivalingam : CASSCF convergence, NEVPT2
   Boris Wezisla          : Elementary symmetry handling
   Frank Wennmohs         : Technical directorship


 We gratefully acknowledge several colleagues who have allowed us to
 interface, adapt or use parts of their codes:
   Stefan Grimme, W. Hujo, H. Kruse, T. Risthaus : VdW corrections, initial TS optimization,
                                                   DFT functionals, gCP
   Ed Valeev                                     : LibInt (2-el integral package), F12 methods
   Garnet Chan, S. Sharma, R. Olivares           : DMRG
   Ulf Ekstrom                                   : XCFun DFT Library
   Mihaly Kallay                                 : mrcc  (arbitrary order and MRCC methods)
   Andreas Klamt, Michael Diedenhofen            : otool_cosmo (COSMO solvation model)
   Frank Weinhold                                : gennbo (NPA and NBO analysis)
   Christopher J. Cramer and Donald G. Truhlar   : smd solvation model


 Your calculation uses the libint2 library for the computation of 2-el integrals
 For citations please refer to: http://libint.valeyev.net

 This ORCA versions uses:
   CBLAS   interface :  Fast vector & matrix operations
   LAPACKE interface :  Fast linear algebra routines
   SCALAPACK package :  Parallel linear algebra routines


Your calculation utilizes the basis: Ahlrichs-VDZ
Cite in your paper:
H - Kr: A. Schaefer, H. Horn and R. Ahlrichs, J. Chem. Phys. 97, 2571 (1992).

Your calculation utilizes the basis: Ahlrichs SVPalls1+f
Cite in your paper:
Rb - Xe: A. Schaefer, C. Huber and R. Ahlrichs, J. Chem. Phys. 100, 5829 (1994).

================================================================================
                                        WARNINGS
                       Please study these warnings very carefully!
================================================================================
Now building the actual basis set


INFO   : the flag for use of LIBINT has been found!

================================================================================
                                       INPUT FILE
================================================================================
NAME = ./N4.inp
|  1> # ================================================================
|  2> # Orca input file for QMC test
|  3> # ================================================================
|  4> ! RHF def2-SVP VeryTightSCF Bohrs
|  5> ! PAL2
|  6> 
|  7> * xyz 0 1
|  8>  N        1.2141712962       -0.0000000000        1.1929119035
|  9>  N       -1.3902703010        0.8023367264        0.5821232275
| 10>  N        0.5808227702        0.8023367264       -1.3773978299
| 11>  N       -0.4047237654       -1.6046734527       -0.3976373012
| 12> *
| 13> 
| 14>                          ****END OF INPUT****
================================================================================

                       ****************************
                       * Single Point Calculation *
                       ****************************

---------------------------------
CARTESIAN COORDINATES (ANGSTROEM)
---------------------------------
  N      0.642512   -0.000000    0.631262
  N     -0.735699    0.424578    0.308046
  N      0.307358    0.424578   -0.728888
  N     -0.214171   -0.849157   -0.210421

----------------------------
CARTESIAN COORDINATES (A.U.)
----------------------------
  NO LB      ZA    FRAG    MASS        X           Y           Z
   0 N     7.0000    0    14.007          1.214171296200000         -0.000000000000000          1.192911903500000
   1 N     7.0000    0    14.007         -1.390270301000000          0.802336726400000          0.582123227500000
   2 N     7.0000    0    14.007          0.580822770200000          0.802336726400000         -1.377397829900000
   3 N     7.0000    0    14.007         -0.404723765400000         -1.604673452700000         -0.397637301200000

--------------------------------
INTERNAL COORDINATES (ANGSTROEM)
--------------------------------
 N      0   0   0   0.000000     0.000     0.000
 N      1   0   0   1.477904     0.000     0.000
 N      1   2   0   1.463763    59.995     0.000
 N      2   1   3   1.470782    59.843    70.788

---------------------------
INTERNAL COORDINATES (A.U.)
---------------------------
 N      0   0   0   0.000000     0.000     0.000
 N      1   0   0   2.792834     0.000     0.000
 N      1   2   0   2.766110    59.995     0.000
 N      2   1   3   2.779376    59.843    70.788

---------------------
BASIS SET INFORMATION
---------------------
There are 1 groups of distinct atoms

 Group   1 Type N   : 7s4p1d contracted to 3s2p1d pattern {511/31/1}

Atom   0N    basis set group =>   1
Atom   1N    basis set group =>   1
Atom   2N    basis set group =>   1
Atom   3N    basis set group =>   1


           ************************************************************
           *        Program running with 2 parallel MPI-processes     *
           *              working on a common directory               *
           ************************************************************
------------------------------------------------------------------------------
                           ORCA GTO INTEGRAL CALCULATION
------------------------------------------------------------------------------

                         BASIS SET STATISTICS AND STARTUP INFO

 # of primitive gaussian shells          ...   48
 # of primitive gaussian functions       ...   96
 # of contracted shell                   ...   24
 # of contracted basis functions         ...   56
 Highest angular momentum                ...    2
 Maximum contraction depth               ...    5
 Integral package used                   ... LIBINT
 Integral threshhold            Thresh   ...  1.000e-12
 Primitive cut-off              TCut     ...  1.000e-14


                              INTEGRAL EVALUATION

 One electron integrals                  ... done
 Pre-screening matrix                    ... done
 Shell pair data                         ... done (   0.000 sec)

           ************************************************************
           *              Shut down parallel processing               *
           ************************************************************


           ************************************************************
           *        Program running with 2 parallel MPI-processes     *
           *              working on a common directory               *
           ************************************************************
-------------------------------------------------------------------------------
                                 ORCA SCF
-------------------------------------------------------------------------------

------------
SCF SETTINGS
------------
Hamiltonian:
 Ab initio Hamiltonian  Method          .... Hartree-Fock(GTOs)


General Settings:
 Integral files         IntName         .... ./N4
 Hartree-Fock type      HFTyp           .... RHF
 Total Charge           Charge          ....    0
 Multiplicity           Mult            ....    1
 Number of Electrons    NEL             ....   28
 Basis Dimension        Dim             ....   56
 Nuclear Repulsion      ENuc            ....    105.7779183143 Eh

Convergence Acceleration:
 DIIS                   CNVDIIS         .... on
   Start iteration      DIISMaxIt       ....    12
   Startup error        DIISStart       ....  0.200000
   # of expansion vecs  DIISMaxEq       ....     5
   Bias factor          DIISBfac        ....   1.050
   Max. coefficient     DIISMaxC        ....  10.000
 Newton-Raphson         CNVNR           .... off
 SOSCF                  CNVSOSCF        .... on
   Start iteration      SOSCFMaxIt      ....   150
   Startup grad/error   SOSCFStart      ....  0.003300
 Level Shifting         CNVShift        .... on
   Level shift para.    LevelShift      ....    0.2500
   Turn off err/grad.   ShiftErr        ....    0.0010
 Zerner damping         CNVZerner       .... off
 Static damping         CNVDamp         .... on
   Fraction old density DampFac         ....    0.7000
   Max. Damping (<1)    DampMax         ....    0.9800
   Min. Damping (>=0)   DampMin         ....    0.0000
   Turn off err/grad.   DampErr         ....    0.1000
 Fernandez-Rico         CNVRico         .... off

SCF Procedure:
 Maximum # iterations   MaxIter         ....   125
 SCF integral mode      SCFMode         .... Direct
   Integral package                     .... LIBINT
 Reset frequeny         DirectResetFreq ....    20
 Integral Threshold     Thresh          ....  1.000e-12 Eh
 Primitive CutOff       TCut            ....  1.000e-14 Eh

Convergence Tolerance:
 Convergence Check Mode ConvCheckMode   .... Total+1el-Energy
 Energy Change          TolE            ....  1.000e-09 Eh
 1-El. energy change                    ....  1.000e-06 Eh
 Orbital Gradient       TolG            ....  2.000e-06
 Orbital Rotation angle TolX            ....  2.000e-06
 DIIS Error             TolErr          ....  1.000e-08


Diagonalization of the overlap matrix:
Smallest eigenvalue                        ... 7.343e-03
Time for diagonalization                   ...    0.125 sec
Threshold for overlap eigenvalues          ... 1.000e-08
Number of eigenvalues below threshold      ... 0
Time for construction of square roots      ...    0.007 sec
Total time needed                          ...    0.132 sec

-------------------
DFT GRID GENERATION
-------------------

General Integration Accuracy     IntAcc      ...  4.340
Radial Grid Type                 RadialGrid  ... Gauss-Chebyshev
Angular Grid (max. acc.)         AngularGrid ... Lebedev-110
Angular grid pruning method      GridPruning ... 3 (G Style)
Weight generation scheme         WeightScheme... Becke
Basis function cutoff            BFCut       ...    1.0000e-12
Integration weight cutoff        WCut        ...    1.0000e-14
Grids for H and He will be reduced by one unit

# of grid points (after initial pruning)     ...   6808 (   0.0 sec)
# of grid points (after weights+screening)   ...   6692 (   0.2 sec)
nearest neighbour list constructed           ...    0.0 sec
Grid point re-assignment to atoms done       ...    0.0 sec
Grid point division into batches done        ...    0.0 sec
Reduced shell lists constructed in    0.1 sec

Total number of grid points                  ...     6692
Total number of batches                      ...      108
Average number of points per batch           ...       61
Average number of grid points per atom       ...     1673
Average number of shells per batch           ...    20.35 (84.77%)
Average number of basis functions per batch  ...    49.33 (88.08%)
Average number of large shells per batch     ...    18.78 (92.31%)
Average number of large basis fcns per batch ...    46.09 (93.44%)
Maximum spatial batch extension              ...  17.31, 18.36, 17.32 au
Average spatial batch extension              ...   2.19,  2.37,  2.16 au

Time for grid setup =    0.488 sec

------------------------------
INITIAL GUESS: MODEL POTENTIAL
------------------------------
Loading Hartree-Fock densities                     ... done
Calculating cut-offs                               ... done
Setting up the integral package                    ... done
Initializing the effective Hamiltonian             ... done
Starting the Coulomb interaction                   ... done (   0.0 sec)
Reading the grid                                   ... done
Mapping shells                                     ... done
Starting the XC term evaluation                    ... done (   0.1 sec)
Transforming the Hamiltonian                       ... done (   0.0 sec)
Diagonalizing the Hamiltonian                      ... done (   0.0 sec)
Back transforming the eigenvectors                 ... done (   0.0 sec)
Now organizing SCF variables                       ... done
                      ------------------
                      INITIAL GUESS DONE (   1.1 sec)
                      ------------------
--------------
SCF ITERATIONS
--------------
ITER       Energy         Delta-E        Max-DP      RMS-DP      [F,P]     Damp
               ***  Starting incremental Fock matrix formation  ***
  0   -217.2717952295   0.000000000000 0.01244141  0.00152405  0.0851168 0.7000
  1   -217.2837872877  -0.011992058230 0.01124788  0.00130897  0.0610251 0.7000
                               ***Turning on DIIS***
  2   -217.2924368738  -0.008649586091 0.02973703  0.00341814  0.0426473 0.0000
  3   -217.3138010103  -0.021364136460 0.01563897  0.00103077  0.0056025 0.0000
                      *** Initiating the SOSCF procedure ***
                           *** Shutting down DIIS ***
                      *** Re-Reading the Fockian *** 
                      *** Removing any level shift *** 
ITER      Energy       Delta-E        Grad      Rot      Max-DP    RMS-DP
  4   -217.31841501  -0.0046140027  0.002488  0.002488  0.005980  0.000434
               *** Restarting incremental Fock matrix formation ***
  5   -217.31398996   0.0044250577  0.000895  0.001035  0.001489  0.000157
  6   -217.31400380  -0.0000138460  0.000465  0.001053  0.001065  0.000121
  7   -217.31400775  -0.0000039532  0.000087  0.000071  0.000438  0.000018
  8   -217.31400783  -0.0000000792  0.000042  0.000031  0.000146  0.000007
  9   -217.31400787  -0.0000000386  0.000012  0.000008  0.000009  0.000001
 10   -217.31400787  -0.0000000010  0.000003  0.000002  0.000008  0.000000
                  ***Gradient check signals convergence***
              ***Rediagonalizing the Fockian in SOSCF/NRSCF***

               *****************************************************
               *                     SUCCESS                       *
               *           SCF CONVERGED AFTER  11 CYCLES          *
               *****************************************************


----------------
TOTAL SCF ENERGY
----------------

Total Energy       :         -217.31400787 Eh           -5913.41479 eV

Components:
Nuclear Repulsion  :          105.77791831 Eh            2878.36349 eV
Electronic Energy  :         -323.09192619 Eh           -8791.77828 eV

One Electron Energy:         -503.53730282 Eh          -13701.94660 eV
Two Electron Energy:          180.44537663 Eh            4910.16833 eV

Virial components:
Potential Energy   :         -433.94740349 Eh          -11808.30917 eV
Kinetic Energy     :          216.63339562 Eh            5894.89439 eV
Virial Ratio       :            2.00314177


---------------
SCF CONVERGENCE
---------------

  Last Energy change         ...   -1.0715e-10  Tolerance :   1.0000e-09
  Last MAX-Density change    ...    1.2132e-06  Tolerance :   1.0000e-08
  Last RMS-Density change    ...    6.8946e-08  Tolerance :   1.0000e-09
  Last Orbital Gradient      ...    3.6750e-07  Tolerance :   2.0000e-06
  Last Orbital Rotation      ...    3.9009e-07  Tolerance :   2.0000e-06

             **** THE GBW FILE WAS UPDATED (./N4.gbw) ****
             **** DENSITY FILE WAS UPDATED (./N4.scfp.tmp) ****
             **** ENERGY FILE WAS UPDATED (./N4.en.tmp) ****
----------------
ORBITAL ENERGIES
----------------

  NO   OCC          E(Eh)            E(eV) 
   0   2.0000     -15.752733      -428.6537 
   1   2.0000     -15.752071      -428.6356 
   2   2.0000     -15.752046      -428.6350 
   3   2.0000     -15.752027      -428.6344 
   4   2.0000      -1.667804       -45.3833 
   5   2.0000      -1.045908       -28.4606 
   6   2.0000      -1.042469       -28.3670 
   7   2.0000      -1.039081       -28.2748 
   8   2.0000      -0.694095       -18.8873 
   9   2.0000      -0.578091       -15.7306 
  10   2.0000      -0.576976       -15.7003 
  11   2.0000      -0.575796       -15.6682 
  12   2.0000      -0.549742       -14.9592 
  13   2.0000      -0.544431       -14.8147 
  14   0.0000       0.184002         5.0070 
  15   0.0000       0.186040         5.0624 
  16   0.0000       0.187874         5.1123 
  17   0.0000       0.282567         7.6890 
  18   0.0000       0.285925         7.7804 
  19   0.0000       0.289513         7.8781 
  20   0.0000       0.740944        20.1621 
  21   0.0000       0.870529        23.6883 
  22   0.0000       0.871657        23.7190 
  23   0.0000       0.872794        23.7499 
  24   0.0000       0.924376        25.1536 
  25   0.0000       0.924770        25.1643 
  26   0.0000       0.925149        25.1746 
  27   0.0000       0.928577        25.2679 
  28   0.0000       0.930664        25.3247 
  29   0.0000       1.071237        29.1498 
  30   0.0000       1.071517        29.1575 
  31   0.0000       1.071813        29.1655 
  32   0.0000       1.106030        30.0966 
  33   0.0000       1.234093        33.5814 
  34   0.0000       1.237098        33.6631 
  35   0.0000       1.240077        33.7442 
  36   0.0000       1.888308        51.3835 
  37   0.0000       1.890700        51.4486 
  38   0.0000       1.892965        51.5102 
  39   0.0000       2.125558        57.8394 
  40   0.0000       2.129407        57.9441 
  41   0.0000       2.383763        64.8655 
  42   0.0000       2.549405        69.3728 
  43   0.0000       2.552698        69.4624 
  44   0.0000       2.555924        69.5502 
  45   0.0000       2.651370        72.1475 
  46   0.0000       2.657472        72.3135 
  47   0.0000       2.662997        72.4638 
  48   0.0000       2.900517        78.9271 
  49   0.0000       2.910263        79.1923 
  50   0.0000       3.340405        90.8971 
  51   0.0000       3.343416        90.9790 
  52   0.0000       3.346337        91.0585 
  53   0.0000       3.545503        96.4780 
  54   0.0000       3.551708        96.6469 
  55   0.0000       3.557709        96.8102 

                    ********************************
                    * MULLIKEN POPULATION ANALYSIS *
                    ********************************

-----------------------
MULLIKEN ATOMIC CHARGES
-----------------------
   0 N :    0.000007
   1 N :   -0.001017
   2 N :    0.001035
   3 N :   -0.000025
Sum of atomic charges:   -0.0000000

--------------------------------
MULLIKEN REDUCED ORBITAL CHARGES
--------------------------------
  0 N s       :     3.893010  s :     3.893010
      pz      :     1.027498  p :     3.038675
      px      :     1.022399
      py      :     0.988777
      dz2     :     0.017753  d :     0.068308
      dxz     :     0.012514
      dyz     :     0.013420
      dx2y2   :     0.011243
      dxy     :     0.013378
  1 N s       :     3.894494  s :     3.894494
      pz      :     1.003464  p :     3.038771
      px      :     1.030668
      py      :     1.004640
      dz2     :     0.010144  d :     0.067752
      dxz     :     0.017288
      dyz     :     0.009178
      dx2y2   :     0.018673
      dxy     :     0.012469
  2 N s       :     3.891485  s :     3.891485
      pz      :     1.042531  p :     3.038598
      px      :     0.991053
      py      :     1.005015
      dz2     :     0.017570  d :     0.068882
      dxz     :     0.017684
      dyz     :     0.012693
      dx2y2   :     0.011616
      dxy     :     0.009320
  3 N s       :     3.893019  s :     3.893019
      pz      :     0.998464  p :     3.038694
      px      :     0.987056
      py      :     1.053174
      dz2     :     0.007968  d :     0.068311
      dxz     :     0.009603
      dyz     :     0.018577
      dx2y2   :     0.013434
      dxy     :     0.018729


                     *******************************
                     * LOEWDIN POPULATION ANALYSIS *
                     *******************************

----------------------
LOEWDIN ATOMIC CHARGES
----------------------
   0 N :    0.000025
   1 N :   -0.000736
   2 N :    0.000728
   3 N :   -0.000018

-------------------------------
LOEWDIN REDUCED ORBITAL CHARGES
-------------------------------
  0 N s       :     3.516827  s :     3.516827
      pz      :     1.159168  p :     3.377035
      px      :     1.149362
      py      :     1.068504
      dz2     :     0.027194  d :     0.106112
      dxz     :     0.019491
      dyz     :     0.020946
      dx2y2   :     0.017666
      dxy     :     0.020815
  1 N s       :     3.519923  s :     3.519923
      pz      :     1.094592  p :     3.375720
      px      :     1.174300
      py      :     1.106828
      dz2     :     0.015716  d :     0.105093
      dxz     :     0.027220
      dyz     :     0.014509
      dx2y2   :     0.028793
      dxy     :     0.018856
  2 N s       :     3.513694  s :     3.513694
      pz      :     1.189486  p :     3.378418
      px      :     1.082539
      py      :     1.106393
      dz2     :     0.026673  d :     0.107160
      dxz     :     0.027859
      dyz     :     0.019306
      dx2y2   :     0.018557
      dxy     :     0.014765
  3 N s       :     3.516838  s :     3.516838
      pz      :     1.083159  p :     3.377065
      px      :     1.072850
      py      :     1.221056
      dz2     :     0.012493  d :     0.106114
      dxz     :     0.016171
      dyz     :     0.028272
      dx2y2   :     0.020541
      dxy     :     0.028638


                      *****************************
                      * MAYER POPULATION ANALYSIS *
                      *****************************

  NA   - Mulliken gross atomic population
  ZA   - Total nuclear charge
  QA   - Mulliken gross atomic charge
  VA   - Mayer's total valence
  BVA  - Mayer's bonded valence
  FA   - Mayer's free valence

  ATOM       NA         ZA         QA         VA         BVA        FA
  0 N      7.0000     7.0000     0.0000     2.7037     2.7037    -0.0000
  1 N      7.0010     7.0000    -0.0010     2.7055     2.7055    -0.0000
  2 N      6.9990     7.0000     0.0010     2.7017     2.7017     0.0000
  3 N      7.0000     7.0000    -0.0000     2.7036     2.7036     0.0000

  Mayer bond orders larger than 0.1
B(  0-N ,  1-N ) :   0.9036 B(  0-N ,  2-N ) :   0.8988 B(  0-N ,  3-N ) :   0.9012 
B(  1-N ,  2-N ) :   0.9012 B(  1-N ,  3-N ) :   0.9007 B(  2-N ,  3-N ) :   0.9017 


-------
TIMINGS
-------

Total SCF time: 0 days 0 hours 0 min 10 sec 

Total time                  ....      10.986 sec
Sum of individual times     ....      11.889 sec  (108.2%)

Fock matrix formation       ....       8.945 sec  ( 81.4%)
Diagonalization             ....       0.177 sec  (  1.6%)
Density matrix formation    ....       0.944 sec  (  8.6%)
Population analysis         ....       0.046 sec  (  0.4%)
Initial guess               ....       1.064 sec  (  9.7%)
Orbital Transformation      ....       0.000 sec  (  0.0%)
Orbital Orthonormalization  ....       0.000 sec  (  0.0%)
DIIS solution               ....       0.035 sec  (  0.3%)
SOSCF solution              ....       0.189 sec  (  1.7%)
           ************************************************************
           *              Shut down parallel processing               *
           ************************************************************

-------------------------   --------------------
FINAL SINGLE POINT ENERGY      -217.314007873350
-------------------------   --------------------


                            ***************************************
                            *     ORCA property calculations      *
                            ***************************************

                                    ---------------------
                                    Active property flags
                                    ---------------------
   (+) Dipole Moment


------------------------------------------------------------------------------
                       ORCA ELECTRIC PROPERTIES CALCULATION
------------------------------------------------------------------------------

Dipole Moment Calculation                       ... on
Quadrupole Moment Calculation                   ... off
Polarizability Calculation                      ... off
GBWName                                         ... ./N4.gbw
Electron density file                           ... ./N4.scfp.tmp

-------------
DIPOLE MOMENT
-------------
                                X             Y             Z
Electronic contribution:      0.00326       0.00003      -0.00332
Nuclear contribution   :     -0.00000       0.00000       0.00000
                        -----------------------------------------
Total Dipole Moment    :      0.00326       0.00003      -0.00332
                        -----------------------------------------
Magnitude (a.u.)       :      0.00465
Magnitude (Debye)      :      0.01182


Timings for individual modules:

Sum of individual times         ...       18.035 sec (=   0.301 min)
GTO integral calculation        ...        3.048 sec (=   0.051 min)  16.9 %
SCF iterations                  ...       14.988 sec (=   0.250 min)  83.1 %
                             ****ORCA TERMINATED NORMALLY****
TOTAL RUN TIME: 0 days 0 hours 0 minutes 19 seconds 698 msec
