  Input file(s): Mol.orbs.qmc.in-wfnoj.xml 

=====================================================
                    QMCPACK 3.9.9

       (c) Copyright 2003-  QMCPACK developers

                    Please cite:
 J. Kim et al. J. Phys. Cond. Mat. 30 195901 (2018)
      https://doi.org/10.1088/1361-648X/aab9c3

  Git branch: develop
  Last git commit: b7ff8ffdaf2b666c075caa39b1c484079ae9452b-dirty
  Last git commit date: Mon Apr 13 11:55:01 2020 -0500
  Last git commit subject: Merge pull request #2379 from jtkrogel/nx_opterr_msg
=====================================================
  Global options 

  Total number of MPI ranks = 1
  Number of MPI groups      = 1
  MPI group ID              = 0
  Number of ranks in group  = 1
  MPI ranks per node        = 1
  OMP 1st level threads     = 8
  OMP nested threading disabled or only 1 thread on the 2nd level

  Precision used in this calculation, see definitions in the manual:
  Base precision      = double
  Full precision      = double

  Structure-of-arrays (SoA) optimization enabled

  Input XML = Mol.orbs.qmc.in-wfnoj.xml

  Project = Mol.orbs
  date    = 2020-08-25 23:08:34 CDT
  host    = abenali

 Random Number
 -------------
  Offset for the random number seeds based on time: 66

  Range of prime numbers to use as seeds over processors and threads = 337-383


 Particle Set 
 ------------
  Name: ion0
  All the species have the same mass 1
  Particle set size: 4

 Particle Set 
 ------------
  Name: e
  All the species have the same mass 1
  Particle set size: 27

 Wavefunction setup: 
 ------------------- 
  Name: psi0
  LCAO: SoaAtomicBasisSet<MultiQuintic,1>
Reading BasisSet from HDF5 file:Mol.orbs.h5
<input node="atomicBasisSet" name="gaussian" expandYlm="Gaussian" angular="spherical" elementType="N" normalized="yes" type="Numerical" expM="0" />
  AO BasisSet for N
   Spherical Harmonics contain (-1)^m factor
   Angular momentum m expanded according to Gaussian
   Grid is created by the input paremters in h5
    Using log grid ri = 1e-06 rf = 100 npts = 1001
   R(n,l,m,s) 0 0 0 0
   R(n,l,m,s) 1 0 0 0
   R(n,l,m,s) 2 0 0 0
   R(n,l,m,s) 3 1 0 0
   R(n,l,m,s) 4 1 0 0
   R(n,l,m,s) 5 2 0 0
Expanding Ylm according to Gaussian98
Adding 1 spherical orbitals for l= 0
Adding 1 spherical orbitals for l= 0
Adding 1 spherical orbitals for l= 0
Adding 3 spherical orbitals for l= 1
Adding 3 spherical orbitals for l= 1
Adding 5 spherical orbitals for l= 2
  Setting cutoff radius 81078.8

   Maximum Angular Momentum  = 2
   Number of Radial functors = 6
   Basis size                = 14

  Created SPOSet builder named 'LCAOBSet' of type molecularorbital
Reuse SPOSetBuilder "LCAOBSet" type MolecularOrbital
  Building SPOSet '' with '' basis set.
Reading cusp info from : updet.cuspInfo.xml
Could not find precomputed cusp data for spo set: updet
Recalculating data.
  Number of molecular orbitals to compute correction on this rank: 14
   Working on MO: 0 Center: 0
   Working on MO: 1 Center: 0
   Working on MO: 2 Center: 0
   Working on MO: 3 Center: 0
   Working on MO: 4 Center: 0
   Working on MO: 5 Center: 0
   Working on MO: 6 Center: 0
   Working on MO: 7 Center: 0
   Working on MO: 8 Center: 0
   Working on MO: 9 Center: 0
   Working on MO: 10 Center: 0
   Working on MO: 11 Center: 0
   Working on MO: 12 Center: 0
   Working on MO: 13 Center: 0
   Working on MO: 0 Center: 1
   Working on MO: 1 Center: 1
   Working on MO: 2 Center: 1
   Working on MO: 3 Center: 1
   Working on MO: 4 Center: 1
   Working on MO: 5 Center: 1
   Working on MO: 6 Center: 1
   Working on MO: 7 Center: 1
   Working on MO: 8 Center: 1
   Working on MO: 9 Center: 1
   Working on MO: 10 Center: 1
   Working on MO: 11 Center: 1
   Working on MO: 12 Center: 1
   Working on MO: 13 Center: 1
   Working on MO: 0 Center: 2
   Working on MO: 1 Center: 2
   Working on MO: 2 Center: 2
   Working on MO: 3 Center: 2
   Working on MO: 4 Center: 2
   Working on MO: 5 Center: 2
   Working on MO: 6 Center: 2
   Working on MO: 7 Center: 2
   Working on MO: 8 Center: 2
   Working on MO: 9 Center: 2
   Working on MO: 10 Center: 2
   Working on MO: 11 Center: 2
   Working on MO: 12 Center: 2
   Working on MO: 13 Center: 2
   Working on MO: 0 Center: 3
   Working on MO: 1 Center: 3
   Working on MO: 2 Center: 3
   Working on MO: 3 Center: 3
   Working on MO: 4 Center: 3
   Working on MO: 5 Center: 3
   Working on MO: 6 Center: 3
   Working on MO: 7 Center: 3
   Working on MO: 8 Center: 3
   Working on MO: 9 Center: 3
   Working on MO: 10 Center: 3
   Working on MO: 11 Center: 3
   Working on MO: 12 Center: 3
   Working on MO: 13 Center: 3
Saving resulting cusp Info xml block to: updet.cuspInfo.xml
Reuse SPOSetBuilder "LCAOBSet" type MolecularOrbital
  Building SPOSet '' with '' basis set.
Reading cusp info from : downdet.cuspInfo.xml
Could not find precomputed cusp data for spo set: downdet
Recalculating data.
  Number of molecular orbitals to compute correction on this rank: 13
   Working on MO: 1 Center: 0
   Working on MO: 0 Center: 0
   Working on MO: 7 Center: 0
   Working on MO: 3 Center: 0
   Working on MO: 4 Center: 0
   Working on MO: 2 Center: 0
   Working on MO: 6 Center: 0
   Working on MO: 5 Center: 0
   Working on MO: 8 Center: 0
   Working on MO: 9 Center: 0
   Working on MO: 10 Center: 0
   Working on MO: 11 Center: 0
   Working on MO: 12 Center: 0
   Working on MO: 0 Center: 1
   Working on MO: 1 Center: 1
   Working on MO: 2 Center: 1
   Working on MO: 3 Center: 1
   Working on MO: 4 Center: 1
   Working on MO: 5 Center: 1
   Working on MO: 6 Center: 1
   Working on MO: 7 Center: 1
   Working on MO: 8 Center: 1
   Working on MO: 9 Center: 1
   Working on MO: 10 Center: 1
   Working on MO: 11 Center: 1
   Working on MO: 12 Center: 1
   Working on MO: 0 Center: 2
   Working on MO: 1 Center: 2
   Working on MO: 2 Center: 2
   Working on MO: 3 Center: 2
   Working on MO: 4 Center: 2
   Working on MO: 5 Center: 2
   Working on MO: 6 Center: 2
   Working on MO: 7 Center: 2
   Working on MO: 8 Center: 2
   Working on MO: 9 Center: 2
   Working on MO: 10 Center: 2
   Working on MO: 11 Center: 2
   Working on MO: 12 Center: 2
   Working on MO: 0 Center: 3
   Working on MO: 1 Center: 3
   Working on MO: 2 Center: 3
   Working on MO: 3 Center: 3
   Working on MO: 4 Center: 3
   Working on MO: 5 Center: 3
   Working on MO: 6 Center: 3
   Working on MO: 7 Center: 3
   Working on MO: 8 Center: 3
   Working on MO: 9 Center: 3
   Working on MO: 10 Center: 3
   Working on MO: 11 Center: 3
   Working on MO: 12 Center: 3
Saving resulting cusp Info xml block to: downdet.cuspInfo.xml
  Creating a determinant updet group=0 sposet=updet
  Reusing a SPO set updet
  Using DiracDeterminant with DelayedUpdate engine
  Setting delay_rank by default!
  Using rank-1 Sherman-Morrison Fahy update

  Creating a determinant downdet group=1 sposet=downdet
  Reusing a SPO set downdet
  Using DiracDeterminant with DelayedUpdate engine
  Setting delay_rank by default!
  Using rank-1 Sherman-Morrison Fahy update

  Added a fermionic WaveFunctionComponent SlaterDet
  QMCHamiltonian::addOperator Kinetic to H, physical Hamiltonian 
  QMCHamiltonian::addOperator ElecElec to H, physical Hamiltonian 
QMCHamiltonian::addOperatorType added type coulomb named ElecElec
  QMCHamiltonian::addOperator IonIon to H, physical Hamiltonian 
QMCHamiltonian::addOperatorType added type coulomb named IonIon
  QMCHamiltonian::addOperator IonElec to H, physical Hamiltonian 
QMCHamiltonian::addOperatorType added type coulomb named IonElec

  QMCHamiltonian::add2WalkerProperty added
    4 to P::PropertyList 
    0 to P::Collectables 
    starting Index of the observables in P::PropertyList = 9
ParticleSetPool::randomize 1 ParticleSet.
<init source="ion0" target="e">
</init>
  Initialization Execution time = 18.94 secs
=========================================================
 Summary of QMC systems 
=========================================================
ParticleSetPool has: 

  ParticleSet 'e' contains 27 particles :  u(14) d(13)

    u  4.9348111930e-01  1.0852800973e-01  2.0254057549e+00
    u  2.2693378938e+00  3.1552616101e-01  1.0866793018e+00
    u  1.3985884881e+00  1.0410359877e+00  8.6664047629e-01
    u -3.6943224631e-01  6.1496757816e-01  9.6553050567e-01
    u -3.3802471613e-01  1.1109180469e+00  7.2968836679e-01
    u -1.4805474567e+00  1.0553944348e+00 -4.9120361178e-01
    u -6.2326766920e-02  1.2650400193e+00 -2.1497209541e+00
    u -1.2586163657e-01  4.4908688213e-01 -6.0278155760e-01
    u  1.1305344790e+00  1.1849860215e+00 -4.9670763083e-01
    u -8.3269691105e-01 -2.0115668102e+00 -1.3333164421e+00
    (... and 17 more particle positions ...)

  Distance table for dissimilar particles (A-B):
    source: ion0  target: e
    Using structure-of-arrays (SoA) data layout
    Distance computations use open boundary conditions in 3D.

  Distance table for similar particles (A-A):
    source/target: e
    Using structure-of-arrays (SoA) data layout
    Distance computations use open boundary conditions in 3D.


  ParticleSet 'ion0' contains 4 particles :  N(4)

    N  1.2141712962e+00 -0.0000000000e+00  1.1929119035e+00
    N -1.3902703010e+00  8.0233672640e-01  5.8212322750e-01
    N  5.8082277020e-01  8.0233672640e-01 -1.3773978299e+00
    N -4.0472376540e-01 -1.6046734527e+00 -3.9763730120e-01

  Distance table for similar particles (A-A):
    source/target: ion0
    Using structure-of-arrays (SoA) data layout
    Distance computations use open boundary conditions in 3D.


  Hamiltonian h0
  Kinetic         Kinetic energy
  ElecElec        CoulombAB source=e

  IonIon          CoulombAA source/target ion0

  IonElec         CoulombAA source/target ion0



=========================================================
  Start VMC
  File Root Mol.orbs.s000 append = no 
=========================================================
Resetting walkers
  Adding 8 walkers to 0 existing sets
  Total number of walkers: 8.0000000000e+00
  Total weight: 8.0000000000e+00
  Resetting Properties of the walkers 1 x 13

<vmc function="put">
  qmc_counter=0  my_counter=0
  time step      = 1.0000000000e-03
  blocks         = 2000
  steps          = 100
  substeps       = 40
  current        = 0
  target samples = 0.0000000000e+00
  walkers/mpi    = 8

  stepsbetweensamples = 200100
  SpinMoves      = no
<parameter name="blocks" condition="int">2000</parameter>
<parameter name="blocks_between_recompute" condition="int">0</parameter>
<parameter name="check_properties" condition="int">100</parameter>
<parameter name="checkproperties" condition="int">100</parameter>
<parameter name="current" condition="int">0</parameter>
<parameter name="dmcwalkersperthread" condition="real">0.0000000000e+00</parameter>
<parameter name="maxcpusecs" condition="real">3.6000000000e+05</parameter>
<parameter name="record_configs" condition="int">0</parameter>
<parameter name="record_walkers" condition="int">200100</parameter>
<parameter name="recordconfigs" condition="int">0</parameter>
<parameter name="recordwalkers" condition="int">200100</parameter>
<parameter name="rewind" condition="int">0</parameter>
<parameter name="samples" condition="real">0.0000000000e+00</parameter>
<parameter name="samplesperthread" condition="real">0.0000000000e+00</parameter>
<parameter name="spinmass" condition="double">1.0000000000e+00</parameter>
<parameter name="spinmoves" condition="string">no</parameter>
<parameter name="steps" condition="int">100</parameter>
<parameter name="stepsbetweensamples" condition="int">200100</parameter>
<parameter name="store_configs" condition="int">0</parameter>
<parameter name="storeconfigs" condition="int">0</parameter>
<parameter name="sub_steps" condition="int">40</parameter>
<parameter name="substeps" condition="int">40</parameter>
<parameter name="tau" condition="au">1.0000000000e-03</parameter>
<parameter name="time_step" condition="au">1.0000000000e-03</parameter>
<parameter name="timestep" condition="au">1.0000000000e-03</parameter>
<parameter name="use_drift" condition="string">no</parameter>
<parameter name="usedrift" condition="string">no</parameter>
<parameter name="walkers" condition="int">8</parameter>
<parameter name="warmup_steps" condition="int">100</parameter>
<parameter name="warmupsteps" condition="int">100</parameter>
  DumpConfig==false Nothing (configurations, state) will be saved.
  Walker Samples are dumped every 200100 steps.
</vmc>
  Set drift_modifier UNR parameter a = 1.0000000000e+00
  CloneManager::makeClones makes 8 clones for W/Psi/H.
  Cloning methods for both Psi and H are used
===== Memory Usage before cloning =====
Available memory on node 0, free + buffers : 15192 MB
Memory footprint by rank 0 on node 0       : 88 MB
==================================================
===== Memory Usage after cloning =====
Available memory on node 0, free + buffers : 15192 MB
Memory footprint by rank 0 on node 0       : 88 MB
==================================================
  Initial partition of walkers 0 1 2 3 4 5 6 7 8 

  Using Particle by Particle moves
  Walker moves without drift
  Total Sample Size   =0
  Walker distribution on root = 0 1 2 3 4 5 6 7 8 
===== Memory Usage after the buffer registration =====
Available memory on node 0, free + buffers : 15192 MB
Memory footprint by rank 0 on node 0       : 89 MB
==================================================
  Anonymous Buffer size per walker : 18368 Bytes.
MEMORY increase 0 MB VMC::resetRun
